Component: ARM Compiler 5.06 update 6 (build 750) Tool: armlink [4d35ed]

==============================================================================

Section Cross References

    startup_stm32f103xb.o(STACK) refers (Special) to heapauxi.o(.text) for __use_two_region_memory
    startup_stm32f103xb.o(HEAP) refers (Special) to heapauxi.o(.text) for __use_two_region_memory
    startup_stm32f103xb.o(RESET) refers (Special) to heapauxi.o(.text) for __use_two_region_memory
    startup_stm32f103xb.o(RESET) refers to startup_stm32f103xb.o(STACK) for __initial_sp
    startup_stm32f103xb.o(RESET) refers to startup_stm32f103xb.o(.text) for Reset_Handler
    startup_stm32f103xb.o(RESET) refers to stm32f1xx_it.o(i.NMI_Handler) for NMI_Handler
    startup_stm32f103xb.o(RESET) refers to stm32f1xx_it.o(i.HardFault_Handler) for HardFault_Handler
    startup_stm32f103xb.o(RESET) refers to stm32f1xx_it.o(i.MemManage_Handler) for MemManage_Handler
    startup_stm32f103xb.o(RESET) refers to stm32f1xx_it.o(i.BusFault_Handler) for BusFault_Handler
    startup_stm32f103xb.o(RESET) refers to stm32f1xx_it.o(i.UsageFault_Handler) for UsageFault_Handler
    startup_stm32f103xb.o(RESET) refers to stm32f1xx_it.o(i.SVC_Handler) for SVC_Handler
    startup_stm32f103xb.o(RESET) refers to stm32f1xx_it.o(i.DebugMon_Handler) for DebugMon_Handler
    startup_stm32f103xb.o(RESET) refers to stm32f1xx_it.o(i.PendSV_Handler) for PendSV_Handler
    startup_stm32f103xb.o(RESET) refers to stm32f1xx_it.o(i.SysTick_Handler) for SysTick_Handler
    startup_stm32f103xb.o(RESET) refers to stm32f1xx_it.o(i.USART2_IRQHandler) for USART2_IRQHandler
    startup_stm32f103xb.o(.text) refers (Special) to heapauxi.o(.text) for __use_two_region_memory
    startup_stm32f103xb.o(.text) refers to system_stm32f1xx.o(i.SystemInit) for SystemInit
    startup_stm32f103xb.o(.text) refers to __main.o(!!!main) for __main
    startup_stm32f103xb.o(.text) refers to startup_stm32f103xb.o(HEAP) for Heap_Mem
    startup_stm32f103xb.o(.text) refers to startup_stm32f103xb.o(STACK) for Stack_Mem
    flash.o(i.Flash_Read_Array_16bit) refers to stm32f1xx_hal_flash.o(i.HAL_FLASH_Unlock) for HAL_FLASH_Unlock
    flash.o(i.Flash_Read_Array_16bit) refers to stm32f1xx_hal_flash.o(i.HAL_FLASH_Lock) for HAL_FLASH_Lock
    flash.o(i.Flash_Read_Array_16bit) refers to stm32f1xx_hal.o(.data) for uwTickFreq
    flash.o(i.Flash_Read_Array_32bit) refers to stm32f1xx_hal.o(.data) for uwTickFreq
    flash.o(i.Flash_Read_String) refers to stm32f1xx_hal_flash.o(i.HAL_FLASH_Unlock) for HAL_FLASH_Unlock
    flash.o(i.Flash_Read_String) refers to stm32f1xx_hal_flash.o(i.HAL_FLASH_Lock) for HAL_FLASH_Lock
    flash.o(i.Flash_Read_String) refers to stm32f1xx_hal.o(.data) for uwTickFreq
    flash.o(i.Flash_Read_Uint) refers to stm32f1xx_hal.o(.data) for uwTickFreq
    flash.o(i.Flash_Write_Array_16bit) refers to stm32f1xx_hal_flash.o(i.HAL_FLASH_Unlock) for HAL_FLASH_Unlock
    flash.o(i.Flash_Write_Array_16bit) refers to flash.o(i.Flash_Erase) for Flash_Erase
    flash.o(i.Flash_Write_Array_16bit) refers to stm32f1xx_hal_flash.o(i.HAL_FLASH_Lock) for HAL_FLASH_Lock
    flash.o(i.Flash_Write_Array_32bit) refers to stm32f1xx_hal_flash.o(i.HAL_FLASH_Unlock) for HAL_FLASH_Unlock
    flash.o(i.Flash_Write_Array_32bit) refers to flash.o(i.Flash_Erase) for Flash_Erase
    flash.o(i.Flash_Write_Array_32bit) refers to stm32f1xx_hal_flash.o(i.HAL_FLASH_Lock) for HAL_FLASH_Lock
    flash.o(i.Flash_Write_String) refers to stm32f1xx_hal_flash.o(i.HAL_FLASH_Unlock) for HAL_FLASH_Unlock
    flash.o(i.Flash_Write_String) refers to flash.o(i.Flash_Erase) for Flash_Erase
    flash.o(i.Flash_Write_String) refers to stm32f1xx_hal_flash.o(i.HAL_FLASH_Lock) for HAL_FLASH_Lock
    flash.o(i.Flash_Write_Uint) refers to stm32f1xx_hal_flash.o(i.HAL_FLASH_Unlock) for HAL_FLASH_Unlock
    flash.o(i.Flash_Write_Uint) refers to flash.o(i.Flash_Erase) for Flash_Erase
    flash.o(i.Flash_Write_Uint) refers to stm32f1xx_hal_flash.o(i.HAL_FLASH_Lock) for HAL_FLASH_Lock
    cjson.o(i.add_item_to_object) refers to cjson.o(i.cJSON_strdup) for cJSON_strdup
    cjson.o(i.add_item_to_object) refers to cjson.o(i.add_item_to_array) for add_item_to_array
    cjson.o(i.cJSON_AddArrayToObject) refers to cjson.o(i.cJSON_CreateArray) for cJSON_CreateArray
    cjson.o(i.cJSON_AddArrayToObject) refers to cjson.o(i.add_item_to_object) for add_item_to_object
    cjson.o(i.cJSON_AddArrayToObject) refers to cjson.o(i.cJSON_Delete) for cJSON_Delete
    cjson.o(i.cJSON_AddArrayToObject) refers to cjson.o(.data) for .data
    cjson.o(i.cJSON_AddBoolToObject) refers to cjson.o(i.cJSON_CreateBool) for cJSON_CreateBool
    cjson.o(i.cJSON_AddBoolToObject) refers to cjson.o(i.add_item_to_object) for add_item_to_object
    cjson.o(i.cJSON_AddBoolToObject) refers to cjson.o(i.cJSON_Delete) for cJSON_Delete
    cjson.o(i.cJSON_AddBoolToObject) refers to cjson.o(.data) for .data
[...]
    ../clib/string.c                         0x00000000   Number         0  strlen.o ABSOLUTE
    ../clib/string.c                         0x00000000   Number         0  strcpy.o ABSOLUTE
    ../fplib/d2f.s                           0x00000000   Number         0  d2f.o ABSOLUTE
    ../fplib/daddsub.s                       0x00000000   Number         0  daddsub_clz.o ABSOLUTE
    ../fplib/dcheck1.s                       0x00000000   Number         0  dcheck1.o ABSOLUTE
    ../fplib/dcmpi.s                         0x00000000   Number         0  dcmpi.o ABSOLUTE
    ../fplib/ddiv.s                          0x00000000   Number         0  ddiv.o ABSOLUTE
    ../fplib/deqf.s                          0x00000000   Number         0  deqf.o ABSOLUTE
    ../fplib/dfix.s                          0x00000000   Number         0  dfix.o ABSOLUTE
    ../fplib/dflt.s                          0x00000000   Number         0  dflt_clz.o ABSOLUTE
    ../fplib/dleqf.s                         0x00000000   Number         0  dleqf.o ABSOLUTE
    ../fplib/dmul.s                          0x00000000   Number         0  dmul.o ABSOLUTE
    ../fplib/dnaninf.s                       0x00000000   Number         0  dnaninf.o ABSOLUTE
    ../fplib/dretinf.s                       0x00000000   Number         0  dretinf.o ABSOLUTE
    ../fplib/drleqf.s                        0x00000000   Number         0  drleqf.o ABSOLUTE
    ../fplib/f2d.s                           0x00000000   Number         0  f2d.o ABSOLUTE
    ../fplib/fflt.s                          0x00000000   Number         0  fflt_clz.o ABSOLUTE
    ../fplib/fnaninf.s                       0x00000000   Number         0  fnaninf.o ABSOLUTE
    ../fplib/fpconst.s                       0x00000000   Number         0  fpconst.o ABSOLUTE
    ../fplib/fpinit.s                        0x00000000   Number         0  fpinit.o ABSOLUTE
    ../fplib/fretinf.s                       0x00000000   Number         0  fretinf.o ABSOLUTE
    ../fplib/istatus.s                       0x00000000   Number         0  istatus.o ABSOLUTE
    ../fplib/printf1.s                       0x00000000   Number         0  printf1.o ABSOLUTE
    ../fplib/retnan.s                        0x00000000   Number         0  retnan.o ABSOLUTE
    ../fplib/scalbn.s                        0x00000000   Number         0  scalbn.o ABSOLUTE
    ../fplib/scanf1.s                        0x00000000   Number         0  scanf1.o ABSOLUTE
    ../fplib/scanf2.s                        0x00000000   Number         0  scanf2.o ABSOLUTE
    ../fplib/scanf2a.s                       0x00000000   Number         0  scanf2a.o ABSOLUTE
    ../fplib/scanf2b.s                       0x00000000   Number         0  scanf2b.o ABSOLUTE
    ../fplib/trapv.s                         0x00000000   Number         0  trapv.o ABSOLUTE
    ../fplib/usenofp.s                       0x00000000   Number         0  usenofp.o ABSOLUTE
    ../mathlib/dunder.c                      0x00000000   Number         0  dunder.o ABSOLUTE
    ../mathlib/fpclassify.c                  0x00000000   Number         0  fpclassify.o ABSOLUTE
    ../mathlib/frexp.c                       0x00000000   Number         0  frexp.o ABSOLUTE
    ../mathlib/ldexp.c                       0x00000000   Number         0  ldexp_x.o ABSOLUTE
    ../mathlib/ldexp.c                       0x00000000   Number         0  ldexp.o ABSOLUTE
    ../mathlib/narrow.c                      0x00000000   Number         0  narrow.o ABSOLUTE
    ../mathlib/qnan.c                        0x00000000   Number         0  qnan.o ABSOLUTE
    ../mathlib/strtod.c                      0x00000000   Number         0  strtod.o ABSOLUTE
    ..\Core\Src\DHT.c                        0x00000000   Number         0  dht.o ABSOLUTE
    ..\Core\Src\cJSON.c                      0x00000000   Number         0  cjson.o ABSOLUTE
    ..\Core\Src\flash.c                      0x00000000   Number         0  flash.o ABSOLUTE
    ..\Core\Src\main.c                       0x00000000   Number         0  main.o ABSOLUTE
    ..\Core\Src\stm32f1xx_hal_msp.c          0x00000000   Number         0  stm32f1xx_hal_msp.o ABSOLUTE
    ..\Core\Src\stm32f1xx_it.c               0x00000000   Number         0  stm32f1xx_it.o ABSOLUTE
    ..\Core\Src\system_stm32f1xx.c           0x00000000   Number         0  system_stm32f1xx.o ABSOLUTE
    ..\Drivers\STM32F1xx_HAL_Driver\Src\stm32f1xx_hal.c 0x00000000   Number         0  stm32f1xx_hal.o ABSOLUTE
    ..\Drivers\STM32F1xx_HAL_Driver\Src\stm32f1xx_hal_cortex.c 0x00000000   Number         0  stm32f1xx_hal_cortex.o ABSOLUTE
    ..\Drivers\STM32F1xx_HAL_Driver\Src\stm32f1xx_hal_dma.c 0x00000000   Number         0  stm32f1xx_hal_dma.o ABSOLUTE
    ..\Drivers\STM32F1xx_HAL_Driver\Src\stm32f1xx_hal_exti.c 0x00000000   Number         0  stm32f1xx_hal_exti.o ABSOLUTE
    ..\Drivers\STM32F1xx_HAL_Driver\Src\stm32f1xx_hal_flash.c 0x00000000   Number         0  stm32f1xx_hal_flash.o ABSOLUTE
    ..\Drivers\STM32F1xx_HAL_Driver\Src\stm32f1xx_hal_flash_ex.c 0x00000000   Number         0  stm32f1xx_hal_flash_ex.o ABSOLUTE
    ..\Drivers\STM32F1xx_HAL_Driver\Src\stm32f1xx_hal_gpio.c 0x00000000   Number         0  stm32f1xx_hal_gpio.o ABSOLUTE
    ..\Drivers\STM32F1xx_HAL_Driver\Src\stm32f1xx_hal_gpio_ex.c 0x00000000   Number         0  stm32f1xx_hal_gpio_ex.o ABSOLUTE
    ..\Drivers\STM32F1xx_HAL_Driver\Src\stm32f1xx_hal_pwr.c 0x00000000   Number         0  stm32f1xx_hal_pwr.o ABSOLUTE
    ..\Drivers\STM32F1xx_HAL_Driver\Src\stm32f1xx_hal_rcc.c 0x00000000   Number         0  stm32f1xx_hal_rcc.o ABSOLUTE
    ..\Drivers\STM32F1xx_HAL_Driver\Src\stm32f1xx_hal_rcc_ex.c 0x00000000   Number         0  stm32f1xx_hal_rcc_ex.o ABSOLUTE
    ..\Drivers\STM32F1xx_HAL_Driver\Src\stm32f1xx_hal_rtc.c 0x00000000   Number         0  stm32f1xx_hal_rtc.o ABSOLUTE
    ..\Drivers\STM32F1xx_HAL_Driver\Src\stm32f1xx_hal_rtc_ex.c 0x00000000   Number         0  stm32f1xx_hal_rtc_ex.o ABSOLUTE
    ..\Drivers\STM32F1xx_HAL_Driver\Src\stm32f1xx_hal_tim.c 0x00000000   Number         0  stm32f1xx_hal_tim.o ABSOLUTE
    ..\Drivers\STM32F1xx_HAL_Driver\Src\stm32f1xx_hal_tim_ex.c 0x00000000   Number         0  stm32f1xx_hal_tim_ex.o ABSOLUTE
    ..\Drivers\STM32F1xx_HAL_Driver\Src\stm32f1xx_hal_uart.c 0x00000000   Number         0  stm32f1xx_hal_uart.o ABSOLUTE
    ..\\Core\\Src\\DHT.c                     0x00000000   Number         0  dht.o ABSOLUTE
    ..\\Core\\Src\\flash.c                   0x00000000   Number         0  flash.o ABSOLUTE
    dc.s                                     0x00000000   Number         0  dc.o ABSOLUTE
    startup_stm32f103xb.s                    0x00000000   Number         0  startup_stm32f103xb.o ABSOLUTE
    RESET                                    0x08000000   Section      236  startup_stm32f103xb.o(RESET)
    !!!main                                  0x080000ec   Section        8  __main.o(!!!main)
    !!!scatter                               0x080000f4   Section       52  __scatter.o(!!!scatter)
    !!handler_copy                           0x08000128   Section       26  __scatter_copy.o(!!handler_copy)
    !!handler_zi                             0x08000144   Section       28  __scatter_zi.o(!!handler_zi)
    .ARM.Collect$$_printf_percent$$00000000  0x08000160   Section        0  _printf_percent.o(.ARM.Collect$$_printf_percent$$00000000)
    .ARM.Collect$$_printf_percent$$00000003  0x08000160   Section        6  _printf_f.o(.ARM.Collect$$_printf_percent$$00000003)
    .ARM.Collect$$_printf_percent$$00000009  0x08000166   Section        6  _printf_d.o(.ARM.Collect$$_printf_percent$$00000009)
    .ARM.Collect$$_printf_percent$$00000017  0x0800016c   Section        4  _printf_percent_end.o(.ARM.Collect$$_printf_percent$$00000017)
    .ARM.Collect$$libinit$$00000000          0x08000170   Section        2  libinit.o(.ARM.Collect$$libinit$$00000000)
    .ARM.Collect$$libinit$$00000002          0x08000172   Section        0  libinit2.o(.ARM.Collect$$libinit$$00000002)
    .ARM.Collect$$libinit$$00000004          0x08000172   Section        0  libinit2.o(.ARM.Collect$$libinit$$00000004)
    .ARM.Collect$$libinit$$0000000A          0x08000172   Section        0  libinit2.o(.ARM.Collect$$libinit$$0000000A)
    .ARM.Collect$$libinit$$0000000C          0x08000172   Section        0  libinit2.o(.ARM.Collect$$libinit$$0000000C)
    .ARM.Collect$$libinit$$0000000E          0x08000172   Section        0  libinit2.o(.ARM.Collect$$libinit$$0000000E)
    .ARM.Collect$$libinit$$0000000F          0x08000172   Section        6  libinit2.o(.ARM.Collect$$libinit$$0000000F)
    .ARM.Collect$$libinit$$00000011          0x08000178   Section        0  libinit2.o(.ARM.Collect$$libinit$$00000011)
    .ARM.Collect$$libinit$$00000013          0x08000178   Section        0  libinit2.o(.ARM.Collect$$libinit$$00000013)
    .ARM.Collect$$libinit$$00000015          0x08000178   Section        0  libinit2.o(.ARM.Collect$$libinit$$00000015)
    .ARM.Collect$$libinit$$00000016          0x08000178   Section       10  libinit2.o(.ARM.Collect$$libinit$$00000016)
    .ARM.Collect$$libinit$$00000017          0x08000182   Section        0  libinit2.o(.ARM.Collect$$libinit$$00000017)
    .ARM.Collect$$libinit$$00000019          0x08000182   Section        0  libinit2.o(.ARM.Collect$$libinit$$00000019)
    .ARM.Collect$$libinit$$0000001B          0x08000182   Section        0  libinit2.o(.ARM.Collect$$libinit$$0000001B)
    .ARM.Collect$$libinit$$0000001D          0x08000182   Section        0  libinit2.o(.ARM.Collect$$libinit$$0000001D)
    .ARM.Collect$$libinit$$0000001F          0x08000182   Section        0  libinit2.o(.ARM.Collect$$libinit$$0000001F)
    .ARM.Collect$$libinit$$00000021          0x08000182   Section        0  libinit2.o(.ARM.Collect$$libinit$$00000021)
    .ARM.Collect$$libinit$$00000023          0x08000182   Section        0  libinit2.o(.ARM.Collect$$libinit$$00000023)
    .ARM.Collect$$libinit$$00000025          0x08000182   Section        0  libinit2.o(.ARM.Collect$$libinit$$00000025)
    .ARM.Collect$$libinit$$0000002C          0x08000182   Section        0  libinit2.o(.ARM.Collect$$libinit$$0000002C)
    .ARM.Collect$$libinit$$0000002E          0x08000182   Section        0  libinit2.o(.ARM.Collect$$libinit$$0000002E)
    .ARM.Collect$$libinit$$00000030          0x08000182   Section        0  libinit2.o(.ARM.Collect$$libinit$$00000030)
    .ARM.Collect$$libinit$$00000032          0x08000182   Section        0  libinit2.o(.ARM.Collect$$libinit$$00000032)
    .ARM.Collect$$libinit$$00000033          0x08000182   Section        2  libinit2.o(.ARM.Collect$$libinit$$00000033)
    .ARM.Collect$$libshutdown$$00000000      0x08000184   Section        2  libshutdown.o(.ARM.Collect$$libshutdown$$00000000)
    .ARM.Collect$$libshutdown$$00000002      0x08000186   Section        0  libshutdown2.o(.ARM.Collect$$libshutdown$$00000002)
    .ARM.Collect$$libshutdown$$00000004      0x08000186   Section        0  libshutdown2.o(.ARM.Collect$$libshutdown$$00000004)
    .ARM.Collect$$libshutdown$$00000007      0x08000186   Section        0  libshutdown2.o(.ARM.Collect$$libshutdown$$00000007)
    .ARM.Collect$$libshutdown$$0000000A      0x08000186   Section        0  libshutdown2.o(.ARM.Collect$$libshutdown$$0000000A)
    .ARM.Collect$$libshutdown$$0000000C      0x08000186   Section        0  libshutdown2.o(.ARM.Collect$$libshutdown$$0000000C)
    .ARM.Collect$$libshutdown$$0000000F      0x08000186   Section        0  libshutdown2.o(.ARM.Collect$$libshutdown$$0000000F)
    .ARM.Collect$$libshutdown$$00000010      0x08000186   Section        2  libshutdown2.o(.ARM.Collect$$libshutdown$$00000010)
    .ARM.Collect$$rtentry$$00000000          0x08000188   Section        0  __rtentry.o(.ARM.Collect$$rtentry$$00000000)
    .ARM.Collect$$rtentry$$00000002          0x08000188   Section        0  __rtentry2.o(.ARM.Collect$$rtentry$$00000002)
    .ARM.Collect$$rtentry$$00000004          0x08000188   Section        6  __rtentry4.o(.ARM.Collect$$rtentry$$00000004)
    .ARM.Collect$$rtentry$$00000009          0x0800018e   Section        0  __rtentry2.o(.ARM.Collect$$rtentry$$00000009)
    .ARM.Collect$$rtentry$$0000000A          0x0800018e   Section        4  __rtentry2.o(.ARM.Collect$$rtentry$$0000000A)
    .ARM.Collect$$rtentry$$0000000C          0x08000192   Section        0  __rtentry2.o(.ARM.Collect$$rtentry$$0000000C)
    .ARM.Collect$$rtentry$$0000000D          0x08000192   Section        8  __rtentry2.o(.ARM.Collect$$rtentry$$0000000D)
    .ARM.Collect$$rtexit$$00000000           0x0800019a   Section        2  rtexit.o(.ARM.Collect$$rtexit$$00000000)
    .ARM.Collect$$rtexit$$00000002           0x0800019c   Section        0  rtexit2.o(.ARM.Collect$$rtexit$$00000002)
    .ARM.Collect$$rtexit$$00000003           0x0800019c   Section        4  rtexit2.o(.ARM.Collect$$rtexit$$00000003)
    .ARM.Collect$$rtexit$$00000004           0x080001a0   Section        6  rtexit2.o(.ARM.Collect$$rtexit$$00000004)
    .text                                    0x080001a8   Section       64  startup_stm32f103xb.o(.text)
    .text                                    0x080001e8   Section        0  __2sprintf.o(.text)
    .text                                    0x08000214   Section        0  _printf_pad.o(.text)
    .text                                    0x08000264   Section        0  _printf_dec.o(.text)
    .text                                    0x080002dc   Section        0  __printf_flags_wp.o(.text)
    .text                                    0x08000414   Section        0  strcat.o(.text)
    .text                                    0x0800042c   Section       78  rt_memclr_w.o(.text)
    .text                                    0x0800047c   Section      128  strcmpv7m.o(.text)
    .text                                    0x080004fc   Section        0  heapauxi.o(.text)
    .text                                    0x08000502   Section        0  _printf_intcommon.o(.text)
    .text                                    0x080005b4   Section        0  _printf_fp_dec.o(.text)
    _fp_digits                               0x080005b7   Thumb Code   432  _printf_fp_dec.o(.text)
    .text                                    0x080009d4   Section        0  _printf_char_common.o(.text)
    _printf_input_char                       0x080009d5   Thumb Code    10  _printf_char_common.o(.text)
    .text                                    0x08000a04   Section        0  _sputc.o(.text)
    .text                                    0x08000a10   Section        8  libspace.o(.text)
    .text                                    0x08000a18   Section        8  rt_locale_intlibspace.o(.text)
    .text                                    0x08000a20   Section      138  lludiv10.o(.text)
    .text                                    0x08000aac   Section        0  _printf_fp_infnan.o(.text)
    .text                                    0x08000b2c   Section        0  bigflt0.o(.text)
    .text                                    0x08000c10   Section        2  use_no_semi.o(.text)
    .text                                    0x08000c12   Section        0  indicate_semi.o(.text)
    .text                                    0x08000c12   Section       74  sys_stackheap_outer.o(.text)
    .text                                    0x08000c5c   Section        0  exit.o(.text)
    .text                                    0x08000c70   Section        0  sys_exit.o(.text)
    CL$$btod_d2e                             0x08000c7c   Section       62  btod.o(CL$$btod_d2e)
    CL$$btod_d2e_denorm_low                  0x08000cba   Section       70  btod.o(CL$$btod_d2e_denorm_low)
    CL$$btod_d2e_norm_op1                    0x08000d00   Section       96  btod.o(CL$$btod_d2e_norm_op1)
    CL$$btod_div_common                      0x08000d60   Section      824  btod.o(CL$$btod_div_common)
    CL$$btod_e2e                             0x08001098   Section      220  btod.o(CL$$btod_e2e)
    CL$$btod_ediv                            0x08001174   Section       42  btod.o(CL$$btod_ediv)
    CL$$btod_emul                            0x0800119e   Section       42  btod.o(CL$$btod_emul)
    CL$$btod_mult_common                     0x080011c8   Section      580  btod.o(CL$$btod_mult_common)
    i.BusFault_Handler                       0x0800140c   Section        0  stm32f1xx_it.o(i.BusFault_Handler)
    i.DHT_Check_Response                     0x08001410   Section        0  dht.o(i.DHT_Check_Response)
    i.DHT_GetData                            0x08001448   Section        0  dht.o(i.DHT_GetData)
    i.DHT_Read                               0x080014a4   Section        0  dht.o(i.DHT_Read)
    i.DHT_Start                              0x08001500   Section        0  dht.o(i.DHT_Start)
    i.DWT_Delay_Init                         0x08001544   Section        0  dht.o(i.DWT_Delay_Init)
    i.DebugMon_Handler                       0x08001588   Section        0  stm32f1xx_it.o(i.DebugMon_Handler)
    i.Flash_Erase                            0x0800158c   Section        0  flash.o(i.Flash_Erase)
    Flash_Erase                              0x0800158d   Thumb Code    50  flash.o(i.Flash_Erase)
    i.Flash_Read_String                      0x080015c4   Section        0  flash.o(i.Flash_Read_String)
    i.Flash_Write_String                     0x0800163c   Section        0  flash.o(i.Flash_Write_String)
    i.HAL_DMA_Abort                          0x0800168c   Section        0  stm32f1xx_hal_dma.o(i.HAL_DMA_Abort)
    i.HAL_DMA_Abort_IT                       0x080016d4   Section        0  stm32f1xx_hal_dma.o(i.HAL_DMA_Abort_IT)
    i.HAL_Delay                              0x0800176c   Section        0  stm32f1xx_hal.o(i.HAL_Delay)
    i.HAL_FLASH_Lock                         0x08001790   Section        0  stm32f1xx_hal_flash.o(i.HAL_FLASH_Lock)
    i.HAL_FLASH_Unlock                       0x080017a4   Section        0  stm32f1xx_hal_flash.o(i.HAL_FLASH_Unlock)
    i.HAL_GPIO_Init                          0x080017cc   Section        0  stm32f1xx_hal_gpio.o(i.HAL_GPIO_Init)
    i.HAL_GPIO_ReadPin                       0x080019ac   Section        0  stm32f1xx_hal_gpio.o(i.HAL_GPIO_ReadPin)
    i.HAL_GPIO_TogglePin                     0x080019b6   Section        0  stm32f1xx_hal_gpio.o(i.HAL_GPIO_TogglePin)
    i.HAL_GPIO_WritePin                      0x080019c6   Section        0  stm32f1xx_hal_gpio.o(i.HAL_GPIO_WritePin)
    i.HAL_GetTick                            0x080019d0   Section        0  stm32f1xx_hal.o(i.HAL_GetTick)
    i.HAL_IncTick                            0x080019dc   Section        0  stm32f1xx_hal.o(i.HAL_IncTick)
    i.HAL_Init                               0x080019ec   Section        0  stm32f1xx_hal.o(i.HAL_Init)
    i.HAL_InitTick                           0x08001a10   Section        0  stm32f1xx_hal.o(i.HAL_InitTick)
    i.HAL_MspInit                            0x08001a50   Section        0  stm32f1xx_hal_msp.o(i.HAL_MspInit)
    i.HAL_NVIC_EnableIRQ                     0x08001a8c   Section        0  stm32f1xx_hal_cortex.o(i.HAL_NVIC_EnableIRQ)
    i.HAL_NVIC_SetPriority                   0x08001aa8   Section        0  stm32f1xx_hal_cortex.o(i.HAL_NVIC_SetPriority)
    i.HAL_NVIC_SetPriorityGrouping           0x08001ae8   Section        0  stm32f1xx_hal_cortex.o(i.HAL_NVIC_SetPriorityGrouping)
    i.HAL_PWR_EnableBkUpAccess               0x08001b0c   Section        0  stm32f1xx_hal_pwr.o(i.HAL_PWR_EnableBkUpAccess)
    i.HAL_RCCEx_GetPeriphCLKFreq             0x08001b18   Section        0  stm32f1xx_hal_rcc_ex.o(i.HAL_RCCEx_GetPeriphCLKFreq)
    i.HAL_RCCEx_PeriphCLKConfig              0x08001be0   Section        0  stm32f1xx_hal_rcc_ex.o(i.HAL_RCCEx_PeriphCLKConfig)
    i.HAL_RCC_ClockConfig                    0x08001ccc   Section        0  stm32f1xx_hal_rcc.o(i.HAL_RCC_ClockConfig)
    i.HAL_RCC_GetHCLKFreq                    0x08001df8   Section        0  stm32f1xx_hal_rcc.o(i.HAL_RCC_GetHCLKFreq)
    i.HAL_RCC_GetPCLK1Freq                   0x08001e04   Section        0  stm32f1xx_hal_rcc.o(i.HAL_RCC_GetPCLK1Freq)
    i.HAL_RCC_GetPCLK2Freq                   0x08001e24   Section        0  stm32f1xx_hal_rcc.o(i.HAL_RCC_GetPCLK2Freq)
    i.HAL_RCC_GetSysClockFreq                0x08001e44   Section        0  stm32f1xx_hal_rcc.o(i.HAL_RCC_GetSysClockFreq)
    i.HAL_RCC_OscConfig                      0x08001eb0   Section        0  stm32f1xx_hal_rcc.o(i.HAL_RCC_OscConfig)
    i.HAL_RTCEx_BKUPRead                     0x080021d0   Section        0  stm32f1xx_hal_rtc_ex.o(i.HAL_RTCEx_BKUPRead)
    i.HAL_RTCEx_BKUPWrite                    0x080021e0   Section        0  stm32f1xx_hal_rtc_ex.o(i.HAL_RTCEx_BKUPWrite)
    i.HAL_RTC_GetTime                        0x080021f0   Section        0  stm32f1xx_hal_rtc.o(i.HAL_RTC_GetTime)
    i.HAL_RTC_Init                           0x080022c8   Section        0  stm32f1xx_hal_rtc.o(i.HAL_RTC_Init)
    i.HAL_RTC_MspInit                        0x08002368   Section        0  stm32f1xx_hal_msp.o(i.HAL_RTC_MspInit)
    i.HAL_RTC_SetDate                        0x0800239c   Section        0  stm32f1xx_hal_rtc.o(i.HAL_RTC_SetDate)
    i.HAL_RTC_SetTime                        0x08002460   Section        0  stm32f1xx_hal_rtc.o(i.HAL_RTC_SetTime)
    i.HAL_RTC_WaitForSynchro                 0x0800250c   Section        0  stm32f1xx_hal_rtc.o(i.HAL_RTC_WaitForSynchro)
    i.HAL_SYSTICK_Config                     0x08002546   Section        0  stm32f1xx_hal_cortex.o(i.HAL_SYSTICK_Config)
    i.HAL_UARTEx_RxEventCallback             0x0800256e   Section        0  stm32f1xx_hal_uart.o(i.HAL_UARTEx_RxEventCallback)
    i.HAL_UART_ErrorCallback                 0x08002570   Section        0  stm32f1xx_hal_uart.o(i.HAL_UART_ErrorCallback)
    i.HAL_UART_IRQHandler                    0x08002574   Section        0  stm32f1xx_hal_uart.o(i.HAL_UART_IRQHandler)
    i.HAL_UART_Init                          0x08002780   Section        0  stm32f1xx_hal_uart.o(i.HAL_UART_Init)
    i.HAL_UART_MspInit                       0x080027e4   Section        0  stm32f1xx_hal_msp.o(i.HAL_UART_MspInit)
    i.HAL_UART_Receive_IT                    0x08002864   Section        0  stm32f1xx_hal_uart.o(i.HAL_UART_Receive_IT)
    i.HAL_UART_RxCpltCallback                0x08002890   Section        0  main.o(i.HAL_UART_RxCpltCallback)
    i.HAL_UART_Transmit                      0x080028a0   Section        0  stm32f1xx_hal_uart.o(i.HAL_UART_Transmit)
    i.HAL_UART_TxCpltCallback                0x08002952   Section        0  stm32f1xx_hal_uart.o(i.HAL_UART_TxCpltCallback)
    i.HardFault_Handler                      0x08002954   Section        0  stm32f1xx_it.o(i.HardFault_Handler)
    i.MX_GPIO_Init                           0x08002958   Section        0  main.o(i.MX_GPIO_Init)
    MX_GPIO_Init                             0x08002959   Thumb Code   154  main.o(i.MX_GPIO_Init)
    i.MX_RTC_Init                            0x08002a00   Section        0  main.o(i.MX_RTC_Init)
    MX_RTC_Init                              0x08002a01   Thumb Code   130  main.o(i.MX_RTC_Init)
    i.MemManage_Handler                      0x08002a8c   Section        0  stm32f1xx_it.o(i.MemManage_Handler)
    i.NMI_Handler                            0x08002a8e   Section        0  stm32f1xx_it.o(i.NMI_Handler)
    i.PendSV_Handler                         0x08002a90   Section        0  stm32f1xx_it.o(i.PendSV_Handler)
    i.RTC_Bcd2ToByte                         0x08002a92   Section        0  stm32f1xx_hal_rtc.o(i.RTC_Bcd2ToByte)
    RTC_Bcd2ToByte                           0x08002a93   Thumb Code    18  stm32f1xx_hal_rtc.o(i.RTC_Bcd2ToByte)
    i.RTC_ByteToBcd2                         0x08002aa4   Section        0  stm32f1xx_hal_rtc.o(i.RTC_ByteToBcd2)
    RTC_ByteToBcd2                           0x08002aa5   Thumb Code    22  stm32f1xx_hal_rtc.o(i.RTC_ByteToBcd2)
    i.RTC_DateUpdate                         0x08002aba   Section        0  stm32f1xx_hal_rtc.o(i.RTC_DateUpdate)
    RTC_DateUpdate                           0x08002abb   Thumb Code   174  stm32f1xx_hal_rtc.o(i.RTC_DateUpdate)
    i.RTC_EnterInitMode                      0x08002b68   Section        0  stm32f1xx_hal_rtc.o(i.RTC_EnterInitMode)
    RTC_EnterInitMode                        0x08002b69   Thumb Code    52  stm32f1xx_hal_rtc.o(i.RTC_EnterInitMode)
    i.RTC_ExitInitMode                       0x08002b9c   Section        0  stm32f1xx_hal_rtc.o(i.RTC_ExitInitMode)
    RTC_ExitInitMode                         0x08002b9d   Thumb Code    54  stm32f1xx_hal_rtc.o(i.RTC_ExitInitMode)
    i.RTC_ReadAlarmCounter                   0x08002bd2   Section        0  stm32f1xx_hal_rtc.o(i.RTC_ReadAlarmCounter)
    RTC_ReadAlarmCounter                     0x08002bd3   Thumb Code    14  stm32f1xx_hal_rtc.o(i.RTC_ReadAlarmCounter)
    i.RTC_ReadTimeCounter                    0x08002be0   Section        0  stm32f1xx_hal_rtc.o(i.RTC_ReadTimeCounter)
    RTC_ReadTimeCounter                      0x08002be1   Thumb Code    32  stm32f1xx_hal_rtc.o(i.RTC_ReadTimeCounter)
    i.RTC_WeekDayNum                         0x08002c00   Section        0  stm32f1xx_hal_rtc.o(i.RTC_WeekDayNum)
    RTC_WeekDayNum                           0x08002c01   Thumb Code    86  stm32f1xx_hal_rtc.o(i.RTC_WeekDayNum)
    i.RTC_WriteAlarmCounter                  0x08002c56   Section        0  stm32f1xx_hal_rtc.o(i.RTC_WriteAlarmCounter)
    RTC_WriteAlarmCounter                    0x08002c57   Thumb Code    40  stm32f1xx_hal_rtc.o(i.RTC_WriteAlarmCounter)
    i.RTC_WriteTimeCounter                   0x08002c7e   Section        0  stm32f1xx_hal_rtc.o(i.RTC_WriteTimeCounter)
    RTC_WriteTimeCounter                     0x08002c7f   Thumb Code    40  stm32f1xx_hal_rtc.o(i.RTC_WriteTimeCounter)
    i.SVC_Handler                            0x08002ca6   Section        0  stm32f1xx_it.o(i.SVC_Handler)
    i.Set_Pin_Input                          0x08002ca8   Section        0  dht.o(i.Set_Pin_Input)
    i.Set_Pin_Output                         0x08002cbc   Section        0  dht.o(i.Set_Pin_Output)
    i.SysTick_Handler                        0x08002cd4   Section        0  stm32f1xx_it.o(i.SysTick_Handler)
    i.SystemClock_Config                     0x08002cd8   Section        0  main.o(i.SystemClock_Config)
    i.SystemInit                             0x08002d58   Section        0  system_stm32f1xx.o(i.SystemInit)
    i.Task_DHT11                             0x08002d5c   Section        0  main.o(i.Task_DHT11)
    i.Task_Gui_Cho_Esp                       0x08002d78   Section        0  main.o(i.Task_Gui_Cho_Esp)
    i.Task_Gui_Tu_Flash                      0x08002da0   Section        0  main.o(i.Task_Gui_Tu_Flash)
    i.Task_Luu_Flash                         0x08002ddc   Section        0  main.o(i.Task_Luu_Flash)
    i.Task_Tao_Data                          0x08002e38   Section        0  main.o(i.Task_Tao_Data)
    i.UART_DMAAbortOnError                   0x08002f40   Section        0  stm32f1xx_hal_uart.o(i.UART_DMAAbortOnError)
    UART_DMAAbortOnError                     0x08002f41   Thumb Code    16  stm32f1xx_hal_uart.o(i.UART_DMAAbortOnError)
    i.UART_EndRxTransfer                     0x08002f50   Section        0  stm32f1xx_hal_uart.o(i.UART_EndRxTransfer)
    UART_EndRxTransfer                       0x08002f51   Thumb Code    48  stm32f1xx_hal_uart.o(i.UART_EndRxTransfer)
    i.UART_Receive_IT                        0x08002f80   Section        0  stm32f1xx_hal_uart.o(i.UART_Receive_IT)
    UART_Receive_IT                          0x08002f81   Thumb Code   182  stm32f1xx_hal_uart.o(i.UART_Receive_IT)
    i.UART_SetConfig                         0x08003038   Section        0  stm32f1xx_hal_uart.o(i.UART_SetConfig)
    UART_SetConfig                           0x08003039   Thumb Code   178  stm32f1xx_hal_uart.o(i.UART_SetConfig)
    i.UART_Start_Receive_IT                  0x080030f0   Section        0  stm32f1xx_hal_uart.o(i.UART_Start_Receive_IT)
    i.UART_WaitOnFlagUntilTimeout            0x08003126   Section        0  stm32f1xx_hal_uart.o(i.UART_WaitOnFlagUntilTimeout)
    UART_WaitOnFlagUntilTimeout              0x08003127   Thumb Code   100  stm32f1xx_hal_uart.o(i.UART_WaitOnFlagUntilTimeout)
    i.USART2_IRQHandler                      0x0800318c   Section        0  stm32f1xx_it.o(i.USART2_IRQHandler)
    i.UsageFault_Handler                     0x08003198   Section        0  stm32f1xx_it.o(i.UsageFault_Handler)
    i.__ARM_fpclassify                       0x0800319a   Section        0  fpclassify.o(i.__ARM_fpclassify)
    i.__NVIC_SetPriority                     0x080031c2   Section        0  stm32f1xx_hal_cortex.o(i.__NVIC_SetPriority)
    __NVIC_SetPriority                       0x080031c3   Thumb Code    32  stm32f1xx_hal_cortex.o(i.__NVIC_SetPriority)
    i._is_digit                              0x080031e2   Section        0  __printf_wp.o(i._is_digit)
    i.delay                                  0x080031f0   Section        0  dht.o(i.delay)
    i.main                                   0x0800321c   Section        0  main.o(i.main)
    locale$$code                             0x08003310   Section       44  lc_numeric_c.o(locale$$code)
    x$fpl$dretinf                            0x0800333c   Section       12  dretinf.o(x$fpl$dretinf)
    x$fpl$f2d                                0x08003348   Section       86  f2d.o(x$fpl$f2d)
    x$fpl$ffltu                              0x080033a0   Section       38  fflt_clz.o(x$fpl$ffltu)
    x$fpl$fnaninf                            0x080033c6   Section      140  fnaninf.o(x$fpl$fnaninf)
    x$fpl$printf1                            0x08003452   Section        4  printf1.o(x$fpl$printf1)
    .constdata                               0x08003456   Section       16  system_stm32f1xx.o(.constdata)
    x$fpl$usenofp                            0x08003456   Section        0  usenofp.o(x$fpl$usenofp)
    .constdata                               0x08003466   Section        8  system_stm32f1xx.o(.constdata)
    .constdata                               0x0800346e   Section       17  __printf_flags_wp.o(.constdata)
    maptable                                 0x0800346e   Data          17  __printf_flags_wp.o(.constdata)
    .constdata                               0x08003480   Section      148  bigflt0.o(.constdata)
    tenpwrs_x                                0x08003480   Data          60  bigflt0.o(.constdata)
    tenpwrs_i                                0x080034bc   Data          64  bigflt0.o(.constdata)
    locale$$data                             0x08003534   Section       28  lc_numeric_c.o(locale$$data)
    __lcnum_c_name                           0x08003538   Data           2  lc_numeric_c.o(locale$$data)
    __lcnum_c_start                          0x08003540   Data           0  lc_numeric_c.o(locale$$data)
    __lcnum_c_point                          0x0800354c   Data           0  lc_numeric_c.o(locale$$data)
    __lcnum_c_thousands                      0x0800354e   Data           0  lc_numeric_c.o(locale$$data)
    __lcnum_c_grouping                       0x0800354f   Data           0  lc_numeric_c.o(locale$$data)
    __lcnum_c_end                            0x08003550   Data           0  lc_numeric_c.o(locale$$data)
    .data                                    0x20000000   Section        8  dht.o(.data)
    .data                                    0x20000008   Section       56  main.o(.data)
    .data                                    0x20000040   Section       12  stm32f1xx_hal.o(.data)
    .data                                    0x2000004c   Section        4  system_stm32f1xx.o(.data)
    .bss                                     0x20000050   Section     1268  main.o(.bss)
    .bss                                     0x20000544   Section       96  libspace.o(.bss)
    HEAP                                     0x200005a8   Section      512  startup_stm32f103xb.o(HEAP)
    Heap_Mem                                 0x200005a8   Data         512  startup_stm32f103xb.o(HEAP)
    STACK                                    0x200007a8   Section     1024  startup_stm32f103xb.o(STACK)
    Stack_Mem                                0x200007a8   Data        1024  startup_stm32f103xb.o(STACK)
    __initial_sp                             0x20000ba8   Data           0  startup_stm32f103xb.o(STACK)

    Global Symbols

    Symbol Name                              Value     Ov Type        Size  Object(Section)

    BuildAttributes$$THM_ISAv4$P$D$K$B$S$PE$A:L22UL41UL21$X:L11$S22US41US21$IEEE1$IW$USESV6$~STKCKD$USESV7$~SHL$OTIME$ROPI$IEEEX$EBA8$UX$STANDARDLIB$REQ8$PRES8$EABIv2 0x00000000   Number         0  anon$$obj.o ABSOLUTE
    __ARM_use_no_argv                        0x00000000   Number         0  main.o ABSOLUTE
    _printf_flags                            0x00000000   Number         0  printf_stubs.o ABSOLUTE
    _printf_return_value                     0x00000000   Number         0  printf_stubs.o ABSOLUTE
    _printf_sizespec                         0x00000000   Number         0  printf_stubs.o ABSOLUTE
    _printf_widthprec                        0x00000000   Number         0  printf_stubs.o ABSOLUTE
    __ARM_exceptions_init                     - Undefined Weak Reference
    __alloca_initialize                       - Undefined Weak Reference
    __arm_preinit_                            - Undefined Weak Reference
    __cpp_initialize__aeabi_                  - Undefined Weak Reference
    __cxa_finalize                            - Undefined Weak Reference
    __sigvec_lookup                           - Undefined Weak Reference
    __user_heap_extent                        - Undefined Weak Reference
    _atexit_init                              - Undefined Weak Reference
    _call_atexit_fns                          - Undefined Weak Reference
    _clock_init                               - Undefined Weak Reference
    _fp_trap_init                             - Undefined Weak Reference
    _fp_trap_shutdown                         - Undefined Weak Reference
    _get_lc_collate                           - Undefined Weak Reference
    _get_lc_monetary                          - Undefined Weak Reference
    _get_lc_time                              - Undefined Weak Reference
    _getenv_init                              - Undefined Weak Reference
    _handle_redirection                       - Undefined Weak Reference
    _initio                                   - Undefined Weak Reference
    _mutex_acquire                            - Undefined Weak Reference
    _mutex_free                               - Undefined Weak Reference
    _mutex_release                            - Undefined Weak Reference
    _printf_truncate_signed                   - Undefined Weak Reference
    _printf_truncate_unsigned                 - Undefined Weak Reference
    _rand_init                                - Undefined Weak Reference
    _scanf_int                                - Undefined Weak Reference
    _scanf_longlong                           - Undefined Weak Reference
    _scanf_mbtowc                             - Undefined Weak Reference
    _scanf_string                             - Undefined Weak Reference
    _scanf_wctomb                             - Undefined Weak Reference
    _scanf_wstring                            - Undefined Weak Reference
    _signal_finish                            - Undefined Weak Reference
    _signal_init                              - Undefined Weak Reference
    _terminateio                              - Undefined Weak Reference
    __Vectors_Size                           0x000000ec   Number         0  startup_stm32f103xb.o ABSOLUTE
    __Vectors                                0x08000000   Data           4  startup_stm32f103xb.o(RESET)
    __Vectors_End                            0x080000ec   Data           0  startup_stm32f103xb.o(RESET)
    __main                                   0x080000ed   Thumb Code     8  __main.o(!!!main)
    __scatterload                            0x080000f5   Thumb Code     0  __scatter.o(!!!scatter)
    __scatterload_rt2                        0x080000f5   Thumb Code    44  __scatter.o(!!!scatter)
    __scatterload_rt2_thumb_only             0x080000f5   Thumb Code     0  __scatter.o(!!!scatter)
    __scatterload_null                       0x08000103   Thumb Code     0  __scatter.o(!!!scatter)
    __scatterload_copy                       0x08000129   Thumb Code    26  __scatter_copy.o(!!handler_copy)
    __scatterload_zeroinit                   0x08000145   Thumb Code    28  __scatter_zi.o(!!handler_zi)
    _printf_f                                0x08000161   Thumb Code     0  _printf_f.o(.ARM.Collect$$_printf_percent$$00000003)
    _printf_percent                          0x08000161   Thumb Code     0  _printf_percent.o(.ARM.Collect$$_printf_percent$$00000000)
    _printf_d                                0x08000167   Thumb Code     0  _printf_d.o(.ARM.Collect$$_printf_percent$$00000009)
    _printf_percent_end                      0x0800016d   Thumb Code     0  _printf_percent_end.o(.ARM.Collect$$_printf_percent$$00000017)
    __rt_lib_init                            0x08000171   Thumb Code     0  libinit.o(.ARM.Collect$$libinit$$00000000)
    __rt_lib_init_fp_1                       0x08000173   Thumb Code     0  libinit2.o(.ARM.Collect$$libinit$$00000002)
    __rt_lib_init_heap_1                     0x08000173   Thumb Code     0  libinit2.o(.ARM.Collect$$libinit$$0000000A)
    __rt_lib_init_lc_common                  0x08000173   Thumb Code     0  libinit2.o(.ARM.Collect$$libinit$$0000000F)
    __rt_lib_init_preinit_1                  0x08000173   Thumb Code     0  libinit2.o(.ARM.Collect$$libinit$$00000004)
    __rt_lib_init_rand_1                     0x08000173   Thumb Code     0  libinit2.o(.ARM.Collect$$libinit$$0000000E)
    __rt_lib_init_user_alloc_1               0x08000173   Thumb Code     0  libinit2.o(.ARM.Collect$$libinit$$0000000C)
    __rt_lib_init_lc_collate_1               0x08000179   Thumb Code     0  libinit2.o(.ARM.Collect$$libinit$$00000011)
    __rt_lib_init_lc_ctype_1                 0x08000179   Thumb Code     0  libinit2.o(.ARM.Collect$$libinit$$00000013)
    __rt_lib_init_lc_monetary_1              0x08000179   Thumb Code     0  libinit2.o(.ARM.Collect$$libinit$$00000015)
    __rt_lib_init_lc_numeric_2               0x08000179   Thumb Code     0  libinit2.o(.ARM.Collect$$libinit$$00000016)
    __rt_lib_init_alloca_1                   0x08000183   Thumb Code     0  libinit2.o(.ARM.Collect$$libinit$$0000002E)
    __rt_lib_init_argv_1                     0x08000183   Thumb Code     0  libinit2.o(.ARM.Collect$$libinit$$0000002C)
    __rt_lib_init_atexit_1                   0x08000183   Thumb Code     0  libinit2.o(.ARM.Collect$$libinit$$0000001B)
    __rt_lib_init_clock_1                    0x08000183   Thumb Code     0  libinit2.o(.ARM.Collect$$libinit$$00000021)
    __rt_lib_init_cpp_1                      0x08000183   Thumb Code     0  libinit2.o(.ARM.Collect$$libinit$$00000032)
    __rt_lib_init_exceptions_1               0x08000183   Thumb Code     0  libinit2.o(.ARM.Collect$$libinit$$00000030)
    __rt_lib_init_fp_trap_1                  0x08000183   Thumb Code     0  libinit2.o(.ARM.Collect$$libinit$$0000001F)
    __rt_lib_init_getenv_1                   0x08000183   Thumb Code     0  libinit2.o(.ARM.Collect$$libinit$$00000023)
    __rt_lib_init_lc_numeric_1               0x08000183   Thumb Code     0  libinit2.o(.ARM.Collect$$libinit$$00000017)
    __rt_lib_init_lc_time_1                  0x08000183   Thumb Code     0  libinit2.o(.ARM.Collect$$libinit$$00000019)
    __rt_lib_init_return                     0x08000183   Thumb Code     0  libinit2.o(.ARM.Collect$$libinit$$00000033)
    __rt_lib_init_signal_1                   0x08000183   Thumb Code     0  libinit2.o(.ARM.Collect$$libinit$$0000001D)
    __rt_lib_init_stdio_1                    0x08000183   Thumb Code     0  libinit2.o(.ARM.Collect$$libinit$$00000025)
    __rt_lib_shutdown                        0x08000185   Thumb Code     0  libshutdown.o(.ARM.Collect$$libshutdown$$00000000)
    __rt_lib_shutdown_cpp_1                  0x08000187   Thumb Code     0  libshutdown2.o(.ARM.Collect$$libshutdown$$00000002)
    __rt_lib_shutdown_fp_trap_1              0x08000187   Thumb Code     0  libshutdown2.o(.ARM.Collect$$libshutdown$$00000007)
    __rt_lib_shutdown_heap_1                 0x08000187   Thumb Code     0  libshutdown2.o(.ARM.Collect$$libshutdown$$0000000F)
    __rt_lib_shutdown_return                 0x08000187   Thumb Code     0  libshutdown2.o(.ARM.Collect$$libshutdown$$00000010)
    __rt_lib_shutdown_signal_1               0x08000187   Thumb Code     0  libshutdown2.o(.ARM.Collect$$libshutdown$$0000000A)
    __rt_lib_shutdown_stdio_1                0x08000187   Thumb Code     0  libshutdown2.o(.ARM.Collect$$libshutdown$$00000004)
    __rt_lib_shutdown_user_alloc_1           0x08000187   Thumb Code     0  libshutdown2.o(.ARM.Collect$$libshutdown$$0000000C)
    __rt_entry                               0x08000189   Thumb Code     0  __rtentry.o(.ARM.Collect$$rtentry$$00000000)
    __rt_entry_presh_1                       0x08000189   Thumb Code     0  __rtentry2.o(.ARM.Collect$$rtentry$$00000002)
    __rt_entry_sh                            0x08000189   Thumb Code     0  __rtentry4.o(.ARM.Collect$$rtentry$$00000004)
    __rt_entry_li                            0x0800018f   Thumb Code     0  __rtentry2.o(.ARM.Collect$$rtentry$$0000000A)
    __rt_entry_postsh_1                      0x0800018f   Thumb Code     0  __rtentry2.o(.ARM.Collect$$rtentry$$00000009)
    __rt_entry_main                          0x08000193   Thumb Code     0  __rtentry2.o(.ARM.Collect$$rtentry$$0000000D)
    __rt_entry_postli_1                      0x08000193   Thumb Code     0  __rtentry2.o(.ARM.Collect$$rtentry$$0000000C)
    __rt_exit                                0x0800019b   Thumb Code     0  rtexit.o(.ARM.Collect$$rtexit$$00000000)
    __rt_exit_ls                             0x0800019d   Thumb Code     0  rtexit2.o(.ARM.Collect$$rtexit$$00000003)
    __rt_exit_prels_1                        0x0800019d   Thumb Code     0  rtexit2.o(.ARM.Collect$$rtexit$$00000002)
    __rt_exit_exit                           0x080001a1   Thumb Code     0  rtexit2.o(.ARM.Collect$$rtexit$$00000004)
    Reset_Handler                            0x080001a9   Thumb Code     8  startup_stm32f103xb.o(.text)
    ADC1_2_IRQHandler                        0x080001c3   Thumb Code     0  startup_stm32f103xb.o(.text)
    CAN1_RX1_IRQHandler                      0x080001c3   Thumb Code     0  startup_stm32f103xb.o(.text)
    CAN1_SCE_IRQHandler                      0x080001c3   Thumb Code     0  startup_stm32f103xb.o(.text)
    DMA1_Channel1_IRQHandler                 0x080001c3   Thumb Code     0  startup_stm32f103xb.o(.text)
    DMA1_Channel2_IRQHandler                 0x080001c3   Thumb Code     0  startup_stm32f103xb.o(.text)
    DMA1_Channel3_IRQHandler                 0x080001c3   Thumb Code     0  startup_stm32f103xb.o(.text)
    DMA1_Channel4_IRQHandler                 0x080001c3   Thumb Code     0  startup_stm32f103xb.o(.text)
    DMA1_Channel5_IRQHandler                 0x080001c3   Thumb Code     0  startup_stm32f103xb.o(.text)
    DMA1_Channel6_IRQHandler                 0x080001c3   Thumb Code     0  startup_stm32f103xb.o(.text)
    DMA1_Channel7_IRQHandler                 0x080001c3   Thumb Code     0  startup_stm32f103xb.o(.text)
    EXTI0_IRQHandler                         0x080001c3   Thumb Code     0  startup_stm32f103xb.o(.text)
    EXTI15_10_IRQHandler                     0x080001c3   Thumb Code     0  startup_stm32f103xb.o(.text)
    EXTI1_IRQHandler                         0x080001c3   Thumb Code     0  startup_stm32f103xb.o(.text)
    EXTI2_IRQHandler                         0x080001c3   Thumb Code     0  startup_stm32f103xb.o(.text)
    EXTI3_IRQHandler                         0x080001c3   Thumb Code     0  startup_stm32f103xb.o(.text)
    EXTI4_IRQHandler                         0x080001c3   Thumb Code     0  startup_stm32f103xb.o(.text)
    EXTI9_5_IRQHandler                       0x080001c3   Thumb Code     0  startup_stm32f103xb.o(.text)
    FLASH_IRQHandler                         0x080001c3   Thumb Code     0  startup_stm32f103xb.o(.text)
    I2C1_ER_IRQHandler                       0x080001c3   Thumb Code     0  startup_stm32f103xb.o(.text)
    I2C1_EV_IRQHandler                       0x080001c3   Thumb Code     0  startup_stm32f103xb.o(.text)
    I2C2_ER_IRQHandler                       0x080001c3   Thumb Code     0  startup_stm32f103xb.o(.text)
    I2C2_EV_IRQHandler                       0x080001c3   Thumb Code     0  startup_stm32f103xb.o(.text)
    PVD_IRQHandler                           0x080001c3   Thumb Code     0  startup_stm32f103xb.o(.text)
    RCC_IRQHandler                           0x080001c3   Thumb Code     0  startup_stm32f103xb.o(.text)
    RTC_Alarm_IRQHandler                     0x080001c3   Thumb Code     0  startup_stm32f103xb.o(.text)
    RTC_IRQHandler                           0x080001c3   Thumb Code     0  startup_stm32f103xb.o(.text)
    SPI1_IRQHandler                          0x080001c3   Thumb Code     0  startup_stm32f103xb.o(.text)
    SPI2_IRQHandler                          0x080001c3   Thumb Code     0  startup_stm32f103xb.o(.text)
    TAMPER_IRQHandler                        0x080001c3   Thumb Code     0  startup_stm32f103xb.o(.text)
    TIM1_BRK_IRQHandler                      0x080001c3   Thumb Code     0  startup_stm32f103xb.o(.text)
    TIM1_CC_IRQHandler                       0x080001c3   Thumb Code     0  startup_stm32f103xb.o(.text)
    TIM1_TRG_COM_IRQHandler                  0x080001c3   Thumb Code     0  startup_stm32f103xb.o(.text)
    TIM1_UP_IRQHandler                       0x080001c3   Thumb Code     0  startup_stm32f103xb.o(.text)
    TIM2_IRQHandler                          0x080001c3   Thumb Code     0  startup_stm32f103xb.o(.text)
    TIM3_IRQHandler                          0x080001c3   Thumb Code     0  startup_stm32f103xb.o(.text)
    TIM4_IRQHandler                          0x080001c3   Thumb Code     0  startup_stm32f103xb.o(.text)
    USART1_IRQHandler                        0x080001c3   Thumb Code     0  startup_stm32f103xb.o(.text)
    USART3_IRQHandler                        0x080001c3   Thumb Code     0  startup_stm32f103xb.o(.text)
    USBWakeUp_IRQHandler                     0x080001c3   Thumb Code     0  startup_stm32f103xb.o(.text)
    USB_HP_CAN1_TX_IRQHandler                0x080001c3   Thumb Code     0  startup_stm32f103xb.o(.text)
    USB_LP_CAN1_RX0_IRQHandler               0x080001c3   Thumb Code     0  startup_stm32f103xb.o(.text)
    WWDG_IRQHandler                          0x080001c3   Thumb Code     0  startup_stm32f103xb.o(.text)
    __user_initial_stackheap                 0x080001c5   Thumb Code     0  startup_stm32f103xb.o(.text)
    __2sprintf                               0x080001e9   Thumb Code    38  __2sprintf.o(.text)
    _printf_pre_padding                      0x08000215   Thumb Code    44  _printf_pad.o(.text)
    _printf_post_padding                     0x08000241   Thumb Code    34  _printf_pad.o(.text)
    _printf_int_dec                          0x08000265   Thumb Code   104  _printf_dec.o(.text)
    __printf                                 0x080002dd   Thumb Code   308  __printf_flags_wp.o(.text)
    strcat                                   0x08000415   Thumb Code    24  strcat.o(.text)
    __aeabi_memclr4                          0x0800042d   Thumb Code     0  rt_memclr_w.o(.text)
    __aeabi_memclr8                          0x0800042d   Thumb Code     0  rt_memclr_w.o(.text)
    __rt_memclr_w                            0x0800042d   Thumb Code    78  rt_memclr_w.o(.text)
    _memset_w                                0x08000431   Thumb Code     0  rt_memclr_w.o(.text)
    strcmp                                   0x0800047d   Thumb Code   128  strcmpv7m.o(.text)
    __use_two_region_memory                  0x080004fd   Thumb Code     2  heapauxi.o(.text)
    __rt_heap_escrow                         0x080004ff   Thumb Code     2  heapauxi.o(.text)
    __rt_heap_expand                         0x08000501   Thumb Code     2  heapauxi.o(.text)
    _printf_int_common                       0x08000503   Thumb Code   178  _printf_intcommon.o(.text)
    __lib_sel_fp_printf                      0x080005b5   Thumb Code     2  _printf_fp_dec.o(.text)
    _printf_fp_dec_real                      0x08000767   Thumb Code   620  _printf_fp_dec.o(.text)
    _printf_char_common                      0x080009df   Thumb Code    32  _printf_char_common.o(.text)
    _sputc                                   0x08000a05   Thumb Code    10  _sputc.o(.text)
    __user_libspace                          0x08000a11   Thumb Code     8  libspace.o(.text)
    __user_perproc_libspace                  0x08000a11   Thumb Code     0  libspace.o(.text)
    __user_perthread_libspace                0x08000a11   Thumb Code     0  libspace.o(.text)
    __rt_locale                              0x08000a19   Thumb Code     8  rt_locale_intlibspace.o(.text)
    _ll_udiv10                               0x08000a21   Thumb Code   138  lludiv10.o(.text)
    _printf_fp_infnan                        0x08000aad   Thumb Code   112  _printf_fp_infnan.o(.text)
    _btod_etento                             0x08000b2d   Thumb Code   224  bigflt0.o(.text)
    __I$use$semihosting                      0x08000c11   Thumb Code     0  use_no_semi.o(.text)
    __use_no_semihosting_swi                 0x08000c11   Thumb Code     2  use_no_semi.o(.text)
    __semihosting_library_function           0x08000c13   Thumb Code     0  indicate_semi.o(.text)
    __user_setup_stackheap                   0x08000c13   Thumb Code    74  sys_stackheap_outer.o(.text)
    exit                                     0x08000c5d   Thumb Code    18  exit.o(.text)
    _sys_exit                                0x08000c71   Thumb Code     8  sys_exit.o(.text)
    _btod_d2e                                0x08000c7d   Thumb Code    62  btod.o(CL$$btod_d2e)
    _d2e_denorm_low                          0x08000cbb   Thumb Code    70  btod.o(CL$$btod_d2e_denorm_low)
    _d2e_norm_op1                            0x08000d01   Thumb Code    96  btod.o(CL$$btod_d2e_norm_op1)
    __btod_div_common                        0x08000d61   Thumb Code   696  btod.o(CL$$btod_div_common)
    _e2e                                     0x08001099   Thumb Code   220  btod.o(CL$$btod_e2e)
    _btod_ediv                               0x08001175   Thumb Code    42  btod.o(CL$$btod_ediv)
    _btod_emul                               0x0800119f   Thumb Code    42  btod.o(CL$$btod_emul)
    __btod_mult_common                       0x080011c9   Thumb Code   580  btod.o(CL$$btod_mult_common)
    BusFault_Handler                         0x0800140d   Thumb Code     2  stm32f1xx_it.o(i.BusFault_Handler)
    DHT_Check_Response                       0x08001411   Thumb Code    50  dht.o(i.DHT_Check_Response)
    DHT_GetData                              0x08001449   Thumb Code    86  dht.o(i.DHT_GetData)
    DHT_Read                                 0x080014a5   Thumb Code    88  dht.o(i.DHT_Read)
    DHT_Start                                0x08001501   Thumb Code    62  dht.o(i.DHT_Start)
    DWT_Delay_Init                           0x08001545   Thumb Code    58  dht.o(i.DWT_Delay_Init)
    DebugMon_Handler                         0x08001589   Thumb Code     2  stm32f1xx_it.o(i.DebugMon_Handler)
    Flash_Read_String                        0x080015c5   Thumb Code   110  flash.o(i.Flash_Read_String)
    Flash_Write_String                       0x0800163d   Thumb Code    74  flash.o(i.Flash_Write_String)
    HAL_DMA_Abort                            0x0800168d   Thumb Code    70  stm32f1xx_hal_dma.o(i.HAL_DMA_Abort)
    HAL_DMA_Abort_IT                         0x080016d5   Thumb Code   148  stm32f1xx_hal_dma.o(i.HAL_DMA_Abort_IT)
    HAL_Delay                                0x0800176d   Thumb Code    32  stm32f1xx_hal.o(i.HAL_Delay)
    HAL_FLASH_Lock                           0x08001791   Thumb Code    14  stm32f1xx_hal_flash.o(i.HAL_FLASH_Lock)
    HAL_FLASH_Unlock                         0x080017a5   Thumb Code    28  stm32f1xx_hal_flash.o(i.HAL_FLASH_Unlock)
    HAL_GPIO_Init                            0x080017cd   Thumb Code   446  stm32f1xx_hal_gpio.o(i.HAL_GPIO_Init)
    HAL_GPIO_ReadPin                         0x080019ad   Thumb Code    10  stm32f1xx_hal_gpio.o(i.HAL_GPIO_ReadPin)
    HAL_GPIO_TogglePin                       0x080019b7   Thumb Code    16  stm32f1xx_hal_gpio.o(i.HAL_GPIO_TogglePin)
    HAL_GPIO_WritePin                        0x080019c7   Thumb Code    10  stm32f1xx_hal_gpio.o(i.HAL_GPIO_WritePin)
    HAL_GetTick                              0x080019d1   Thumb Code     6  stm32f1xx_hal.o(i.HAL_GetTick)
    HAL_IncTick                              0x080019dd   Thumb Code    12  stm32f1xx_hal.o(i.HAL_IncTick)
    HAL_Init                                 0x080019ed   Thumb Code    32  stm32f1xx_hal.o(i.HAL_Init)
    HAL_InitTick                             0x08001a11   Thumb Code    54  stm32f1xx_hal.o(i.HAL_InitTick)
    HAL_MspInit                              0x08001a51   Thumb Code    52  stm32f1xx_hal_msp.o(i.HAL_MspInit)
    HAL_NVIC_EnableIRQ                       0x08001a8d   Thumb Code    26  stm32f1xx_hal_cortex.o(i.HAL_NVIC_EnableIRQ)
    HAL_NVIC_SetPriority                     0x08001aa9   Thumb Code    60  stm32f1xx_hal_cortex.o(i.HAL_NVIC_SetPriority)
    HAL_NVIC_SetPriorityGrouping             0x08001ae9   Thumb Code    26  stm32f1xx_hal_cortex.o(i.HAL_NVIC_SetPriorityGrouping)
    HAL_PWR_EnableBkUpAccess                 0x08001b0d   Thumb Code     8  stm32f1xx_hal_pwr.o(i.HAL_PWR_EnableBkUpAccess)
    HAL_RCCEx_GetPeriphCLKFreq               0x08001b19   Thumb Code   166  stm32f1xx_hal_rcc_ex.o(i.HAL_RCCEx_GetPeriphCLKFreq)
    HAL_RCCEx_PeriphCLKConfig                0x08001be1   Thumb Code   224  stm32f1xx_hal_rcc_ex.o(i.HAL_RCCEx_PeriphCLKConfig)
    HAL_RCC_ClockConfig                      0x08001ccd   Thumb Code   280  stm32f1xx_hal_rcc.o(i.HAL_RCC_ClockConfig)
    HAL_RCC_GetHCLKFreq                      0x08001df9   Thumb Code     6  stm32f1xx_hal_rcc.o(i.HAL_RCC_GetHCLKFreq)
    HAL_RCC_GetPCLK1Freq                     0x08001e05   Thumb Code    20  stm32f1xx_hal_rcc.o(i.HAL_RCC_GetPCLK1Freq)
    HAL_RCC_GetPCLK2Freq                     0x08001e25   Thumb Code    20  stm32f1xx_hal_rcc.o(i.HAL_RCC_GetPCLK2Freq)
    HAL_RCC_GetSysClockFreq                  0x08001e45   Thumb Code    74  stm32f1xx_hal_rcc.o(i.HAL_RCC_GetSysClockFreq)
    HAL_RCC_OscConfig                        0x08001eb1   Thumb Code   778  stm32f1xx_hal_rcc.o(i.HAL_RCC_OscConfig)
    HAL_RTCEx_BKUPRead                       0x080021d1   Thumb Code    10  stm32f1xx_hal_rtc_ex.o(i.HAL_RTCEx_BKUPRead)
    HAL_RTCEx_BKUPWrite                      0x080021e1   Thumb Code    12  stm32f1xx_hal_rtc_ex.o(i.HAL_RTCEx_BKUPWrite)
    HAL_RTC_GetTime                          0x080021f1   Thumb Code   216  stm32f1xx_hal_rtc.o(i.HAL_RTC_GetTime)
    HAL_RTC_Init                             0x080022c9   Thumb Code   154  stm32f1xx_hal_rtc.o(i.HAL_RTC_Init)
    HAL_RTC_MspInit                          0x08002369   Thumb Code    40  stm32f1xx_hal_msp.o(i.HAL_RTC_MspInit)
    HAL_RTC_SetDate                          0x0800239d   Thumb Code   192  stm32f1xx_hal_rtc.o(i.HAL_RTC_SetDate)
    HAL_RTC_SetTime                          0x08002461   Thumb Code   168  stm32f1xx_hal_rtc.o(i.HAL_RTC_SetTime)
    HAL_RTC_WaitForSynchro                   0x0800250d   Thumb Code    58  stm32f1xx_hal_rtc.o(i.HAL_RTC_WaitForSynchro)
    HAL_SYSTICK_Config                       0x08002547   Thumb Code    40  stm32f1xx_hal_cortex.o(i.HAL_SYSTICK_Config)
    HAL_UARTEx_RxEventCallback               0x0800256f   Thumb Code     2  stm32f1xx_hal_uart.o(i.HAL_UARTEx_RxEventCallback)
    HAL_UART_ErrorCallback                   0x08002571   Thumb Code     2  stm32f1xx_hal_uart.o(i.HAL_UART_ErrorCallback)
    HAL_UART_IRQHandler                      0x08002575   Thumb Code   520  stm32f1xx_hal_uart.o(i.HAL_UART_IRQHandler)
    HAL_UART_Init                            0x08002781   Thumb Code    98  stm32f1xx_hal_uart.o(i.HAL_UART_Init)
    HAL_UART_MspInit                         0x080027e5   Thumb Code   114  stm32f1xx_hal_msp.o(i.HAL_UART_MspInit)
    HAL_UART_Receive_IT                      0x08002865   Thumb Code    42  stm32f1xx_hal_uart.o(i.HAL_UART_Receive_IT)
    HAL_UART_RxCpltCallback                  0x08002891   Thumb Code    10  main.o(i.HAL_UART_RxCpltCallback)
    HAL_UART_Transmit                        0x080028a1   Thumb Code   178  stm32f1xx_hal_uart.o(i.HAL_UART_Transmit)
    HAL_UART_TxCpltCallback                  0x08002953   Thumb Code     2  stm32f1xx_hal_uart.o(i.HAL_UART_TxCpltCallback)
    HardFault_Handler                        0x08002955   Thumb Code     2  stm32f1xx_it.o(i.HardFault_Handler)
    MemManage_Handler                        0x08002a8d   Thumb Code     2  stm32f1xx_it.o(i.MemManage_Handler)
    NMI_Handler                              0x08002a8f   Thumb Code     2  stm32f1xx_it.o(i.NMI_Handler)
    PendSV_Handler                           0x08002a91   Thumb Code     2  stm32f1xx_it.o(i.PendSV_Handler)
    SVC_Handler                              0x08002ca7   Thumb Code     2  stm32f1xx_it.o(i.SVC_Handler)
    Set_Pin_Input                            0x08002ca9   Thumb Code    20  dht.o(i.Set_Pin_Input)
    Set_Pin_Output                           0x08002cbd   Thumb Code    24  dht.o(i.Set_Pin_Output)
    SysTick_Handler                          0x08002cd5   Thumb Code     4  stm32f1xx_it.o(i.SysTick_Handler)
    SystemClock_Config                       0x08002cd9   Thumb Code   128  main.o(i.SystemClock_Config)
    SystemInit                               0x08002d59   Thumb Code     2  system_stm32f1xx.o(i.SystemInit)
    Task_DHT11                               0x08002d5d   Thumb Code    24  main.o(i.Task_DHT11)
    Task_Gui_Cho_Esp                         0x08002d79   Thumb Code    32  main.o(i.Task_Gui_Cho_Esp)
    Task_Gui_Tu_Flash                        0x08002da1   Thumb Code    50  main.o(i.Task_Gui_Tu_Flash)
    Task_Luu_Flash                           0x08002ddd   Thumb Code    76  main.o(i.Task_Luu_Flash)
    Task_Tao_Data                            0x08002e39   Thumb Code   194  main.o(i.Task_Tao_Data)
    UART_Start_Receive_IT                    0x080030f1   Thumb Code    54  stm32f1xx_hal_uart.o(i.UART_Start_Receive_IT)
    USART2_IRQHandler                        0x0800318d   Thumb Code     6  stm32f1xx_it.o(i.USART2_IRQHandler)
    UsageFault_Handler                       0x08003199   Thumb Code     2  stm32f1xx_it.o(i.UsageFault_Handler)
    __ARM_fpclassify                         0x0800319b   Thumb Code    40  fpclassify.o(i.__ARM_fpclassify)
    _is_digit                                0x080031e3   Thumb Code    14  __printf_wp.o(i._is_digit)
    delay                                    0x080031f1   Thumb Code    34  dht.o(i.delay)
    main                                     0x0800321d   Thumb Code   228  main.o(i.main)
    _get_lc_numeric                          0x08003311   Thumb Code    44  lc_numeric_c.o(locale$$code)
    __fpl_dretinf                            0x0800333d   Thumb Code    12  dretinf.o(x$fpl$dretinf)
    __aeabi_f2d                              0x08003349   Thumb Code     0  f2d.o(x$fpl$f2d)
    _f2d                                     0x08003349   Thumb Code    86  f2d.o(x$fpl$f2d)
    __aeabi_ui2f                             0x080033a1   Thumb Code     0  fflt_clz.o(x$fpl$ffltu)
    _ffltu                                   0x080033a1   Thumb Code    38  fflt_clz.o(x$fpl$ffltu)
    __fpl_fnaninf                            0x080033c7   Thumb Code   140  fnaninf.o(x$fpl$fnaninf)
    _printf_fp_dec                           0x08003453   Thumb Code     4  printf1.o(x$fpl$printf1)
    AHBPrescTable                            0x08003456   Data          16  system_stm32f1xx.o(.constdata)
    __I$use$fp                               0x08003456   Number         0  usenofp.o(x$fpl$usenofp)
    APBPrescTable                            0x08003466   Data           8  system_stm32f1xx.o(.constdata)
    Region$$Table$$Base                      0x08003514   Number         0  anon$$obj.o(Region$$Table)
    Region$$Table$$Limit                     0x08003534   Number         0  anon$$obj.o(Region$$Table)
    Presence                                 0x20000000   Data           1  dht.o(.data)
    Rh_byte1                                 0x20000001   Data           1  dht.o(.data)
    Rh_byte2                                 0x20000002   Data           1  dht.o(.data)
    Temp_byte1                               0x20000003   Data           1  dht.o(.data)
    Temp_byte2                               0x20000004   Data           1  dht.o(.data)
    SUM                                      0x20000006   Data           2  dht.o(.data)
    sTime                                    0x20000008   Data           3  main.o(.data)
    temperature                              0x2000000c   Data           4  main.o(.data)
    humidity                                 0x20000010   Data           4  main.o(.data)
    flag_gui                                 0x20000014   Data           4  main.o(.data)
    flag_luu                                 0x20000018   Data           4  main.o(.data)
    count                                    0x2000001c   Data           4  main.o(.data)
    so_lan_da_luu                            0x20000020   Data           4  main.o(.data)
    flag_rx                                  0x20000024   Data           4  main.o(.data)
    luu_usrt                                 0x20000028   Data           5  main.o(.data)
    last_tick                                0x20000030   Data           8  main.o(.data)
    DHT11_Data                               0x20000038   Data           8  main.o(.data)
    uwTickFreq                               0x20000040   Data           1  stm32f1xx_hal.o(.data)
    uwTickPrio                               0x20000044   Data           4  stm32f1xx_hal.o(.data)
    uwTick                                   0x20000048   Data           4  stm32f1xx_hal.o(.data)
    SystemCoreClock                          0x2000004c   Data           4  system_stm32f1xx.o(.data)
    hrtc                                     0x20000050   Data          20  main.o(.bss)
    huart2                                   0x20000064   Data          68  main.o(.bss)
    data_luu_json                            0x200000a8   Data         500  main.o(.bss)
    JSON_Flash                               0x2000029c   Data         500  main.o(.bss)
    str_temperature                          0x20000490   Data          50  main.o(.bss)
    str_humidity                             0x200004c2   Data          50  main.o(.bss)
    JSON                                     0x200004f4   Data          50  main.o(.bss)
    str_time                                 0x20000526   Data          30  main.o(.bss)
    __libspace_start                         0x20000544   Data          96  libspace.o(.bss)
    __temporary_stack_top$libspace           0x200005a4   Data           0  libspace.o(.bss)



==============================================================================

Memory Map of the image

  Image Entry point : 0x080000ed

  Load Region LR_IROM1 (Base: 0x08000000, Size: 0x000035a0, Max: 0x00010000, ABSOLUTE)

    Execution Region ER_IROM1 (Exec base: 0x08000000, Load base: 0x08000000, Size: 0x00003550, Max: 0x00010000, ABSOLUTE)

    Exec Addr    Load Addr    Size         Type   Attr      Idx    E Section Name        Object

    0x08000000   0x08000000   0x000000ec   Data   RO            3    RESET               startup_stm32f103xb.o
    0x080000ec   0x080000ec   0x00000008   Code   RO         3002  * !!!main             c_w.l(__main.o)
    0x080000f4   0x080000f4   0x00000034   Code   RO         3399    !!!scatter          c_w.l(__scatter.o)
    0x08000128   0x08000128   0x0000001a   Code   RO         3401    !!handler_copy      c_w.l(__scatter_copy.o)
    0x08000142   0x08000142   0x00000002   PAD
    0x08000144   0x08000144   0x0000001c   Code   RO         3403    !!handler_zi        c_w.l(__scatter_zi.o)
    0x08000160   0x08000160   0x00000000   Code   RO         2981    .ARM.Collect$$_printf_percent$$00000000  c_w.l(_printf_percent.o)
    0x08000160   0x08000160   0x00000006   Code   RO         2979    .ARM.Collect$$_printf_percent$$00000003  c_w.l(_printf_f.o)
    0x08000166   0x08000166   0x00000006   Code   RO         2978    .ARM.Collect$$_printf_percent$$00000009  c_w.l(_printf_d.o)
    0x0800016c   0x0800016c   0x00000004   Code   RO         3082    .ARM.Collect$$_printf_percent$$00000017  c_w.l(_printf_percent_end.o)
    0x08000170   0x08000170   0x00000002   Code   RO         3291    .ARM.Collect$$libinit$$00000000  c_w.l(libinit.o)
    0x08000172   0x08000172   0x00000000   Code   RO         3094    .ARM.Collect$$libinit$$00000002  c_w.l(libinit2.o)
    0x08000172   0x08000172   0x00000000   Code   RO         3096    .ARM.Collect$$libinit$$00000004  c_w.l(libinit2.o)
    0x08000172   0x08000172   0x00000000   Code   RO         3099    .ARM.Collect$$libinit$$0000000A  c_w.l(libinit2.o)
    0x08000172   0x08000172   0x00000000   Code   RO         3101    .ARM.Collect$$libinit$$0000000C  c_w.l(libinit2.o)
    0x08000172   0x08000172   0x00000000   Code   RO         3103    .ARM.Collect$$libinit$$0000000E  c_w.l(libinit2.o)
    0x08000172   0x08000172   0x00000006   Code   RO         3104    .ARM.Collect$$libinit$$0000000F  c_w.l(libinit2.o)
    0x08000178   0x08000178   0x00000000   Code   RO         3106    .ARM.Collect$$libinit$$00000011  c_w.l(libinit2.o)
    0x08000178   0x08000178   0x00000000   Code   RO         3108    .ARM.Collect$$libinit$$00000013  c_w.l(libinit2.o)
    0x08000178   0x08000178   0x00000000   Code   RO         3110    .ARM.Collect$$libinit$$00000015  c_w.l(libinit2.o)
    0x08000178   0x08000178   0x0000000a   Code   RO         3111    .ARM.Collect$$libinit$$00000016  c_w.l(libinit2.o)
    0x08000182   0x08000182   0x00000000   Code   RO         3112    .ARM.Collect$$libinit$$00000017  c_w.l(libinit2.o)
    0x08000182   0x08000182   0x00000000   Code   RO         3114    .ARM.Collect$$libinit$$00000019  c_w.l(libinit2.o)
    0x08000182   0x08000182   0x00000000   Code   RO         3116    .ARM.Collect$$libinit$$0000001B  c_w.l(libinit2.o)
    0x08000182   0x08000182   0x00000000   Code   RO         3118    .ARM.Collect$$libinit$$0000001D  c_w.l(libinit2.o)
    0x08000182   0x08000182   0x00000000   Code   RO         3120    .ARM.Collect$$libinit$$0000001F  c_w.l(libinit2.o)
    0x08000182   0x08000182   0x00000000   Code   RO         3122    .ARM.Collect$$libinit$$00000021  c_w.l(libinit2.o)
    0x08000182   0x08000182   0x00000000   Code   RO         3124    .ARM.Collect$$libinit$$00000023  c_w.l(libinit2.o)
    0x08000182   0x08000182   0x00000000   Code   RO         3126    .ARM.Collect$$libinit$$00000025  c_w.l(libinit2.o)
    0x08000182   0x08000182   0x00000000   Code   RO         3130    .ARM.Collect$$libinit$$0000002C  c_w.l(libinit2.o)
    0x08000182   0x08000182   0x00000000   Code   RO         3132    .ARM.Collect$$libinit$$0000002E  c_w.l(libinit2.o)
    0x08000182   0x08000182   0x00000000   Code   RO         3134    .ARM.Collect$$libinit$$00000030  c_w.l(libinit2.o)
    0x08000182   0x08000182   0x00000000   Code   RO         3136    .ARM.Collect$$libinit$$00000032  c_w.l(libinit2.o)
    0x08000182   0x08000182   0x00000002   Code   RO         3137    .ARM.Collect$$libinit$$00000033  c_w.l(libinit2.o)
    0x08000184   0x08000184   0x00000002   Code   RO         3390    .ARM.Collect$$libshutdown$$00000000  c_w.l(libshutdown.o)
    0x08000186   0x08000186   0x00000000   Code   RO         3317    .ARM.Collect$$libshutdown$$00000002  c_w.l(libshutdown2.o)
    0x08000186   0x08000186   0x00000000   Code   RO         3319    .ARM.Collect$$libshutdown$$00000004  c_w.l(libshutdown2.o)
    0x08000186   0x08000186   0x00000000   Code   RO         3322    .ARM.Collect$$libshutdown$$00000007  c_w.l(libshutdown2.o)
    0x08000186   0x08000186   0x00000000   Code   RO         3325    .ARM.Collect$$libshutdown$$0000000A  c_w.l(libshutdown2.o)
    0x08000186   0x08000186   0x00000000   Code   RO         3327    .ARM.Collect$$libshutdown$$0000000C  c_w.l(libshutdown2.o)
    0x08000186   0x08000186   0x00000000   Code   RO         3330    .ARM.Collect$$libshutdown$$0000000F  c_w.l(libshutdown2.o)
    0x08000186   0x08000186   0x00000002   Code   RO         3331    .ARM.Collect$$libshutdown$$00000010  c_w.l(libshutdown2.o)
    0x08000188   0x08000188   0x00000000   Code   RO         3046    .ARM.Collect$$rtentry$$00000000  c_w.l(__rtentry.o)
    0x08000188   0x08000188   0x00000000   Code   RO         3155    .ARM.Collect$$rtentry$$00000002  c_w.l(__rtentry2.o)
    0x08000188   0x08000188   0x00000006   Code   RO         3167    .ARM.Collect$$rtentry$$00000004  c_w.l(__rtentry4.o)
    0x0800018e   0x0800018e   0x00000000   Code   RO         3157    .ARM.Collect$$rtentry$$00000009  c_w.l(__rtentry2.o)
    0x0800018e   0x0800018e   0x00000004   Code   RO         3158    .ARM.Collect$$rtentry$$0000000A  c_w.l(__rtentry2.o)
    0x08000192   0x08000192   0x00000000   Code   RO         3160    .ARM.Collect$$rtentry$$0000000C  c_w.l(__rtentry2.o)
    0x08000192   0x08000192   0x00000008   Code   RO         3161    .ARM.Collect$$rtentry$$0000000D  c_w.l(__rtentry2.o)
    0x0800019a   0x0800019a   0x00000002   Code   RO         3302    .ARM.Collect$$rtexit$$00000000  c_w.l(rtexit.o)
    0x0800019c   0x0800019c   0x00000000   Code   RO         3349    .ARM.Collect$$rtexit$$00000002  c_w.l(rtexit2.o)
    0x0800019c   0x0800019c   0x00000004   Code   RO         3350    .ARM.Collect$$rtexit$$00000003  c_w.l(rtexit2.o)
    0x080001a0   0x080001a0   0x00000006   Code   RO         3351    .ARM.Collect$$rtexit$$00000004  c_w.l(rtexit2.o)
    0x080001a6   0x080001a6   0x00000002   PAD
    0x080001a8   0x080001a8   0x00000040   Code   RO            4    .text               startup_stm32f103xb.o
    0x080001e8   0x080001e8   0x0000002c   Code   RO         2925    .text               c_w.l(__2sprintf.o)
    0x08000214   0x08000214   0x0000004e   Code   RO         2931    .text               c_w.l(_printf_pad.o)
    0x08000262   0x08000262   0x00000002   PAD
    0x08000264   0x08000264   0x00000078   Code   RO         2933    .text               c_w.l(_printf_dec.o)
    0x080002dc   0x080002dc   0x00000138   Code   RO         2968    .text               c_w.l(__printf_flags_wp.o)
    0x08000414   0x08000414   0x00000018   Code   RO         2990    .text               c_w.l(strcat.o)
    0x0800042c   0x0800042c   0x0000004e   Code   RO         2996    .text               c_w.l(rt_memclr_w.o)
    0x0800047a   0x0800047a   0x00000002   PAD
    0x0800047c   0x0800047c   0x00000080   Code   RO         2998    .text               c_w.l(strcmpv7m.o)
    0x080004fc   0x080004fc   0x00000006   Code   RO         3000    .text               c_w.l(heapauxi.o)
    0x08000502   0x08000502   0x000000b2   Code   RO         3074    .text               c_w.l(_printf_intcommon.o)
    0x080005b4   0x080005b4   0x0000041e   Code   RO         3076    .text               c_w.l(_printf_fp_dec.o)
    0x080009d2   0x080009d2   0x00000002   PAD
    0x080009d4   0x080009d4   0x00000030   Code   RO         3078    .text               c_w.l(_printf_char_common.o)
    0x08000a04   0x08000a04   0x0000000a   Code   RO         3080    .text               c_w.l(_sputc.o)
    0x08000a0e   0x08000a0e   0x00000002   PAD
    0x08000a10   0x08000a10   0x00000008   Code   RO         3151    .text               c_w.l(libspace.o)
    0x08000a18   0x08000a18   0x00000008   Code   RO         3172    .text               c_w.l(rt_locale_intlibspace.o)
    0x08000a20   0x08000a20   0x0000008a   Code   RO         3187    .text               c_w.l(lludiv10.o)
    0x08000aaa   0x08000aaa   0x00000002   PAD
    0x08000aac   0x08000aac   0x00000080   Code   RO         3191    .text               c_w.l(_printf_fp_infnan.o)
    0x08000b2c   0x08000b2c   0x000000e4   Code   RO         3197    .text               c_w.l(bigflt0.o)
    0x08000c10   0x08000c10   0x00000002   Code   RO         3261    .text               c_w.l(use_no_semi.o)
    0x08000c12   0x08000c12   0x00000000   Code   RO         3263    .text               c_w.l(indicate_semi.o)
    0x08000c12   0x08000c12   0x0000004a   Code   RO         3264    .text               c_w.l(sys_stackheap_outer.o)
    0x08000c5c   0x08000c5c   0x00000012   Code   RO         3276    .text               c_w.l(exit.o)
    0x08000c6e   0x08000c6e   0x00000002   PAD
    0x08000c70   0x08000c70   0x0000000c   Code   RO         3300    .text               c_w.l(sys_exit.o)
    0x08000c7c   0x08000c7c   0x0000003e   Code   RO         3200    CL$$btod_d2e        c_w.l(btod.o)
    0x08000cba   0x08000cba   0x00000046   Code   RO         3202    CL$$btod_d2e_denorm_low  c_w.l(btod.o)
    0x08000d00   0x08000d00   0x00000060   Code   RO         3201    CL$$btod_d2e_norm_op1  c_w.l(btod.o)
    0x08000d60   0x08000d60   0x00000338   Code   RO         3210    CL$$btod_div_common  c_w.l(btod.o)
    0x08001098   0x08001098   0x000000dc   Code   RO         3207    CL$$btod_e2e        c_w.l(btod.o)
    0x08001174   0x08001174   0x0000002a   Code   RO         3204    CL$$btod_ediv       c_w.l(btod.o)
    0x0800119e   0x0800119e   0x0000002a   Code   RO         3203    CL$$btod_emul       c_w.l(btod.o)
    0x080011c8   0x080011c8   0x00000244   Code   RO         3209    CL$$btod_mult_common  c_w.l(btod.o)
    0x0800140c   0x0800140c   0x00000002   Code   RO         1010    i.BusFault_Handler  stm32f1xx_it.o
    0x0800140e   0x0800140e   0x00000002   PAD
    0x08001410   0x08001410   0x00000038   Code   RO          830    i.DHT_Check_Response  dht.o
    0x08001448   0x08001448   0x0000005c   Code   RO          831    i.DHT_GetData       dht.o
    0x080014a4   0x080014a4   0x0000005c   Code   RO          832    i.DHT_Read          dht.o
    0x08001500   0x08001500   0x00000044   Code   RO          833    i.DHT_Start         dht.o
    0x08001544   0x08001544   0x00000044   Code   RO          834    i.DWT_Delay_Init    dht.o
    0x08001588   0x08001588   0x00000002   Code   RO         1011    i.DebugMon_Handler  stm32f1xx_it.o
    0x0800158a   0x0800158a   0x00000002   PAD
    0x0800158c   0x0800158c   0x00000038   Code   RO           13    i.Flash_Erase       flash.o
    0x080015c4   0x080015c4   0x00000078   Code   RO           16    i.Flash_Read_String  flash.o
    0x0800163c   0x0800163c   0x00000050   Code   RO           20    i.Flash_Write_String  flash.o
    0x0800168c   0x0800168c   0x00000046   Code   RO         1827    i.HAL_DMA_Abort     stm32f1xx_hal_dma.o
    0x080016d2   0x080016d2   0x00000002   PAD
    0x080016d4   0x080016d4   0x00000098   Code   RO         1828    i.HAL_DMA_Abort_IT  stm32f1xx_hal_dma.o
    0x0800176c   0x0800176c   0x00000024   Code   RO         1455    i.HAL_Delay         stm32f1xx_hal.o
    0x08001790   0x08001790   0x00000014   Code   RO         2169    i.HAL_FLASH_Lock    stm32f1xx_hal_flash.o
    0x080017a4   0x080017a4   0x00000028   Code   RO         2176    i.HAL_FLASH_Unlock  stm32f1xx_hal_flash.o
    0x080017cc   0x080017cc   0x000001e0   Code   RO         1763    i.HAL_GPIO_Init     stm32f1xx_hal_gpio.o
    0x080019ac   0x080019ac   0x0000000a   Code   RO         1765    i.HAL_GPIO_ReadPin  stm32f1xx_hal_gpio.o
    0x080019b6   0x080019b6   0x00000010   Code   RO         1766    i.HAL_GPIO_TogglePin  stm32f1xx_hal_gpio.o
    0x080019c6   0x080019c6   0x0000000a   Code   RO         1767    i.HAL_GPIO_WritePin  stm32f1xx_hal_gpio.o
    0x080019d0   0x080019d0   0x0000000c   Code   RO         1459    i.HAL_GetTick       stm32f1xx_hal.o
    0x080019dc   0x080019dc   0x00000010   Code   RO         1465    i.HAL_IncTick       stm32f1xx_hal.o
    0x080019ec   0x080019ec   0x00000024   Code   RO         1466    i.HAL_Init          stm32f1xx_hal.o
    0x08001a10   0x08001a10   0x00000040   Code   RO         1467    i.HAL_InitTick      stm32f1xx_hal.o
    0x08001a50   0x08001a50   0x0000003c   Code   RO         1092    i.HAL_MspInit       stm32f1xx_hal_msp.o
    0x08001a8c   0x08001a8c   0x0000001a   Code   RO         1923    i.HAL_NVIC_EnableIRQ  stm32f1xx_hal_cortex.o
    0x08001aa6   0x08001aa6   0x00000002   PAD
    0x08001aa8   0x08001aa8   0x00000040   Code   RO         1929    i.HAL_NVIC_SetPriority  stm32f1xx_hal_cortex.o
    0x08001ae8   0x08001ae8   0x00000024   Code   RO         1930    i.HAL_NVIC_SetPriorityGrouping  stm32f1xx_hal_cortex.o
    0x08001b0c   0x08001b0c   0x0000000c   Code   RO         2045    i.HAL_PWR_EnableBkUpAccess  stm32f1xx_hal_pwr.o
    0x08001b18   0x08001b18   0x000000c8   Code   RO         1725    i.HAL_RCCEx_GetPeriphCLKFreq  stm32f1xx_hal_rcc_ex.o
    0x08001be0   0x08001be0   0x000000ec   Code   RO         1726    i.HAL_RCCEx_PeriphCLKConfig  stm32f1xx_hal_rcc_ex.o
    0x08001ccc   0x08001ccc   0x0000012c   Code   RO         1623    i.HAL_RCC_ClockConfig  stm32f1xx_hal_rcc.o
    0x08001df8   0x08001df8   0x0000000c   Code   RO         1628    i.HAL_RCC_GetHCLKFreq  stm32f1xx_hal_rcc.o
    0x08001e04   0x08001e04   0x00000020   Code   RO         1630    i.HAL_RCC_GetPCLK1Freq  stm32f1xx_hal_rcc.o
    0x08001e24   0x08001e24   0x00000020   Code   RO         1631    i.HAL_RCC_GetPCLK2Freq  stm32f1xx_hal_rcc.o
    0x08001e44   0x08001e44   0x0000006c   Code   RO         1632    i.HAL_RCC_GetSysClockFreq  stm32f1xx_hal_rcc.o
    0x08001eb0   0x08001eb0   0x00000320   Code   RO         1635    i.HAL_RCC_OscConfig  stm32f1xx_hal_rcc.o
    0x080021d0   0x080021d0   0x00000010   Code   RO         1346    i.HAL_RTCEx_BKUPRead  stm32f1xx_hal_rtc_ex.o
    0x080021e0   0x080021e0   0x00000010   Code   RO         1347    i.HAL_RTCEx_BKUPWrite  stm32f1xx_hal_rtc_ex.o
    0x080021f0   0x080021f0   0x000000d8   Code   RO         1183    i.HAL_RTC_GetTime   stm32f1xx_hal_rtc.o
    0x080022c8   0x080022c8   0x000000a0   Code   RO         1184    i.HAL_RTC_Init      stm32f1xx_hal_rtc.o
    0x08002368   0x08002368   0x00000034   Code   RO         1094    i.HAL_RTC_MspInit   stm32f1xx_hal_msp.o
    0x0800239c   0x0800239c   0x000000c4   Code   RO         1190    i.HAL_RTC_SetDate   stm32f1xx_hal_rtc.o
    0x08002460   0x08002460   0x000000ac   Code   RO         1191    i.HAL_RTC_SetTime   stm32f1xx_hal_rtc.o
    0x0800250c   0x0800250c   0x0000003a   Code   RO         1192    i.HAL_RTC_WaitForSynchro  stm32f1xx_hal_rtc.o
    0x08002546   0x08002546   0x00000028   Code   RO         1934    i.HAL_SYSTICK_Config  stm32f1xx_hal_cortex.o
    0x0800256e   0x0800256e   0x00000002   Code   RO         2470    i.HAL_UARTEx_RxEventCallback  stm32f1xx_hal_uart.o
    0x08002570   0x08002570   0x00000002   Code   RO         2484    i.HAL_UART_ErrorCallback  stm32f1xx_hal_uart.o
    0x08002572   0x08002572   0x00000002   PAD
    0x08002574   0x08002574   0x0000020c   Code   RO         2487    i.HAL_UART_IRQHandler  stm32f1xx_hal_uart.o
    0x08002780   0x08002780   0x00000062   Code   RO         2488    i.HAL_UART_Init     stm32f1xx_hal_uart.o
    0x080027e2   0x080027e2   0x00000002   PAD
    0x080027e4   0x080027e4   0x00000080   Code   RO         1096    i.HAL_UART_MspInit  stm32f1xx_hal_msp.o
    0x08002864   0x08002864   0x0000002a   Code   RO         2493    i.HAL_UART_Receive_IT  stm32f1xx_hal_uart.o
    0x0800288e   0x0800288e   0x00000002   PAD
    0x08002890   0x08002890   0x00000010   Code   RO          901    i.HAL_UART_RxCpltCallback  main.o
    0x080028a0   0x080028a0   0x000000b2   Code   RO         2496    i.HAL_UART_Transmit  stm32f1xx_hal_uart.o
    0x08002952   0x08002952   0x00000002   Code   RO         2499    i.HAL_UART_TxCpltCallback  stm32f1xx_hal_uart.o
    0x08002954   0x08002954   0x00000002   Code   RO         1012    i.HardFault_Handler  stm32f1xx_it.o
    0x08002956   0x08002956   0x00000002   PAD
    0x08002958   0x08002958   0x000000a8   Code   RO          902    i.MX_GPIO_Init      main.o
    0x08002a00   0x08002a00   0x0000008c   Code   RO          903    i.MX_RTC_Init       main.o
    0x08002a8c   0x08002a8c   0x00000002   Code   RO         1013    i.MemManage_Handler  stm32f1xx_it.o
    0x08002a8e   0x08002a8e   0x00000002   Code   RO         1014    i.NMI_Handler       stm32f1xx_it.o
    0x08002a90   0x08002a90   0x00000002   Code   RO         1015    i.PendSV_Handler    stm32f1xx_it.o
    0x08002a92   0x08002a92   0x00000012   Code   RO         1193    i.RTC_Bcd2ToByte    stm32f1xx_hal_rtc.o
    0x08002aa4   0x08002aa4   0x00000016   Code   RO         1194    i.RTC_ByteToBcd2    stm32f1xx_hal_rtc.o
    0x08002aba   0x08002aba   0x000000ae   Code   RO         1195    i.RTC_DateUpdate    stm32f1xx_hal_rtc.o
    0x08002b68   0x08002b68   0x00000034   Code   RO         1196    i.RTC_EnterInitMode  stm32f1xx_hal_rtc.o
    0x08002b9c   0x08002b9c   0x00000036   Code   RO         1197    i.RTC_ExitInitMode  stm32f1xx_hal_rtc.o
    0x08002bd2   0x08002bd2   0x0000000e   Code   RO         1198    i.RTC_ReadAlarmCounter  stm32f1xx_hal_rtc.o
    0x08002be0   0x08002be0   0x00000020   Code   RO         1199    i.RTC_ReadTimeCounter  stm32f1xx_hal_rtc.o
    0x08002c00   0x08002c00   0x00000056   Code   RO         1200    i.RTC_WeekDayNum    stm32f1xx_hal_rtc.o
    0x08002c56   0x08002c56   0x00000028   Code   RO         1201    i.RTC_WriteAlarmCounter  stm32f1xx_hal_rtc.o
    0x08002c7e   0x08002c7e   0x00000028   Code   RO         1202    i.RTC_WriteTimeCounter  stm32f1xx_hal_rtc.o
    0x08002ca6   0x08002ca6   0x00000002   Code   RO         1016    i.SVC_Handler       stm32f1xx_it.o
    0x08002ca8   0x08002ca8   0x00000014   Code   RO          835    i.Set_Pin_Input     dht.o
    0x08002cbc   0x08002cbc   0x00000018   Code   RO          836    i.Set_Pin_Output    dht.o
    0x08002cd4   0x08002cd4   0x00000004   Code   RO         1017    i.SysTick_Handler   stm32f1xx_it.o
    0x08002cd8   0x08002cd8   0x00000080   Code   RO          904    i.SystemClock_Config  main.o
    0x08002d58   0x08002d58   0x00000002   Code   RO         2817    i.SystemInit        system_stm32f1xx.o
    0x08002d5a   0x08002d5a   0x00000002   PAD
    0x08002d5c   0x08002d5c   0x0000001c   Code   RO          905    i.Task_DHT11        main.o
    0x08002d78   0x08002d78   0x00000028   Code   RO          906    i.Task_Gui_Cho_Esp  main.o
    0x08002da0   0x08002da0   0x0000003c   Code   RO          907    i.Task_Gui_Tu_Flash  main.o
    0x08002ddc   0x08002ddc   0x0000005c   Code   RO          908    i.Task_Luu_Flash    main.o
    0x08002e38   0x08002e38   0x00000108   Code   RO          909    i.Task_Tao_Data     main.o
    0x08002f40   0x08002f40   0x00000010   Code   RO         2501    i.UART_DMAAbortOnError  stm32f1xx_hal_uart.o
    0x08002f50   0x08002f50   0x00000030   Code   RO         2511    i.UART_EndRxTransfer  stm32f1xx_hal_uart.o
    0x08002f80   0x08002f80   0x000000b6   Code   RO         2513    i.UART_Receive_IT   stm32f1xx_hal_uart.o
    0x08003036   0x08003036   0x00000002   PAD
    0x08003038   0x08003038   0x000000b8   Code   RO         2514    i.UART_SetConfig    stm32f1xx_hal_uart.o
    0x080030f0   0x080030f0   0x00000036   Code   RO         2516    i.UART_Start_Receive_IT  stm32f1xx_hal_uart.o
    0x08003126   0x08003126   0x00000064   Code   RO         2517    i.UART_WaitOnFlagUntilTimeout  stm32f1xx_hal_uart.o
    0x0800318a   0x0800318a   0x00000002   PAD
    0x0800318c   0x0800318c   0x0000000c   Code   RO         1018    i.USART2_IRQHandler  stm32f1xx_it.o
    0x08003198   0x08003198   0x00000002   Code   RO         1019    i.UsageFault_Handler  stm32f1xx_it.o
    0x0800319a   0x0800319a   0x00000028   Code   RO         3253    i.__ARM_fpclassify  m_ws.l(fpclassify.o)
    0x080031c2   0x080031c2   0x00000020   Code   RO         1936    i.__NVIC_SetPriority  stm32f1xx_hal_cortex.o
    0x080031e2   0x080031e2   0x0000000e   Code   RO         2966    i._is_digit         c_w.l(__printf_wp.o)
    0x080031f0   0x080031f0   0x0000002c   Code   RO          837    i.delay             dht.o
    0x0800321c   0x0800321c   0x000000f4   Code   RO          911    i.main              main.o
    0x08003310   0x08003310   0x0000002c   Code   RO         3226    locale$$code        c_w.l(lc_numeric_c.o)
    0x0800333c   0x0800333c   0x0000000c   Code   RO         3144    x$fpl$dretinf       fz_ws.l(dretinf.o)
    0x08003348   0x08003348   0x00000056   Code   RO         3026    x$fpl$f2d           fz_ws.l(f2d.o)
    0x0800339e   0x0800339e   0x00000002   PAD
    0x080033a0   0x080033a0   0x00000026   Code   RO         3028    x$fpl$ffltu         fz_ws.l(fflt_clz.o)
    0x080033c6   0x080033c6   0x0000008c   Code   RO         3146    x$fpl$fnaninf       fz_ws.l(fnaninf.o)
    0x08003452   0x08003452   0x00000004   Code   RO         3034    x$fpl$printf1       fz_ws.l(printf1.o)
    0x08003456   0x08003456   0x00000000   Code   RO         3148    x$fpl$usenofp       fz_ws.l(usenofp.o)
    0x08003456   0x08003456   0x00000010   Data   RO         2818    .constdata          system_stm32f1xx.o
    0x08003466   0x08003466   0x00000008   Data   RO         2819    .constdata          system_stm32f1xx.o
    0x0800346e   0x0800346e   0x00000011   Data   RO         2969    .constdata          c_w.l(__printf_flags_wp.o)
    0x0800347f   0x0800347f   0x00000001   PAD
    0x08003480   0x08003480   0x00000094   Data   RO         3198    .constdata          c_w.l(bigflt0.o)
    0x08003514   0x08003514   0x00000020   Data   RO         3397    Region$$Table       anon$$obj.o
    0x08003534   0x08003534   0x0000001c   Data   RO         3225    locale$$data        c_w.l(lc_numeric_c.o)


    Execution Region RW_IRAM1 (Exec base: 0x20000000, Load base: 0x08003550, Size: 0x00000ba8, Max: 0x00005000, ABSOLUTE)

    Exec Addr    Load Addr    Size         Type   Attr      Idx    E Section Name        Object

    0x20000000   0x08003550   0x00000008   Data   RW          838    .data               dht.o
    0x20000008   0x08003558   0x00000038   Data   RW          914    .data               main.o
    0x20000040   0x08003590   0x0000000c   Data   RW         1473    .data               stm32f1xx_hal.o
    0x2000004c   0x0800359c   0x00000004   Data   RW         2820    .data               system_stm32f1xx.o
    0x20000050        -       0x000004f4   Zero   RW          912    .bss                main.o
    0x20000544        -       0x00000060   Zero   RW         3152    .bss                c_w.l(libspace.o)
    0x200005a4   0x080035a0   0x00000004   PAD
    0x200005a8        -       0x00000200   Zero   RW            2    HEAP                startup_stm32f103xb.o
    0x200007a8        -       0x00000400   Zero   RW            1    STACK               startup_stm32f103xb.o


==============================================================================

Image component sizes


      Code (inc. data)   RO Data    RW Data    ZI Data      Debug   Object Name

       464         42          0          8          0       5547   dht.o
       256         22          0          0          0     406580   flash.o
      1180        154          0         56       1268       7661   main.o
        64         26        236          0       1536        828   startup_stm32f103xb.o
       164         28          0         12          0       6049   stm32f1xx_hal.o
       198         14          0          0          0      29063   stm32f1xx_hal_cortex.o
       222          4          0          0          0       1823   stm32f1xx_hal_dma.o
        60         18          0          0          0       1156   stm32f1xx_hal_flash.o
       516         34          0          0          0       4212   stm32f1xx_hal_gpio.o
       240         34          0          0          0       2207   stm32f1xx_hal_msp.o
        12          4          0          0          0        531   stm32f1xx_hal_pwr.o
      1284        106          0          0          0       5768   stm32f1xx_hal_rcc.o
       436         46          0          0          0       2585   stm32f1xx_hal_rcc_ex.o
      1334         14          0          0          0      12198   stm32f1xx_hal_rtc.o
        32         10          0          0          0       1687   stm32f1xx_hal_rtc_ex.o
      1432         10          0          0          0      10772   stm32f1xx_hal_uart.o
        32          6          0          0          0       4486   stm32f1xx_it.o
         2          0         24          4          0       1167   system_stm32f1xx.o

    ----------------------------------------------------------------------
      7950        572        292         80       2804     504320   Object Totals
         0          0         32          0          0          0   (incl. Generated)
        22          0          0          0          0          0   (incl. Padding)

    ----------------------------------------------------------------------

      Code (inc. data)   RO Data    RW Data    ZI Data      Debug   Library Member Name

        44          6          0          0          0         84   __2sprintf.o
         8          0          0          0          0         68   __main.o
       312          4         17          0          0         92   __printf_flags_wp.o
        14          0          0          0          0         68   __printf_wp.o
         0          0          0          0          0          0   __rtentry.o
        12          0          0          0          0          0   __rtentry2.o
         6          0          0          0          0          0   __rtentry4.o
        52          8          0          0          0          0   __scatter.o
        26          0          0          0          0          0   __scatter_copy.o
        28          0          0          0          0          0   __scatter_zi.o
        48          6          0          0          0         96   _printf_char_common.o
         6          0          0          0          0          0   _printf_d.o
       120         16          0          0          0         92   _printf_dec.o
         6          0          0          0          0          0   _printf_f.o
      1054          0          0          0          0        216   _printf_fp_dec.o
       128         16          0          0          0         84   _printf_fp_infnan.o
       178          0          0          0          0         88   _printf_intcommon.o
        78          0          0          0          0        108   _printf_pad.o
         0          0          0          0          0          0   _printf_percent.o
         4          0          0          0          0          0   _printf_percent_end.o
        10          0          0          0          0         68   _sputc.o
       228          4        148          0          0         96   bigflt0.o
      1936        128          0          0          0        672   btod.o
        18          0          0          0          0         80   exit.o
         6          0          0          0          0        152   heapauxi.o
         0          0          0          0          0          0   indicate_semi.o
        44         10         28          0          0         76   lc_numeric_c.o
         2          0          0          0          0          0   libinit.o
        18          0          0          0          0          0   libinit2.o
         2          0          0          0          0          0   libshutdown.o
         2          0          0          0          0          0   libshutdown2.o
         8          4          0          0         96         68   libspace.o
       138          0          0          0          0         80   lludiv10.o
         8          4          0          0          0         68   rt_locale_intlibspace.o
        78          0          0          0          0         80   rt_memclr_w.o
         2          0          0          0          0          0   rtexit.o
        10          0          0          0          0          0   rtexit2.o
        24          0          0          0          0         68   strcat.o
       128          0          0          0          0         68   strcmpv7m.o
        12          4          0          0          0         68   sys_exit.o
        74          0          0          0          0         80   sys_stackheap_outer.o
         2          0          0          0          0         68   use_no_semi.o
        12          0          0          0          0         68   dretinf.o
        86          4          0          0          0         84   f2d.o
        38          0          0          0          0         68   fflt_clz.o
       140          4          0          0          0         84   fnaninf.o
         4          0          0          0          0         68   printf1.o
         0          0          0          0          0          0   usenofp.o
        40          0          0          0          0         68   fpclassify.o

    ----------------------------------------------------------------------
      5212        218        194          0        100       3228   Library Totals
        18          0          1          0          4          0   (incl. Padding)

    ----------------------------------------------------------------------

      Code (inc. data)   RO Data    RW Data    ZI Data      Debug   Library Name

      4874        210        193          0         96       2788   c_w.l
       280          8          0          0          0        372   fz_ws.l
        40          0          0          0          0         68   m_ws.l

    ----------------------------------------------------------------------
      5212        218        194          0        100       3228   Library Totals

    ----------------------------------------------------------------------

==============================================================================


      Code (inc. data)   RO Data    RW Data    ZI Data      Debug   

     13162        790        486         80       2904     501252   Grand Totals
     13162        790        486         80       2904     501252   ELF Image Totals
     13162        790        486         80          0          0   ROM Totals

==============================================================================

    Total RO  Size (Code + RO Data)                13648 (  13.33kB)
    Total RW  Size (RW Data + ZI Data)              2984 (   2.91kB)
    Total ROM Size (Code + RO Data + RW Data)      13728 (  13.41kB)

==============================================================================

