Component: ARM Compiler 5.06 update 6 (build 750) Tool: armlink [4d35ed]

==============================================================================

Section Cross References

    startup_stm32f103xb.o(STACK) refers (Special) to heapauxi.o(.text) for __use_two_region_memory
    startup_stm32f103xb.o(HEAP) refers (Special) to heapauxi.o(.text) for __use_two_region_memory
    startup_stm32f103xb.o(RESET) refers (Special) to heapauxi.o(.text) for __use_two_region_memory
    startup_stm32f103xb.o(RESET) refers to startup_stm32f103xb.o(STACK) for __initial_sp
    startup_stm32f103xb.o(RESET) refers to startup_stm32f103xb.o(.text) for Reset_Handler
    startup_stm32f103xb.o(RESET) refers to stm32f1xx_it.o(i.NMI_Handler) for NMI_Handler
    startup_stm32f103xb.o(RESET) refers to stm32f1xx_it.o(i.HardFault_Handler) for HardFault_Handler
    startup_stm32f103xb.o(RESET) refers to stm32f1xx_it.o(i.MemManage_Handler) for MemManage_Handler
    startup_stm32f103xb.o(RESET) refers to stm32f1xx_it.o(i.BusFault_Handler) for BusFault_Handler
    startup_stm32f103xb.o(RESET) refers to stm32f1xx_it.o(i.UsageFault_Handler) for UsageFault_Handler
    startup_stm32f103xb.o(RESET) refers to stm32f1xx_it.o(i.SVC_Handler) for SVC_Handler
    startup_stm32f103xb.o(RESET) refers to stm32f1xx_it.o(i.DebugMon_Handler) for DebugMon_Handler
    startup_stm32f103xb.o(RESET) refers to stm32f1xx_it.o(i.PendSV_Handler) for PendSV_Handler
    startup_stm32f103xb.o(RESET) refers to stm32f1xx_it.o(i.SysTick_Handler) for SysTick_Handler
    startup_stm32f103xb.o(RESET) refers to stm32f1xx_it.o(i.USART2_IRQHandler) for USART2_IRQHandler
    startup_stm32f103xb.o(.text) refers (Special) to heapauxi.o(.text) for __use_two_region_memory
    startup_stm32f103xb.o(.text) refers to system_stm32f1xx.o(i.SystemInit) for SystemInit
    startup_stm32f103xb.o(.text) refers to __main.o(!!!main) for __main
    startup_stm32f103xb.o(.text) refers to startup_stm32f103xb.o(HEAP) for Heap_Mem
    startup_stm32f103xb.o(.text) refers to startup_stm32f103xb.o(STACK) for Stack_Mem
    flash.o(i.Flash_Read_Array_16bit) refers to stm32f1xx_hal_flash.o(i.HAL_FLASH_Unlock) for HAL_FLASH_Unlock
    flash.o(i.Flash_Read_Array_16bit) refers to stm32f1xx_hal_flash.o(i.HAL_FLASH_Lock) for HAL_FLASH_Lock
    flash.o(i.Flash_Read_Array_16bit) refers to stm32f1xx_hal.o(.data) for uwTickFreq
    flash.o(i.Flash_Read_Array_32bit) refers to stm32f1xx_hal.o(.data) for uwTickFreq
    flash.o(i.Flash_Read_String) refers to stm32f1xx_hal_flash.o(i.HAL_FLASH_Unlock) for HAL_FLASH_Unlock
    flash.o(i.Flash_Read_String) refers to stm32f1xx_hal_flash.o(i.HAL_FLASH_Lock) for HAL_FLASH_Lock
    flash.o(i.Flash_Read_String) refers to stm32f1xx_hal.o(.data) for uwTickFreq
    flash.o(i.Flash_Read_Uint) refers to stm32f1xx_hal.o(.data) for uwTickFreq
    flash.o(i.Flash_Write_Array_16bit) refers to stm32f1xx_hal_flash.o(i.HAL_FLASH_Unlock) for HAL_FLASH_Unlock
    flash.o(i.Flash_Write_Array_16bit) refers to flash.o(i.Flash_Erase) for Flash_Erase
    flash.o(i.Flash_Write_Array_16bit) refers to stm32f1xx_hal_flash.o(i.HAL_FLASH_Lock) for HAL_FLASH_Lock
    flash.o(i.Flash_Write_Array_32bit) refers to stm32f1xx_hal_flash.o(i.HAL_FLASH_Unlock) for HAL_FLASH_Unlock
    flash.o(i.Flash_Write_Array_32bit) refers to flash.o(i.Flash_Erase) for Flash_Erase
    flash.o(i.Flash_Write_Array_32bit) refers to stm32f1xx_hal_flash.o(i.HAL_FLASH_Lock) for HAL_FLASH_Lock
    flash.o(i.Flash_Write_String) refers to stm32f1xx_hal_flash.o(i.HAL_FLASH_Unlock) for HAL_FLASH_Unlock
    flash.o(i.Flash_Write_String) refers to flash.o(i.Flash_Erase) for Flash_Erase
    flash.o(i.Flash_Write_String) refers to stm32f1xx_hal_flash.o(i.HAL_FLASH_Lock) for HAL_FLASH_Lock
    flash.o(i.Flash_Write_Uint) refers to stm32f1xx_hal_flash.o(i.HAL_FLASH_Unlock) for HAL_FLASH_Unlock
    flash.o(i.Flash_Write_Uint) refers to flash.o(i.Flash_Erase) for Flash_Erase
    flash.o(i.Flash_Write_Uint) refers to stm32f1xx_hal_flash.o(i.HAL_FLASH_Lock) for HAL_FLASH_Lock
    main.o(i.ClearBufferEnd) refers to stm32f1xx_hal.o(i.HAL_GetTick) for HAL_GetTick
    main.o(i.ClearBufferEnd) refers to main.o(.data) for .data
    main.o(i.ClearBufferEnd) refers to main.o(.bss) for .bss
    main.o(i.HAL_UART_RxCpltCallback) refers to stm32f1xx_hal.o(i.HAL_GetTick) for HAL_GetTick
    main.o(i.HAL_UART_RxCpltCallback) refers to main.o(i.Received) for Received
    main.o(i.HAL_UART_RxCpltCallback) refers to stm32f1xx_hal_uart.o(i.HAL_UART_Receive_IT) for HAL_UART_Receive_IT
    main.o(i.HAL_UART_RxCpltCallback) refers to main.o(.data) for .data
    main.o(i.HAL_UART_RxCpltCallback) refers to main.o(.bss) for .bss
    main.o(i.MX_GPIO_Init) refers to stm32f1xx_hal_gpio.o(i.HAL_GPIO_WritePin) for HAL_GPIO_WritePin
    main.o(i.MX_GPIO_Init) refers to stm32f1xx_hal_gpio.o(i.HAL_GPIO_Init) for HAL_GPIO_Init
    main.o(i.Received) refers to main.o(i.XuLyJSON) for XuLyJSON
    main.o(i.Received) refers to main.o(i.ClearBufferEnd) for ClearBufferEnd
[...]
    i.SysTick_Handler                        0x08003770   Section        0  stm32f1xx_it.o(i.SysTick_Handler)
    i.SystemClock_Config                     0x08003774   Section        0  main.o(i.SystemClock_Config)
    i.SystemInit                             0x080037d2   Section        0  system_stm32f1xx.o(i.SystemInit)
    i.UART_DMAAbortOnError                   0x080037d4   Section        0  stm32f1xx_hal_uart.o(i.UART_DMAAbortOnError)
    UART_DMAAbortOnError                     0x080037d5   Thumb Code    16  stm32f1xx_hal_uart.o(i.UART_DMAAbortOnError)
    i.UART_EndRxTransfer                     0x080037e4   Section        0  stm32f1xx_hal_uart.o(i.UART_EndRxTransfer)
    UART_EndRxTransfer                       0x080037e5   Thumb Code    48  stm32f1xx_hal_uart.o(i.UART_EndRxTransfer)
    i.UART_Receive_IT                        0x08003814   Section        0  stm32f1xx_hal_uart.o(i.UART_Receive_IT)
    UART_Receive_IT                          0x08003815   Thumb Code   182  stm32f1xx_hal_uart.o(i.UART_Receive_IT)
    i.UART_SetConfig                         0x080038cc   Section        0  stm32f1xx_hal_uart.o(i.UART_SetConfig)
    UART_SetConfig                           0x080038cd   Thumb Code   178  stm32f1xx_hal_uart.o(i.UART_SetConfig)
    i.UART_Start_Receive_IT                  0x08003984   Section        0  stm32f1xx_hal_uart.o(i.UART_Start_Receive_IT)
    i.UART_WaitOnFlagUntilTimeout            0x080039ba   Section        0  stm32f1xx_hal_uart.o(i.UART_WaitOnFlagUntilTimeout)
    UART_WaitOnFlagUntilTimeout              0x080039bb   Thumb Code   100  stm32f1xx_hal_uart.o(i.UART_WaitOnFlagUntilTimeout)
    i.USART2_IRQHandler                      0x08003a20   Section        0  stm32f1xx_it.o(i.USART2_IRQHandler)
    i.UsageFault_Handler                     0x08003a2c   Section        0  stm32f1xx_it.o(i.UsageFault_Handler)
    i.XuLyJSON                               0x08003a30   Section        0  main.o(i.XuLyJSON)
    i.__NVIC_SetPriority                     0x08003b54   Section        0  stm32f1xx_hal_cortex.o(i.__NVIC_SetPriority)
    __NVIC_SetPriority                       0x08003b55   Thumb Code    32  stm32f1xx_hal_cortex.o(i.__NVIC_SetPriority)
    i.__mathlib_dbl_overflow                 0x08003b74   Section        0  dunder.o(i.__mathlib_dbl_overflow)
    i.__mathlib_dbl_underflow                0x08003b84   Section        0  dunder.o(i.__mathlib_dbl_underflow)
    i.__mathlib_narrow                       0x08003b94   Section        0  narrow.o(i.__mathlib_narrow)
    i.__mathlib_tofloat                      0x08003ba4   Section        0  narrow.o(i.__mathlib_tofloat)
    i.__support_ldexp                        0x08003c60   Section        0  ldexp.o(i.__support_ldexp)
    i._is_digit                              0x08003c76   Section        0  __printf_wp.o(i._is_digit)
    i.buffer_skip_whitespace                 0x08003c84   Section        0  cjson.o(i.buffer_skip_whitespace)
    buffer_skip_whitespace                   0x08003c85   Thumb Code    48  cjson.o(i.buffer_skip_whitespace)
    i.cJSON_Delete                           0x08003cb4   Section        0  cjson.o(i.cJSON_Delete)
    i.cJSON_GetObjectItem                    0x08003cfc   Section        0  cjson.o(i.cJSON_GetObjectItem)
    i.cJSON_New_Item                         0x08003d02   Section        0  cjson.o(i.cJSON_New_Item)
    cJSON_New_Item                           0x08003d03   Thumb Code    22  cjson.o(i.cJSON_New_Item)
    i.cJSON_Parse                            0x08003d18   Section        0  cjson.o(i.cJSON_Parse)
    i.cJSON_ParseWithLengthOpts              0x08003d20   Section        0  cjson.o(i.cJSON_ParseWithLengthOpts)
    i.cJSON_ParseWithOpts                    0x08003dfc   Section        0  cjson.o(i.cJSON_ParseWithOpts)
    i.fputc                                  0x08003e1e   Section        0  fputc.o(i.fputc)
    i.frexp                                  0x08003e38   Section        0  frexp.o(i.frexp)
    i.get_object_item                        0x08003e90   Section        0  cjson.o(i.get_object_item)
    get_object_item                          0x08003e91   Thumb Code   122  cjson.o(i.get_object_item)
    i.ldexp                                  0x08003f0a   Section        0  ldexp.o(i.ldexp)
    i.main                                   0x08003f80   Section        0  main.o(i.main)
    i.parse_array                            0x08004074   Section        0  cjson.o(i.parse_array)
    parse_array                              0x08004075   Thumb Code   208  cjson.o(i.parse_array)
    i.parse_hex4                             0x08004144   Section        0  cjson.o(i.parse_hex4)
    parse_hex4                               0x08004145   Thumb Code    64  cjson.o(i.parse_hex4)
    i.parse_number                           0x08004184   Section        0  cjson.o(i.parse_number)
    parse_number                             0x08004185   Thumb Code   228  cjson.o(i.parse_number)
    i.parse_object                           0x08004274   Section        0  cjson.o(i.parse_object)
    parse_object                             0x08004275   Thumb Code   266  cjson.o(i.parse_object)
    i.parse_string                           0x0800437e   Section        0  cjson.o(i.parse_string)
    parse_string                             0x0800437f   Thumb Code   268  cjson.o(i.parse_string)
    i.parse_value                            0x0800448c   Section        0  cjson.o(i.parse_value)
    parse_value                              0x0800448d   Thumb Code   226  cjson.o(i.parse_value)
    i.strtod                                 0x08004588   Section        0  strtod.o(i.strtod)
    i.utf16_literal_to_utf8                  0x080045a4   Section        0  cjson.o(i.utf16_literal_to_utf8)
    utf16_literal_to_utf8                    0x080045a5   Thumb Code   210  cjson.o(i.utf16_literal_to_utf8)
    locale$$code                             0x08004678   Section       44  lc_ctype_c.o(locale$$code)
    locale$$code                             0x080046a4   Section       44  lc_numeric_c.o(locale$$code)
    x$fpl$d2f                                0x080046d0   Section       98  d2f.o(x$fpl$d2f)
    x$fpl$dcheck1                            0x08004734   Section       16  dcheck1.o(x$fpl$dcheck1)
    x$fpl$dcmpinf                            0x08004744   Section       24  dcmpi.o(x$fpl$dcmpinf)
    x$fpl$deqf                               0x0800475c   Section      120  deqf.o(x$fpl$deqf)
    x$fpl$dfix                               0x080047d4   Section       94  dfix.o(x$fpl$dfix)
    x$fpl$dleqf                              0x08004834   Section      120  dleqf.o(x$fpl$dleqf)
    x$fpl$dnaninf                            0x080048ac   Section      156  dnaninf.o(x$fpl$dnaninf)
    x$fpl$drleqf                             0x08004948   Section      108  drleqf.o(x$fpl$drleqf)
    x$fpl$fretinf                            0x080049b4   Section       10  fretinf.o(x$fpl$fretinf)
    x$fpl$ieeestatus                         0x080049be   Section        6  istatus.o(x$fpl$ieeestatus)
    x$fpl$retnan                             0x080049c4   Section      100  retnan.o(x$fpl$retnan)
    x$fpl$scalbn                             0x08004a28   Section       92  scalbn.o(x$fpl$scalbn)
    x$fpl$scanf1                             0x08004a84   Section        4  scanf1.o(x$fpl$scanf1)
    x$fpl$scanf2                             0x08004a88   Section        8  scanf2.o(x$fpl$scanf2)
    x$fpl$trapveneer                         0x08004a90   Section       48  trapv.o(x$fpl$trapveneer)
    .constdata                               0x08004ac0   Section       16  system_stm32f1xx.o(.constdata)
    x$fpl$usenofp                            0x08004ac0   Section        0  usenofp.o(x$fpl$usenofp)
    .constdata                               0x08004ad0   Section        8  system_stm32f1xx.o(.constdata)
    .constdata                               0x08004ad8   Section       17  __printf_flags_wp.o(.constdata)
    maptable                                 0x08004ad8   Data          17  __printf_flags_wp.o(.constdata)
    .constdata                               0x08004aec   Section      148  bigflt0.o(.constdata)
    tenpwrs_x                                0x08004aec   Data          60  bigflt0.o(.constdata)
    tenpwrs_i                                0x08004b28   Data          64  bigflt0.o(.constdata)
    .constdata                               0x08004b80   Section        4  sys_io.o(.constdata)
    .constdata                               0x08004b84   Section        4  sys_io.o(.constdata)
    .constdata                               0x08004b88   Section        4  sys_io.o(.constdata)
    c$$dinf                                  0x08004bac   Section        8  fpconst.o(c$$dinf)
    c$$dmax                                  0x08004bb4   Section        8  fpconst.o(c$$dmax)
    locale$$data                             0x08004bbc   Section      272  lc_ctype_c.o(locale$$data)
    __lcctype_c_name                         0x08004bc0   Data           2  lc_ctype_c.o(locale$$data)
    __lcctype_c_start                        0x08004bc8   Data           0  lc_ctype_c.o(locale$$data)
    locale$$data                             0x08004ccc   Section       28  lc_numeric_c.o(locale$$data)
    __lcctype_c_end                          0x08004ccc   Data           0  lc_ctype_c.o(locale$$data)
    __lcnum_c_name                           0x08004cd0   Data           2  lc_numeric_c.o(locale$$data)
    __lcnum_c_start                          0x08004cd8   Data           0  lc_numeric_c.o(locale$$data)
    __lcnum_c_point                          0x08004ce4   Data           0  lc_numeric_c.o(locale$$data)
    __lcnum_c_thousands                      0x08004ce6   Data           0  lc_numeric_c.o(locale$$data)
    __lcnum_c_grouping                       0x08004ce7   Data           0  lc_numeric_c.o(locale$$data)
    __lcnum_c_end                            0x08004ce8   Data           0  lc_numeric_c.o(locale$$data)
    .data                                    0x20000000   Section       40  main.o(.data)
    .data                                    0x20000028   Section       20  cjson.o(.data)
    global_error                             0x20000028   Data           8  cjson.o(.data)
    global_hooks                             0x20000030   Data          12  cjson.o(.data)
    .data                                    0x2000003c   Section       12  stm32f1xx_hal.o(.data)
    .data                                    0x20000048   Section        4  system_stm32f1xx.o(.data)
    .data                                    0x2000004c   Section        4  stdio_streams.o(.data)
    .data                                    0x20000050   Section        4  stdio_streams.o(.data)
    .data                                    0x20000054   Section        4  stdio_streams.o(.data)
    .bss                                     0x20000058   Section      568  main.o(.bss)
    .bss                                     0x20000290   Section       84  stdio_streams.o(.bss)
    .bss                                     0x200002e4   Section       84  stdio_streams.o(.bss)
    .bss                                     0x20000338   Section       84  stdio_streams.o(.bss)
    .bss                                     0x2000038c   Section       96  libspace.o(.bss)
    HEAP                                     0x200003f0   Section      512  startup_stm32f103xb.o(HEAP)
    Heap_Mem                                 0x200003f0   Data         512  startup_stm32f103xb.o(HEAP)
    STACK                                    0x200005f0   Section     1024  startup_stm32f103xb.o(STACK)
    Stack_Mem                                0x200005f0   Data        1024  startup_stm32f103xb.o(STACK)
    __initial_sp                             0x200009f0   Data           0  startup_stm32f103xb.o(STACK)

    Global Symbols

    Symbol Name                              Value     Ov Type        Size  Object(Section)

    BuildAttributes$$THM_ISAv4$P$D$K$B$S$PE$A:L22UL41UL21$X:L11$S22US41US21$IEEE1$IW$USESV6$~STKCKD$USESV7$~SHL$OTIME$ROPI$IEEEX$EBA8$UX$STANDARDLIB$REQ8$PRES8$EABIv2 0x00000000   Number         0  anon$$obj.o ABSOLUTE
    __ARM_use_no_argv                        0x00000000   Number         0  main.o ABSOLUTE
    _printf_flags                            0x00000000   Number         0  printf_stubs.o ABSOLUTE
    _printf_return_value                     0x00000000   Number         0  printf_stubs.o ABSOLUTE
    _printf_sizespec                         0x00000000   Number         0  printf_stubs.o ABSOLUTE
    _printf_widthprec                        0x00000000   Number         0  printf_stubs.o ABSOLUTE
    __ARM_exceptions_init                     - Undefined Weak Reference
    __alloca_initialize                       - Undefined Weak Reference
    __arm_preinit_                            - Undefined Weak Reference
    __cpp_initialize__aeabi_                  - Undefined Weak Reference
    __cxa_finalize                            - Undefined Weak Reference
    __sigvec_lookup                           - Undefined Weak Reference
    __user_heap_extent                        - Undefined Weak Reference
    _atexit_init                              - Undefined Weak Reference
    _call_atexit_fns                          - Undefined Weak Reference
    _clock_init                               - Undefined Weak Reference
    _fp_trap_init                             - Undefined Weak Reference
    _fp_trap_shutdown                         - Undefined Weak Reference
    _get_lc_collate                           - Undefined Weak Reference
    _get_lc_monetary                          - Undefined Weak Reference
    _get_lc_time                              - Undefined Weak Reference
    _getenv_init                              - Undefined Weak Reference
    _handle_redirection                       - Undefined Weak Reference
    _mutex_acquire                            - Undefined Weak Reference
    _mutex_free                               - Undefined Weak Reference
    _mutex_release                            - Undefined Weak Reference
    _printf_mbtowc                            - Undefined Weak Reference
    _printf_truncate_signed                   - Undefined Weak Reference
    _printf_truncate_unsigned                 - Undefined Weak Reference
    _rand_init                                - Undefined Weak Reference
    _scanf_int                                - Undefined Weak Reference
    _scanf_longlong                           - Undefined Weak Reference
    _scanf_mbtowc                             - Undefined Weak Reference
    _scanf_string                             - Undefined Weak Reference
    _scanf_wctomb                             - Undefined Weak Reference
    _scanf_wstring                            - Undefined Weak Reference
    _signal_finish                            - Undefined Weak Reference
    _signal_init                              - Undefined Weak Reference
    __Vectors_Size                           0x000000ec   Number         0  startup_stm32f103xb.o ABSOLUTE
    __Vectors                                0x08000000   Data           4  startup_stm32f103xb.o(RESET)
    __Vectors_End                            0x080000ec   Data           0  startup_stm32f103xb.o(RESET)
    __main                                   0x080000ed   Thumb Code     8  __main.o(!!!main)
    __scatterload                            0x080000f5   Thumb Code     0  __scatter.o(!!!scatter)
    __scatterload_rt2                        0x080000f5   Thumb Code    44  __scatter.o(!!!scatter)
    __scatterload_rt2_thumb_only             0x080000f5   Thumb Code     0  __scatter.o(!!!scatter)
    __scatterload_null                       0x08000103   Thumb Code     0  __scatter.o(!!!scatter)
    __scatterload_copy                       0x08000129   Thumb Code    26  __scatter_copy.o(!!handler_copy)
    __scatterload_zeroinit                   0x08000145   Thumb Code    28  __scatter_zi.o(!!handler_zi)
    _printf_d                                0x08000161   Thumb Code     0  _printf_d.o(.ARM.Collect$$_printf_percent$$00000009)
    _printf_percent                          0x08000161   Thumb Code     0  _printf_percent.o(.ARM.Collect$$_printf_percent$$00000000)
    _printf_s                                0x08000167   Thumb Code     0  _printf_s.o(.ARM.Collect$$_printf_percent$$00000014)
    _printf_percent_end                      0x0800016d   Thumb Code     0  _printf_percent_end.o(.ARM.Collect$$_printf_percent$$00000017)
    __rt_lib_init                            0x08000171   Thumb Code     0  libinit.o(.ARM.Collect$$libinit$$00000000)
    __rt_lib_init_fp_1                       0x08000173   Thumb Code     0  libinit2.o(.ARM.Collect$$libinit$$00000002)
    __rt_lib_init_heap_2                     0x08000173   Thumb Code     0  libinit2.o(.ARM.Collect$$libinit$$00000005)
    __rt_lib_init_preinit_1                  0x08000173   Thumb Code     0  libinit2.o(.ARM.Collect$$libinit$$00000004)
    __rt_lib_init_heap_1                     0x0800017b   Thumb Code     0  libinit2.o(.ARM.Collect$$libinit$$0000000A)
    __rt_lib_init_lc_common                  0x0800017b   Thumb Code     0  libinit2.o(.ARM.Collect$$libinit$$0000000F)
    __rt_lib_init_rand_1                     0x0800017b   Thumb Code     0  libinit2.o(.ARM.Collect$$libinit$$0000000E)
    __rt_lib_init_user_alloc_1               0x0800017b   Thumb Code     0  libinit2.o(.ARM.Collect$$libinit$$0000000C)
    __rt_lib_init_lc_collate_1               0x08000181   Thumb Code     0  libinit2.o(.ARM.Collect$$libinit$$00000011)
    __rt_lib_init_lc_ctype_2                 0x08000181   Thumb Code     0  libinit2.o(.ARM.Collect$$libinit$$00000012)
    __rt_lib_init_lc_ctype_1                 0x0800018d   Thumb Code     0  libinit2.o(.ARM.Collect$$libinit$$00000013)
    __rt_lib_init_lc_monetary_1              0x0800018d   Thumb Code     0  libinit2.o(.ARM.Collect$$libinit$$00000015)
    __rt_lib_init_lc_numeric_2               0x0800018d   Thumb Code     0  libinit2.o(.ARM.Collect$$libinit$$00000016)
    __rt_lib_init_atexit_1                   0x08000197   Thumb Code     0  libinit2.o(.ARM.Collect$$libinit$$0000001B)
    __rt_lib_init_clock_1                    0x08000197   Thumb Code     0  libinit2.o(.ARM.Collect$$libinit$$00000021)
    __rt_lib_init_fp_trap_1                  0x08000197   Thumb Code     0  libinit2.o(.ARM.Collect$$libinit$$0000001F)
    __rt_lib_init_getenv_1                   0x08000197   Thumb Code     0  libinit2.o(.ARM.Collect$$libinit$$00000023)
    __rt_lib_init_lc_numeric_1               0x08000197   Thumb Code     0  libinit2.o(.ARM.Collect$$libinit$$00000017)
    __rt_lib_init_lc_time_1                  0x08000197   Thumb Code     0  libinit2.o(.ARM.Collect$$libinit$$00000019)
    __rt_lib_init_signal_1                   0x08000197   Thumb Code     0  libinit2.o(.ARM.Collect$$libinit$$0000001D)
    __rt_lib_init_stdio_2                    0x08000197   Thumb Code     0  libinit2.o(.ARM.Collect$$libinit$$00000024)
    __rt_lib_init_alloca_1                   0x0800019b   Thumb Code     0  libinit2.o(.ARM.Collect$$libinit$$0000002E)
    __rt_lib_init_argv_1                     0x0800019b   Thumb Code     0  libinit2.o(.ARM.Collect$$libinit$$0000002C)
    __rt_lib_init_cpp_1                      0x0800019b   Thumb Code     0  libinit2.o(.ARM.Collect$$libinit$$00000032)
    __rt_lib_init_exceptions_1               0x0800019b   Thumb Code     0  libinit2.o(.ARM.Collect$$libinit$$00000030)
    __rt_lib_init_return                     0x0800019b   Thumb Code     0  libinit2.o(.ARM.Collect$$libinit$$00000033)
    __rt_lib_init_stdio_1                    0x0800019b   Thumb Code     0  libinit2.o(.ARM.Collect$$libinit$$00000025)
    __rt_lib_shutdown                        0x0800019d   Thumb Code     0  libshutdown.o(.ARM.Collect$$libshutdown$$00000000)
    __rt_lib_shutdown_cpp_1                  0x0800019f   Thumb Code     0  libshutdown2.o(.ARM.Collect$$libshutdown$$00000002)
    __rt_lib_shutdown_stdio_2                0x0800019f   Thumb Code     0  libshutdown2.o(.ARM.Collect$$libshutdown$$00000003)
    __rt_lib_shutdown_fp_trap_1              0x080001a3   Thumb Code     0  libshutdown2.o(.ARM.Collect$$libshutdown$$00000007)
    __rt_lib_shutdown_heap_1                 0x080001a3   Thumb Code     0  libshutdown2.o(.ARM.Collect$$libshutdown$$0000000F)
    __rt_lib_shutdown_return                 0x080001a3   Thumb Code     0  libshutdown2.o(.ARM.Collect$$libshutdown$$00000010)
    __rt_lib_shutdown_signal_1               0x080001a3   Thumb Code     0  libshutdown2.o(.ARM.Collect$$libshutdown$$0000000A)
    __rt_lib_shutdown_stdio_1                0x080001a3   Thumb Code     0  libshutdown2.o(.ARM.Collect$$libshutdown$$00000004)
    __rt_lib_shutdown_user_alloc_1           0x080001a3   Thumb Code     0  libshutdown2.o(.ARM.Collect$$libshutdown$$0000000C)
    __rt_entry                               0x080001a5   Thumb Code     0  __rtentry.o(.ARM.Collect$$rtentry$$00000000)
    __rt_entry_presh_1                       0x080001a5   Thumb Code     0  __rtentry2.o(.ARM.Collect$$rtentry$$00000002)
    __rt_entry_sh                            0x080001a5   Thumb Code     0  __rtentry4.o(.ARM.Collect$$rtentry$$00000004)
    __rt_entry_li                            0x080001ab   Thumb Code     0  __rtentry2.o(.ARM.Collect$$rtentry$$0000000A)
    __rt_entry_postsh_1                      0x080001ab   Thumb Code     0  __rtentry2.o(.ARM.Collect$$rtentry$$00000009)
    __rt_entry_main                          0x080001af   Thumb Code     0  __rtentry2.o(.ARM.Collect$$rtentry$$0000000D)
    __rt_entry_postli_1                      0x080001af   Thumb Code     0  __rtentry2.o(.ARM.Collect$$rtentry$$0000000C)
    __rt_exit                                0x080001b7   Thumb Code     0  rtexit.o(.ARM.Collect$$rtexit$$00000000)
    __rt_exit_ls                             0x080001b9   Thumb Code     0  rtexit2.o(.ARM.Collect$$rtexit$$00000003)
    __rt_exit_prels_1                        0x080001b9   Thumb Code     0  rtexit2.o(.ARM.Collect$$rtexit$$00000002)
    __rt_exit_exit                           0x080001bd   Thumb Code     0  rtexit2.o(.ARM.Collect$$rtexit$$00000004)
    Reset_Handler                            0x080001c5   Thumb Code     8  startup_stm32f103xb.o(.text)
    _maybe_terminate_alloc                   0x080001c5   Thumb Code     0  maybetermalloc1.o(.emb_text)
    ADC1_2_IRQHandler                        0x080001df   Thumb Code     0  startup_stm32f103xb.o(.text)
    CAN1_RX1_IRQHandler                      0x080001df   Thumb Code     0  startup_stm32f103xb.o(.text)
    CAN1_SCE_IRQHandler                      0x080001df   Thumb Code     0  startup_stm32f103xb.o(.text)
    DMA1_Channel1_IRQHandler                 0x080001df   Thumb Code     0  startup_stm32f103xb.o(.text)
    DMA1_Channel2_IRQHandler                 0x080001df   Thumb Code     0  startup_stm32f103xb.o(.text)
    DMA1_Channel3_IRQHandler                 0x080001df   Thumb Code     0  startup_stm32f103xb.o(.text)
    DMA1_Channel4_IRQHandler                 0x080001df   Thumb Code     0  startup_stm32f103xb.o(.text)
    DMA1_Channel5_IRQHandler                 0x080001df   Thumb Code     0  startup_stm32f103xb.o(.text)
    DMA1_Channel6_IRQHandler                 0x080001df   Thumb Code     0  startup_stm32f103xb.o(.text)
    DMA1_Channel7_IRQHandler                 0x080001df   Thumb Code     0  startup_stm32f103xb.o(.text)
    EXTI0_IRQHandler                         0x080001df   Thumb Code     0  startup_stm32f103xb.o(.text)
    EXTI15_10_IRQHandler                     0x080001df   Thumb Code     0  startup_stm32f103xb.o(.text)
    EXTI1_IRQHandler                         0x080001df   Thumb Code     0  startup_stm32f103xb.o(.text)
    EXTI2_IRQHandler                         0x080001df   Thumb Code     0  startup_stm32f103xb.o(.text)
    EXTI3_IRQHandler                         0x080001df   Thumb Code     0  startup_stm32f103xb.o(.text)
    EXTI4_IRQHandler                         0x080001df   Thumb Code     0  startup_stm32f103xb.o(.text)
    EXTI9_5_IRQHandler                       0x080001df   Thumb Code     0  startup_stm32f103xb.o(.text)
    FLASH_IRQHandler                         0x080001df   Thumb Code     0  startup_stm32f103xb.o(.text)
    I2C1_ER_IRQHandler                       0x080001df   Thumb Code     0  startup_stm32f103xb.o(.text)
    I2C1_EV_IRQHandler                       0x080001df   Thumb Code     0  startup_stm32f103xb.o(.text)
    I2C2_ER_IRQHandler                       0x080001df   Thumb Code     0  startup_stm32f103xb.o(.text)
    I2C2_EV_IRQHandler                       0x080001df   Thumb Code     0  startup_stm32f103xb.o(.text)
    PVD_IRQHandler                           0x080001df   Thumb Code     0  startup_stm32f103xb.o(.text)
    RCC_IRQHandler                           0x080001df   Thumb Code     0  startup_stm32f103xb.o(.text)
    RTC_Alarm_IRQHandler                     0x080001df   Thumb Code     0  startup_stm32f103xb.o(.text)
    RTC_IRQHandler                           0x080001df   Thumb Code     0  startup_stm32f103xb.o(.text)
    SPI1_IRQHandler                          0x080001df   Thumb Code     0  startup_stm32f103xb.o(.text)
    SPI2_IRQHandler                          0x080001df   Thumb Code     0  startup_stm32f103xb.o(.text)
    TAMPER_IRQHandler                        0x080001df   Thumb Code     0  startup_stm32f103xb.o(.text)
    TIM1_BRK_IRQHandler                      0x080001df   Thumb Code     0  startup_stm32f103xb.o(.text)
    TIM1_CC_IRQHandler                       0x080001df   Thumb Code     0  startup_stm32f103xb.o(.text)
    TIM1_TRG_COM_IRQHandler                  0x080001df   Thumb Code     0  startup_stm32f103xb.o(.text)
    TIM1_UP_IRQHandler                       0x080001df   Thumb Code     0  startup_stm32f103xb.o(.text)
    TIM2_IRQHandler                          0x080001df   Thumb Code     0  startup_stm32f103xb.o(.text)
    TIM3_IRQHandler                          0x080001df   Thumb Code     0  startup_stm32f103xb.o(.text)
    TIM4_IRQHandler                          0x080001df   Thumb Code     0  startup_stm32f103xb.o(.text)
    USART1_IRQHandler                        0x080001df   Thumb Code     0  startup_stm32f103xb.o(.text)
    USART3_IRQHandler                        0x080001df   Thumb Code     0  startup_stm32f103xb.o(.text)
    USBWakeUp_IRQHandler                     0x080001df   Thumb Code     0  startup_stm32f103xb.o(.text)
    USB_HP_CAN1_TX_IRQHandler                0x080001df   Thumb Code     0  startup_stm32f103xb.o(.text)
    USB_LP_CAN1_RX0_IRQHandler               0x080001df   Thumb Code     0  startup_stm32f103xb.o(.text)
    WWDG_IRQHandler                          0x080001df   Thumb Code     0  startup_stm32f103xb.o(.text)
    __user_initial_stackheap                 0x080001e1   Thumb Code     0  startup_stm32f103xb.o(.text)
    malloc                                   0x08000205   Thumb Code    94  h1_alloc.o(.text)
    free                                     0x08000263   Thumb Code    78  h1_free.o(.text)
    realloc                                  0x080002b1   Thumb Code   184  h1_realloc.o(.text)
    tolower                                  0x08000369   Thumb Code    26  tolower.o(.text)
    __2printf                                0x08000385   Thumb Code    20  __2printf.o(.text)
    __2sprintf                               0x0800039d   Thumb Code    38  __2sprintf.o(.text)
    _printf_str                              0x080003c9   Thumb Code    82  _printf_str.o(.text)
    _printf_int_dec                          0x0800041d   Thumb Code   104  _printf_dec.o(.text)
    __printf                                 0x08000495   Thumb Code   308  __printf_flags_wp.o(.text)
    atoi                                     0x080005cd   Thumb Code    26  atoi.o(.text)
    strstr                                   0x080005e7   Thumb Code    36  strstr.o(.text)
    strlen                                   0x0800060b   Thumb Code    62  strlen.o(.text)
    strncmp                                  0x08000649   Thumb Code   150  strncmp.o(.text)
    strcat                                   0x080006df   Thumb Code    24  strcat.o(.text)
    __aeabi_memcpy4                          0x080006f7   Thumb Code     0  rt_memcpy_w.o(.text)
    __aeabi_memcpy8                          0x080006f7   Thumb Code     0  rt_memcpy_w.o(.text)
    __rt_memcpy_w                            0x080006f7   Thumb Code   100  rt_memcpy_w.o(.text)
    _memcpy_lastbytes_aligned                0x0800073f   Thumb Code     0  rt_memcpy_w.o(.text)
    __aeabi_memclr4                          0x0800075b   Thumb Code     0  rt_memclr_w.o(.text)
    __aeabi_memclr8                          0x0800075b   Thumb Code     0  rt_memclr_w.o(.text)
    __rt_memclr_w                            0x0800075b   Thumb Code    78  rt_memclr_w.o(.text)
    _memset_w                                0x0800075f   Thumb Code     0  rt_memclr_w.o(.text)
    strcmp                                   0x080007a9   Thumb Code   128  strcmpv7m.o(.text)
    __use_two_region_memory                  0x08000829   Thumb Code     2  heapauxi.o(.text)
    __rt_heap_escrow                         0x0800082b   Thumb Code     2  heapauxi.o(.text)
    __rt_heap_expand                         0x0800082d   Thumb Code     2  heapauxi.o(.text)
    __rt_ctype_table                         0x08000831   Thumb Code    16  rt_ctype_table.o(.text)
    __rt_heap_descriptor                     0x08000841   Thumb Code     8  rt_heap_descriptor_intlibspace.o(.text)
    __aeabi_errno_addr                       0x08000849   Thumb Code     8  rt_errno_addr_intlibspace.o(.text)
    __errno$intlibspace                      0x08000849   Thumb Code     0  rt_errno_addr_intlibspace.o(.text)
    __rt_errno_addr$intlibspace              0x08000849   Thumb Code     0  rt_errno_addr_intlibspace.o(.text)
    __use_no_heap                            0x08000851   Thumb Code     2  hguard.o(.text)
    __heap$guard                             0x08000853   Thumb Code     2  hguard.o(.text)
    _terminate_user_alloc                    0x08000855   Thumb Code     2  init_alloc.o(.text)
    _init_user_alloc                         0x08000857   Thumb Code     2  init_alloc.o(.text)
    __Heap_Full                              0x08000859   Thumb Code    34  init_alloc.o(.text)
    __Heap_Broken                            0x0800087b   Thumb Code     6  init_alloc.o(.text)
    _init_alloc                              0x08000881   Thumb Code    94  init_alloc.o(.text)
    __Heap_Initialize                        0x080008df   Thumb Code    10  h1_init.o(.text)
    __Heap_DescSize                          0x080008e9   Thumb Code     4  h1_init.o(.text)
    _printf_int_common                       0x080008ed   Thumb Code   178  _printf_intcommon.o(.text)
    _printf_char_common                      0x080009ab   Thumb Code    32  _printf_char_common.o(.text)
    _sputc                                   0x080009d1   Thumb Code    10  _sputc.o(.text)
    _printf_cs_common                        0x080009db   Thumb Code    20  _printf_char.o(.text)
    _printf_char                             0x080009ef   Thumb Code    16  _printf_char.o(.text)
    _printf_string                           0x080009ff   Thumb Code     8  _printf_char.o(.text)
    _printf_char_file                        0x08000a09   Thumb Code    32  _printf_char_file.o(.text)
    _scanf_really_real                       0x08000c79   Thumb Code   684  scanf_fp.o(.text)
    _sgetc                                   0x08000f25   Thumb Code    30  _sgetc.o(.text)
    _sbackspace                              0x08000f43   Thumb Code    34  _sgetc.o(.text)
    __strtod_int                             0x08000fa1   Thumb Code    90  strtod.o(.text)
    strtol                                   0x08001009   Thumb Code   112  strtol.o(.text)
    __user_libspace                          0x08001079   Thumb Code     8  libspace.o(.text)
    __user_perproc_libspace                  0x08001079   Thumb Code     0  libspace.o(.text)
    __user_perthread_libspace                0x08001079   Thumb Code     0  libspace.o(.text)
    __rt_locale                              0x08001081   Thumb Code     8  rt_locale_intlibspace.o(.text)
    __Heap_ProvideMemory                     0x08001089   Thumb Code    52  h1_extend.o(.text)
    isspace                                  0x080010bd   Thumb Code    18  isspace.o(.text)
    _strtoul                                 0x080010cf   Thumb Code   158  _strtoul.o(.text)
    _btod_etento                             0x0800116d   Thumb Code   224  bigflt0.o(.text)
    ferror                                   0x08001251   Thumb Code     8  ferror.o(.text)
    _initio                                  0x08001259   Thumb Code   210  initio.o(.text)
    _terminateio                             0x0800132b   Thumb Code    56  initio.o(.text)
    __rt_SIGRTMEM                            0x08001391   Thumb Code    14  defsig_rtmem_outer.o(.text)
    _sys_open                                0x0800139f   Thumb Code    20  sys_io.o(.text)
    _sys_close                               0x080013b3   Thumb Code    12  sys_io.o(.text)
    _sys_write                               0x080013bf   Thumb Code    16  sys_io.o(.text)
    _sys_read                                0x080013cf   Thumb Code    14  sys_io.o(.text)
    _sys_istty                               0x080013dd   Thumb Code    12  sys_io.o(.text)
    _sys_seek                                0x080013e9   Thumb Code    14  sys_io.o(.text)
    _sys_ensure                              0x080013f7   Thumb Code     2  sys_io.o(.text)
    _sys_flen                                0x080013f9   Thumb Code    12  sys_io.o(.text)
    __I$use$semihosting                      0x08001405   Thumb Code     0  use_no_semi.o(.text)
    __use_no_semihosting_swi                 0x08001405   Thumb Code     2  use_no_semi.o(.text)
    __semihosting_library_function           0x08001407   Thumb Code     0  indicate_semi.o(.text)
    __user_setup_stackheap                   0x08001407   Thumb Code    74  sys_stackheap_outer.o(.text)
    __read_errno                             0x08001451   Thumb Code    10  _rserrno.o(.text)
    __set_errno                              0x0800145b   Thumb Code    12  _rserrno.o(.text)
    _chval                                   0x08001467   Thumb Code    28  _chval.o(.text)
    _scanf_really_hex_real                   0x08001485   Thumb Code   786  scanf_hexfp.o(.text)
    _scanf_really_infnan                     0x080017a5   Thumb Code   292  scanf_infnan.o(.text)
    __flsbuf                                 0x080018d9   Thumb Code   470  flsbuf.o(.text)
    __flsbuf_byte                            0x080018d9   Thumb Code     0  flsbuf.o(.text)
    __flsbuf_wide                            0x080018d9   Thumb Code     0  flsbuf.o(.text)
    setvbuf                                  0x08001aaf   Thumb Code    70  setvbuf.o(.text)
    freopen                                  0x08001af5   Thumb Code   158  fopen.o(.text)
    fopen                                    0x08001b93   Thumb Code    74  fopen.o(.text)
    _fclose_internal                         0x08001be1   Thumb Code    76  fclose.o(.text)
    fclose                                   0x08001be1   Thumb Code     0  fclose.o(.text)
    exit                                     0x08001c2d   Thumb Code    18  exit.o(.text)
    __sig_exit                               0x08001c3f   Thumb Code    10  defsig_exit.o(.text)
    __rt_SIGRTRED                            0x08001c49   Thumb Code    14  defsig_rtred_outer.o(.text)
    __rt_SIGRTMEM_inner                      0x08001c59   Thumb Code    22  defsig_rtmem_inner.o(.text)
    _sys_exit                                0x08001ca9   Thumb Code     8  sys_exit.o(.text)
    __aeabi_llsl                             0x08001cb5   Thumb Code     0  llshl.o(.text)
    _ll_shift_l                              0x08001cb5   Thumb Code    38  llshl.o(.text)
    _fseek                                   0x08001cdd   Thumb Code   242  fseek.o(.text)
    fseek                                    0x08001cdd   Thumb Code     0  fseek.o(.text)
    _seterr                                  0x08001dd5   Thumb Code    20  stdio.o(.text)
    _writebuf                                0x08001de9   Thumb Code    84  stdio.o(.text)
    _fflush                                  0x08001e3d   Thumb Code    70  stdio.o(.text)
    _deferredlazyseek                        0x08001e83   Thumb Code    60  stdio.o(.text)
    __default_signal_display                 0x08001ec5   Thumb Code    50  defsig_general.o(.text)
    __rt_SIGRTRED_inner                      0x08001ef9   Thumb Code    14  defsig_rtred_inner.o(.text)
    _ttywrch                                 0x08001f2d   Thumb Code    14  sys_wrch.o(.text)
    _ftell_internal                          0x08001f3b   Thumb Code    66  ftell.o(.text)
    ftell                                    0x08001f3b   Thumb Code     0  ftell.o(.text)
    __btod_div_common                        0x08001f7d   Thumb Code   696  btod.o(CL$$btod_div_common)
    _e2d                                     0x080022b5   Thumb Code   122  btod.o(CL$$btod_e2d)
    _e2e                                     0x08002339   Thumb Code   220  btod.o(CL$$btod_e2e)
    _btod_ediv                               0x08002415   Thumb Code    42  btod.o(CL$$btod_ediv)
    _btod_edivd                              0x0800243f   Thumb Code    42  btod.o(CL$$btod_edivd)
    _btod_emul                               0x08002469   Thumb Code    42  btod.o(CL$$btod_emul)
    _btod_emuld                              0x08002493   Thumb Code    42  btod.o(CL$$btod_emuld)
    __btod_mult_common                       0x080024bd   Thumb Code   580  btod.o(CL$$btod_mult_common)
    BusFault_Handler                         0x08002701   Thumb Code     2  stm32f1xx_it.o(i.BusFault_Handler)
    ClearBufferEnd                           0x08002705   Thumb Code    30  main.o(i.ClearBufferEnd)
    DebugMon_Handler                         0x0800272d   Thumb Code     2  stm32f1xx_it.o(i.DebugMon_Handler)
    Flash_Read_String                        0x08002769   Thumb Code   110  flash.o(i.Flash_Read_String)
    Flash_Write_String                       0x080027e1   Thumb Code    74  flash.o(i.Flash_Write_String)
    HAL_DMA_Abort                            0x08002831   Thumb Code    70  stm32f1xx_hal_dma.o(i.HAL_DMA_Abort)
    HAL_DMA_Abort_IT                         0x08002879   Thumb Code   148  stm32f1xx_hal_dma.o(i.HAL_DMA_Abort_IT)
    HAL_Delay                                0x08002911   Thumb Code    32  stm32f1xx_hal.o(i.HAL_Delay)
    HAL_FLASH_Lock                           0x08002935   Thumb Code    14  stm32f1xx_hal_flash.o(i.HAL_FLASH_Lock)
    HAL_FLASH_Unlock                         0x08002949   Thumb Code    28  stm32f1xx_hal_flash.o(i.HAL_FLASH_Unlock)
    HAL_GPIO_Init                            0x08002971   Thumb Code   446  stm32f1xx_hal_gpio.o(i.HAL_GPIO_Init)
    HAL_GPIO_TogglePin                       0x08002b51   Thumb Code    16  stm32f1xx_hal_gpio.o(i.HAL_GPIO_TogglePin)
    HAL_GPIO_WritePin                        0x08002b61   Thumb Code    10  stm32f1xx_hal_gpio.o(i.HAL_GPIO_WritePin)
    HAL_GetTick                              0x08002b6d   Thumb Code     6  stm32f1xx_hal.o(i.HAL_GetTick)
    HAL_IncTick                              0x08002b79   Thumb Code    12  stm32f1xx_hal.o(i.HAL_IncTick)
    HAL_Init                                 0x08002b89   Thumb Code    32  stm32f1xx_hal.o(i.HAL_Init)
    HAL_InitTick                             0x08002bad   Thumb Code    54  stm32f1xx_hal.o(i.HAL_InitTick)
    HAL_MspInit                              0x08002bed   Thumb Code    52  stm32f1xx_hal_msp.o(i.HAL_MspInit)
    HAL_NVIC_EnableIRQ                       0x08002c29   Thumb Code    26  stm32f1xx_hal_cortex.o(i.HAL_NVIC_EnableIRQ)
    HAL_NVIC_SetPriority                     0x08002c45   Thumb Code    60  stm32f1xx_hal_cortex.o(i.HAL_NVIC_SetPriority)
    HAL_NVIC_SetPriorityGrouping             0x08002c85   Thumb Code    26  stm32f1xx_hal_cortex.o(i.HAL_NVIC_SetPriorityGrouping)
    HAL_RCC_ClockConfig                      0x08002ca9   Thumb Code   280  stm32f1xx_hal_rcc.o(i.HAL_RCC_ClockConfig)
    HAL_RCC_GetPCLK1Freq                     0x08002dd5   Thumb Code    20  stm32f1xx_hal_rcc.o(i.HAL_RCC_GetPCLK1Freq)
    HAL_RCC_GetPCLK2Freq                     0x08002df5   Thumb Code    20  stm32f1xx_hal_rcc.o(i.HAL_RCC_GetPCLK2Freq)
    HAL_RCC_GetSysClockFreq                  0x08002e15   Thumb Code    74  stm32f1xx_hal_rcc.o(i.HAL_RCC_GetSysClockFreq)
    HAL_RCC_OscConfig                        0x08002e81   Thumb Code   778  stm32f1xx_hal_rcc.o(i.HAL_RCC_OscConfig)
    HAL_SYSTICK_Config                       0x080031a1   Thumb Code    40  stm32f1xx_hal_cortex.o(i.HAL_SYSTICK_Config)
    HAL_UARTEx_RxEventCallback               0x080031c9   Thumb Code     2  stm32f1xx_hal_uart.o(i.HAL_UARTEx_RxEventCallback)
    HAL_UART_ErrorCallback                   0x080031cb   Thumb Code     2  stm32f1xx_hal_uart.o(i.HAL_UART_ErrorCallback)
    HAL_UART_IRQHandler                      0x080031cd   Thumb Code   520  stm32f1xx_hal_uart.o(i.HAL_UART_IRQHandler)
    HAL_UART_Init                            0x080033d9   Thumb Code    98  stm32f1xx_hal_uart.o(i.HAL_UART_Init)
    HAL_UART_MspInit                         0x0800343d   Thumb Code   114  stm32f1xx_hal_msp.o(i.HAL_UART_MspInit)
    HAL_UART_Receive_IT                      0x080034bd   Thumb Code    42  stm32f1xx_hal_uart.o(i.HAL_UART_Receive_IT)
    HAL_UART_RxCpltCallback                  0x080034e9   Thumb Code    44  main.o(i.HAL_UART_RxCpltCallback)
    HAL_UART_Transmit                        0x08003521   Thumb Code   178  stm32f1xx_hal_uart.o(i.HAL_UART_Transmit)
    HAL_UART_TxCpltCallback                  0x080035d3   Thumb Code     2  stm32f1xx_hal_uart.o(i.HAL_UART_TxCpltCallback)
    HardFault_Handler                        0x080035d5   Thumb Code     2  stm32f1xx_it.o(i.HardFault_Handler)
    MemManage_Handler                        0x08003681   Thumb Code     2  stm32f1xx_it.o(i.MemManage_Handler)
    NMI_Handler                              0x08003683   Thumb Code     2  stm32f1xx_it.o(i.NMI_Handler)
    PendSV_Handler                           0x08003685   Thumb Code     2  stm32f1xx_it.o(i.PendSV_Handler)
    Received                                 0x08003689   Thumb Code    36  main.o(i.Received)
    SVC_Handler                              0x080036b5   Thumb Code     2  stm32f1xx_it.o(i.SVC_Handler)
    SendData                                 0x080036b9   Thumb Code   128  main.o(i.SendData)
    SysTick_Handler                          0x08003771   Thumb Code     4  stm32f1xx_it.o(i.SysTick_Handler)
    SystemClock_Config                       0x08003775   Thumb Code    94  main.o(i.SystemClock_Config)
    SystemInit                               0x080037d3   Thumb Code     2  system_stm32f1xx.o(i.SystemInit)
    UART_Start_Receive_IT                    0x08003985   Thumb Code    54  stm32f1xx_hal_uart.o(i.UART_Start_Receive_IT)
    USART2_IRQHandler                        0x08003a21   Thumb Code     6  stm32f1xx_it.o(i.USART2_IRQHandler)
    UsageFault_Handler                       0x08003a2d   Thumb Code     2  stm32f1xx_it.o(i.UsageFault_Handler)
    XuLyJSON                                 0x08003a31   Thumb Code   162  main.o(i.XuLyJSON)
    __mathlib_dbl_overflow                   0x08003b75   Thumb Code    14  dunder.o(i.__mathlib_dbl_overflow)
    __mathlib_dbl_underflow                  0x08003b85   Thumb Code    10  dunder.o(i.__mathlib_dbl_underflow)
    __mathlib_narrow                         0x08003b95   Thumb Code    16  narrow.o(i.__mathlib_narrow)
    __mathlib_tofloat                        0x08003ba5   Thumb Code   184  narrow.o(i.__mathlib_tofloat)
    __support_ldexp                          0x08003c61   Thumb Code    22  ldexp.o(i.__support_ldexp)
    _is_digit                                0x08003c77   Thumb Code    14  __printf_wp.o(i._is_digit)
    cJSON_Delete                             0x08003cb5   Thumb Code    66  cjson.o(i.cJSON_Delete)
    cJSON_GetObjectItem                      0x08003cfd   Thumb Code     6  cjson.o(i.cJSON_GetObjectItem)
    cJSON_Parse                              0x08003d19   Thumb Code     8  cjson.o(i.cJSON_Parse)
    cJSON_ParseWithLengthOpts                0x08003d21   Thumb Code   210  cjson.o(i.cJSON_ParseWithLengthOpts)
    cJSON_ParseWithOpts                      0x08003dfd   Thumb Code    34  cjson.o(i.cJSON_ParseWithOpts)
    fputc                                    0x08003e1f   Thumb Code    26  fputc.o(i.fputc)
    frexp                                    0x08003e39   Thumb Code    80  frexp.o(i.frexp)
    ldexp                                    0x08003f0b   Thumb Code   116  ldexp.o(i.ldexp)
    main                                     0x08003f81   Thumb Code   222  main.o(i.main)
    strtod                                   0x08004589   Thumb Code    28  strtod.o(i.strtod)
    _get_lc_ctype                            0x08004679   Thumb Code    44  lc_ctype_c.o(locale$$code)
    _get_lc_numeric                          0x080046a5   Thumb Code    44  lc_numeric_c.o(locale$$code)
    __aeabi_d2f                              0x080046d1   Thumb Code     0  d2f.o(x$fpl$d2f)
    _d2f                                     0x080046d1   Thumb Code    98  d2f.o(x$fpl$d2f)
    __fpl_dcheck_NaN1                        0x08004735   Thumb Code    10  dcheck1.o(x$fpl$dcheck1)
    __fpl_dcmp_Inf                           0x08004745   Thumb Code    24  dcmpi.o(x$fpl$dcmpinf)
    __aeabi_cdcmpeq                          0x0800475d   Thumb Code     0  deqf.o(x$fpl$deqf)
    _dcmpeq                                  0x0800475d   Thumb Code   120  deqf.o(x$fpl$deqf)
    __aeabi_d2iz                             0x080047d5   Thumb Code     0  dfix.o(x$fpl$dfix)
    _dfix                                    0x080047d5   Thumb Code    94  dfix.o(x$fpl$dfix)
    __aeabi_cdcmple                          0x08004835   Thumb Code     0  dleqf.o(x$fpl$dleqf)
    _dcmple                                  0x08004835   Thumb Code   120  dleqf.o(x$fpl$dleqf)
    __fpl_dcmple_InfNaN                      0x08004897   Thumb Code     0  dleqf.o(x$fpl$dleqf)
    __fpl_dnaninf                            0x080048ad   Thumb Code   156  dnaninf.o(x$fpl$dnaninf)
    __aeabi_cdrcmple                         0x08004949   Thumb Code     0  drleqf.o(x$fpl$drleqf)
    _drcmple                                 0x08004949   Thumb Code   108  drleqf.o(x$fpl$drleqf)
    __fpl_fretinf                            0x080049b5   Thumb Code    10  fretinf.o(x$fpl$fretinf)
    __ieee_status                            0x080049bf   Thumb Code     6  istatus.o(x$fpl$ieeestatus)
    __fpl_return_NaN                         0x080049c5   Thumb Code   100  retnan.o(x$fpl$retnan)
    __ARM_scalbn                             0x08004a29   Thumb Code    92  scalbn.o(x$fpl$scalbn)
    _scanf_real                              0x08004a85   Thumb Code     4  scanf1.o(x$fpl$scanf1)
    _scanf_hex_real                          0x08004a89   Thumb Code     4  scanf2.o(x$fpl$scanf2)
    _scanf_infnan                            0x08004a8d   Thumb Code     4  scanf2.o(x$fpl$scanf2)
    __fpl_cmpreturn                          0x08004a91   Thumb Code    48  trapv.o(x$fpl$trapveneer)
    AHBPrescTable                            0x08004ac0   Data          16  system_stm32f1xx.o(.constdata)
    __I$use$fp                               0x08004ac0   Number         0  usenofp.o(x$fpl$usenofp)
    APBPrescTable                            0x08004ad0   Data           8  system_stm32f1xx.o(.constdata)
    __stdin_name                             0x08004b80   Data           4  sys_io.o(.constdata)
    __stdout_name                            0x08004b84   Data           4  sys_io.o(.constdata)
    __stderr_name                            0x08004b88   Data           4  sys_io.o(.constdata)
    Region$$Table$$Base                      0x08004b8c   Number         0  anon$$obj.o(Region$$Table)
    Region$$Table$$Limit                     0x08004bac   Number         0  anon$$obj.o(Region$$Table)
    __aeabi_HUGE_VAL                         0x08004bac   Data           0  fpconst.o(c$$dinf)
    __aeabi_HUGE_VALL                        0x08004bac   Data           0  fpconst.o(c$$dinf)
    __aeabi_INFINITY                         0x08004bac   Data           0  fpconst.o(c$$dinf)
    __dInf                                   0x08004bac   Data           0  fpconst.o(c$$dinf)
    __huge_val                               0x08004bac   Data           0  fpconst.o(c$$dinf)
    __dbl_max                                0x08004bb4   Data           0  fpconst.o(c$$dmax)
    __ctype                                  0x08004bc9   Data           0  lc_ctype_c.o(locale$$data)
    flag_rx                                  0x20000000   Data           1  main.o(.data)
    rx_data                                  0x20000001   Data           1  main.o(.data)
    thongso1                                 0x20000004   Data           4  main.o(.data)
    trangthaiden                             0x20000008   Data           4  main.o(.data)
    rx_index                                 0x2000000c   Data           4  main.o(.data)
    Str_json                                 0x20000010   Data           4  main.o(.data)
    data_rx                                  0x20000014   Data           5  main.o(.data)
    data_tx                                  0x20000019   Data           5  main.o(.data)
    last_tick                                0x20000020   Data           8  main.o(.data)
    uwTickFreq                               0x2000003c   Data           1  stm32f1xx_hal.o(.data)
    uwTickPrio                               0x20000040   Data           4  stm32f1xx_hal.o(.data)
    uwTick                                   0x20000044   Data           4  stm32f1xx_hal.o(.data)
    SystemCoreClock                          0x20000048   Data           4  system_stm32f1xx.o(.data)
    __aeabi_stdin                            0x2000004c   Data           4  stdio_streams.o(.data)
    __aeabi_stdout                           0x20000050   Data           4  stdio_streams.o(.data)
    __aeabi_stderr                           0x20000054   Data           4  stdio_streams.o(.data)
    huart2                                   0x20000058   Data          68  main.o(.bss)
    str_den                                  0x2000009c   Data         100  main.o(.bss)
    str_trangthaiden                         0x20000100   Data         100  main.o(.bss)
    JSON                                     0x20000164   Data         100  main.o(.bss)
    rx_buffer                                0x200001c8   Data         200  main.o(.bss)
    __stdin                                  0x20000290   Data          84  stdio_streams.o(.bss)
    __stdout                                 0x200002e4   Data          84  stdio_streams.o(.bss)
    __stderr                                 0x20000338   Data          84  stdio_streams.o(.bss)
    __libspace_start                         0x2000038c   Data          96  libspace.o(.bss)
    __temporary_stack_top$libspace           0x200003ec   Data           0  libspace.o(.bss)



==============================================================================

Memory Map of the image

  Image Entry point : 0x080000ed

  Load Region LR_IROM1 (Base: 0x08000000, Size: 0x00004d40, Max: 0x00010000, ABSOLUTE)

    Execution Region ER_IROM1 (Exec base: 0x08000000, Load base: 0x08000000, Size: 0x00004ce8, Max: 0x00010000, ABSOLUTE)

    Exec Addr    Load Addr    Size         Type   Attr      Idx    E Section Name        Object

    0x08000000   0x08000000   0x000000ec   Data   RO            3    RESET               startup_stm32f103xb.o
    0x080000ec   0x080000ec   0x00000008   Code   RO         2708  * !!!main             c_w.l(__main.o)
    0x080000f4   0x080000f4   0x00000034   Code   RO         3179    !!!scatter          c_w.l(__scatter.o)
    0x08000128   0x08000128   0x0000001a   Code   RO         3181    !!handler_copy      c_w.l(__scatter_copy.o)
    0x08000142   0x08000142   0x00000002   PAD
    0x08000144   0x08000144   0x0000001c   Code   RO         3183    !!handler_zi        c_w.l(__scatter_zi.o)
    0x08000160   0x08000160   0x00000000   Code   RO         2683    .ARM.Collect$$_printf_percent$$00000000  c_w.l(_printf_percent.o)
    0x08000160   0x08000160   0x00000006   Code   RO         2681    .ARM.Collect$$_printf_percent$$00000009  c_w.l(_printf_d.o)
    0x08000166   0x08000166   0x00000006   Code   RO         2678    .ARM.Collect$$_printf_percent$$00000014  c_w.l(_printf_s.o)
    0x0800016c   0x0800016c   0x00000004   Code   RO         2797    .ARM.Collect$$_printf_percent$$00000017  c_w.l(_printf_percent_end.o)
    0x08000170   0x08000170   0x00000002   Code   RO         3049    .ARM.Collect$$libinit$$00000000  c_w.l(libinit.o)
    0x08000172   0x08000172   0x00000000   Code   RO         2817    .ARM.Collect$$libinit$$00000002  c_w.l(libinit2.o)
    0x08000172   0x08000172   0x00000000   Code   RO         2819    .ARM.Collect$$libinit$$00000004  c_w.l(libinit2.o)
    0x08000172   0x08000172   0x00000008   Code   RO         2820    .ARM.Collect$$libinit$$00000005  c_w.l(libinit2.o)
    0x0800017a   0x0800017a   0x00000000   Code   RO         2822    .ARM.Collect$$libinit$$0000000A  c_w.l(libinit2.o)
    0x0800017a   0x0800017a   0x00000000   Code   RO         2824    .ARM.Collect$$libinit$$0000000C  c_w.l(libinit2.o)
    0x0800017a   0x0800017a   0x00000000   Code   RO         2826    .ARM.Collect$$libinit$$0000000E  c_w.l(libinit2.o)
    0x0800017a   0x0800017a   0x00000006   Code   RO         2827    .ARM.Collect$$libinit$$0000000F  c_w.l(libinit2.o)
    0x08000180   0x08000180   0x00000000   Code   RO         2829    .ARM.Collect$$libinit$$00000011  c_w.l(libinit2.o)
    0x08000180   0x08000180   0x0000000c   Code   RO         2830    .ARM.Collect$$libinit$$00000012  c_w.l(libinit2.o)
    0x0800018c   0x0800018c   0x00000000   Code   RO         2831    .ARM.Collect$$libinit$$00000013  c_w.l(libinit2.o)
    0x0800018c   0x0800018c   0x00000000   Code   RO         2833    .ARM.Collect$$libinit$$00000015  c_w.l(libinit2.o)
    0x0800018c   0x0800018c   0x0000000a   Code   RO         2834    .ARM.Collect$$libinit$$00000016  c_w.l(libinit2.o)
    0x08000196   0x08000196   0x00000000   Code   RO         2835    .ARM.Collect$$libinit$$00000017  c_w.l(libinit2.o)
    0x08000196   0x08000196   0x00000000   Code   RO         2837    .ARM.Collect$$libinit$$00000019  c_w.l(libinit2.o)
    0x08000196   0x08000196   0x00000000   Code   RO         2839    .ARM.Collect$$libinit$$0000001B  c_w.l(libinit2.o)
    0x08000196   0x08000196   0x00000000   Code   RO         2841    .ARM.Collect$$libinit$$0000001D  c_w.l(libinit2.o)
    0x08000196   0x08000196   0x00000000   Code   RO         2843    .ARM.Collect$$libinit$$0000001F  c_w.l(libinit2.o)
    0x08000196   0x08000196   0x00000000   Code   RO         2845    .ARM.Collect$$libinit$$00000021  c_w.l(libinit2.o)
    0x08000196   0x08000196   0x00000000   Code   RO         2847    .ARM.Collect$$libinit$$00000023  c_w.l(libinit2.o)
    0x08000196   0x08000196   0x00000004   Code   RO         2848    .ARM.Collect$$libinit$$00000024  c_w.l(libinit2.o)
    0x0800019a   0x0800019a   0x00000000   Code   RO         2849    .ARM.Collect$$libinit$$00000025  c_w.l(libinit2.o)
    0x0800019a   0x0800019a   0x00000000   Code   RO         2853    .ARM.Collect$$libinit$$0000002C  c_w.l(libinit2.o)
    0x0800019a   0x0800019a   0x00000000   Code   RO         2855    .ARM.Collect$$libinit$$0000002E  c_w.l(libinit2.o)
    0x0800019a   0x0800019a   0x00000000   Code   RO         2857    .ARM.Collect$$libinit$$00000030  c_w.l(libinit2.o)
    0x0800019a   0x0800019a   0x00000000   Code   RO         2859    .ARM.Collect$$libinit$$00000032  c_w.l(libinit2.o)
    0x0800019a   0x0800019a   0x00000002   Code   RO         2860    .ARM.Collect$$libinit$$00000033  c_w.l(libinit2.o)
    0x0800019c   0x0800019c   0x00000002   Code   RO         3170    .ARM.Collect$$libshutdown$$00000000  c_w.l(libshutdown.o)
    0x0800019e   0x0800019e   0x00000000   Code   RO         3051    .ARM.Collect$$libshutdown$$00000002  c_w.l(libshutdown2.o)
    0x0800019e   0x0800019e   0x00000004   Code   RO         3052    .ARM.Collect$$libshutdown$$00000003  c_w.l(libshutdown2.o)
    0x080001a2   0x080001a2   0x00000000   Code   RO         3053    .ARM.Collect$$libshutdown$$00000004  c_w.l(libshutdown2.o)
    0x080001a2   0x080001a2   0x00000000   Code   RO         3056    .ARM.Collect$$libshutdown$$00000007  c_w.l(libshutdown2.o)
    0x080001a2   0x080001a2   0x00000000   Code   RO         3059    .ARM.Collect$$libshutdown$$0000000A  c_w.l(libshutdown2.o)
    0x080001a2   0x080001a2   0x00000000   Code   RO         3061    .ARM.Collect$$libshutdown$$0000000C  c_w.l(libshutdown2.o)
    0x080001a2   0x080001a2   0x00000000   Code   RO         3064    .ARM.Collect$$libshutdown$$0000000F  c_w.l(libshutdown2.o)
    0x080001a2   0x080001a2   0x00000002   Code   RO         3065    .ARM.Collect$$libshutdown$$00000010  c_w.l(libshutdown2.o)
    0x080001a4   0x080001a4   0x00000000   Code   RO         2752    .ARM.Collect$$rtentry$$00000000  c_w.l(__rtentry.o)
    0x080001a4   0x080001a4   0x00000000   Code   RO         2878    .ARM.Collect$$rtentry$$00000002  c_w.l(__rtentry2.o)
    0x080001a4   0x080001a4   0x00000006   Code   RO         2890    .ARM.Collect$$rtentry$$00000004  c_w.l(__rtentry4.o)
    0x080001aa   0x080001aa   0x00000000   Code   RO         2880    .ARM.Collect$$rtentry$$00000009  c_w.l(__rtentry2.o)
    0x080001aa   0x080001aa   0x00000004   Code   RO         2881    .ARM.Collect$$rtentry$$0000000A  c_w.l(__rtentry2.o)
    0x080001ae   0x080001ae   0x00000000   Code   RO         2883    .ARM.Collect$$rtentry$$0000000C  c_w.l(__rtentry2.o)
    0x080001ae   0x080001ae   0x00000008   Code   RO         2884    .ARM.Collect$$rtentry$$0000000D  c_w.l(__rtentry2.o)
    0x080001b6   0x080001b6   0x00000002   Code   RO         3078    .ARM.Collect$$rtexit$$00000000  c_w.l(rtexit.o)
    0x080001b8   0x080001b8   0x00000000   Code   RO         3121    .ARM.Collect$$rtexit$$00000002  c_w.l(rtexit2.o)
    0x080001b8   0x080001b8   0x00000004   Code   RO         3122    .ARM.Collect$$rtexit$$00000003  c_w.l(rtexit2.o)
    0x080001bc   0x080001bc   0x00000006   Code   RO         3123    .ARM.Collect$$rtexit$$00000004  c_w.l(rtexit2.o)
    0x080001c2   0x080001c2   0x00000002   PAD
    0x080001c4   0x080001c4   0x00000000   Code   RO         2899    .emb_text           c_w.l(maybetermalloc1.o)
    0x080001c4   0x080001c4   0x00000040   Code   RO            4    .text               startup_stm32f103xb.o
    0x08000204   0x08000204   0x0000005e   Code   RO         2555    .text               c_w.l(h1_alloc.o)
    0x08000262   0x08000262   0x0000004e   Code   RO         2557    .text               c_w.l(h1_free.o)
    0x080002b0   0x080002b0   0x000000b8   Code   RO         2559    .text               c_w.l(h1_realloc.o)
    0x08000368   0x08000368   0x0000001a   Code   RO         2619    .text               c_w.l(tolower.o)
    0x08000382   0x08000382   0x00000002   PAD
    0x08000384   0x08000384   0x00000018   Code   RO         2621    .text               c_w.l(__2printf.o)
    0x0800039c   0x0800039c   0x0000002c   Code   RO         2623    .text               c_w.l(__2sprintf.o)
    0x080003c8   0x080003c8   0x00000052   Code   RO         2633    .text               c_w.l(_printf_str.o)
    0x0800041a   0x0800041a   0x00000002   PAD
    0x0800041c   0x0800041c   0x00000078   Code   RO         2635    .text               c_w.l(_printf_dec.o)
    0x08000494   0x08000494   0x00000138   Code   RO         2670    .text               c_w.l(__printf_flags_wp.o)
    0x080005cc   0x080005cc   0x0000001a   Code   RO         2686    .text               c_w.l(atoi.o)
    0x080005e6   0x080005e6   0x00000024   Code   RO         2688    .text               c_w.l(strstr.o)
    0x0800060a   0x0800060a   0x0000003e   Code   RO         2692    .text               c_w.l(strlen.o)
    0x08000648   0x08000648   0x00000096   Code   RO         2694    .text               c_w.l(strncmp.o)
    0x080006de   0x080006de   0x00000018   Code   RO         2696    .text               c_w.l(strcat.o)
    0x080006f6   0x080006f6   0x00000064   Code   RO         2700    .text               c_w.l(rt_memcpy_w.o)
    0x0800075a   0x0800075a   0x0000004e   Code   RO         2702    .text               c_w.l(rt_memclr_w.o)
    0x080007a8   0x080007a8   0x00000080   Code   RO         2704    .text               c_w.l(strcmpv7m.o)
    0x08000828   0x08000828   0x00000006   Code   RO         2706    .text               c_w.l(heapauxi.o)
    0x0800082e   0x0800082e   0x00000002   PAD
    0x08000830   0x08000830   0x00000010   Code   RO         2753    .text               c_w.l(rt_ctype_table.o)
    0x08000840   0x08000840   0x00000008   Code   RO         2758    .text               c_w.l(rt_heap_descriptor_intlibspace.o)
    0x08000848   0x08000848   0x00000008   Code   RO         2763    .text               c_w.l(rt_errno_addr_intlibspace.o)
    0x08000850   0x08000850   0x00000004   Code   RO         2765    .text               c_w.l(hguard.o)
    0x08000854   0x08000854   0x0000008a   Code   RO         2767    .text               c_w.l(init_alloc.o)
    0x080008de   0x080008de   0x0000000e   Code   RO         2771    .text               c_w.l(h1_init.o)
    0x080008ec   0x080008ec   0x000000b2   Code   RO         2785    .text               c_w.l(_printf_intcommon.o)
    0x0800099e   0x0800099e   0x00000002   PAD
    0x080009a0   0x080009a0   0x00000030   Code   RO         2789    .text               c_w.l(_printf_char_common.o)
    0x080009d0   0x080009d0   0x0000000a   Code   RO         2791    .text               c_w.l(_sputc.o)
    0x080009da   0x080009da   0x0000002c   Code   RO         2793    .text               c_w.l(_printf_char.o)
    0x08000a06   0x08000a06   0x00000002   PAD
    0x08000a08   0x08000a08   0x00000024   Code   RO         2795    .text               c_w.l(_printf_char_file.o)
    0x08000a2c   0x08000a2c   0x000004f8   Code   RO         2798    .text               c_w.l(scanf_fp.o)
    0x08000f24   0x08000f24   0x00000040   Code   RO         2802    .text               c_w.l(_sgetc.o)
    0x08000f64   0x08000f64   0x000000a4   Code   RO         2804    .text               c_w.l(strtod.o)
    0x08001008   0x08001008   0x00000070   Code   RO         2806    .text               c_w.l(strtol.o)
    0x08001078   0x08001078   0x00000008   Code   RO         2874    .text               c_w.l(libspace.o)
    0x08001080   0x08001080   0x00000008   Code   RO         2895    .text               c_w.l(rt_locale_intlibspace.o)
    0x08001088   0x08001088   0x00000034   Code   RO         2901    .text               c_w.l(h1_extend.o)
    0x080010bc   0x080010bc   0x00000012   Code   RO         2907    .text               c_w.l(isspace.o)
    0x080010ce   0x080010ce   0x0000009e   Code   RO         2915    .text               c_w.l(_strtoul.o)
    0x0800116c   0x0800116c   0x000000e4   Code   RO         2917    .text               c_w.l(bigflt0.o)
    0x08001250   0x08001250   0x00000008   Code   RO         2942    .text               c_w.l(ferror.o)
    0x08001258   0x08001258   0x00000138   Code   RO         2948    .text               c_w.l(initio.o)
    0x08001390   0x08001390   0x0000000e   Code   RO         2962    .text               c_w.l(defsig_rtmem_outer.o)
    0x0800139e   0x0800139e   0x00000066   Code   RO         2995    .text               c_w.l(sys_io.o)
    0x08001404   0x08001404   0x00000002   Code   RO         3000    .text               c_w.l(use_no_semi.o)
    0x08001406   0x08001406   0x00000000   Code   RO         3002    .text               c_w.l(indicate_semi.o)
    0x08001406   0x08001406   0x0000004a   Code   RO         3003    .text               c_w.l(sys_stackheap_outer.o)
    0x08001450   0x08001450   0x00000016   Code   RO         3009    .text               c_w.l(_rserrno.o)
    0x08001466   0x08001466   0x0000001c   Code   RO         3011    .text               c_w.l(_chval.o)
    0x08001482   0x08001482   0x00000002   PAD
    0x08001484   0x08001484   0x00000320   Code   RO         3013    .text               c_w.l(scanf_hexfp.o)
    0x080017a4   0x080017a4   0x00000134   Code   RO         3015    .text               c_w.l(scanf_infnan.o)
    0x080018d8   0x080018d8   0x000001d6   Code   RO         3017    .text               c_w.l(flsbuf.o)
    0x08001aae   0x08001aae   0x00000046   Code   RO         3019    .text               c_w.l(setvbuf.o)
    0x08001af4   0x08001af4   0x000000ec   Code   RO         3022    .text               c_w.l(fopen.o)
    0x08001be0   0x08001be0   0x0000004c   Code   RO         3024    .text               c_w.l(fclose.o)
    0x08001c2c   0x08001c2c   0x00000012   Code   RO         3030    .text               c_w.l(exit.o)
    0x08001c3e   0x08001c3e   0x0000000a   Code   RO         3032    .text               c_w.l(defsig_exit.o)
    0x08001c48   0x08001c48   0x0000000e   Code   RO         3034    .text               c_w.l(defsig_rtred_outer.o)
    0x08001c56   0x08001c56   0x00000002   PAD
    0x08001c58   0x08001c58   0x00000050   Code   RO         3038    .text               c_w.l(defsig_rtmem_inner.o)
    0x08001ca8   0x08001ca8   0x0000000c   Code   RO         3076    .text               c_w.l(sys_exit.o)
    0x08001cb4   0x08001cb4   0x00000026   Code   RO         3084    .text               c_w.l(llshl.o)
    0x08001cda   0x08001cda   0x00000002   PAD
    0x08001cdc   0x08001cdc   0x000000f8   Code   RO         3088    .text               c_w.l(fseek.o)
    0x08001dd4   0x08001dd4   0x000000f0   Code   RO         3090    .text               c_w.l(stdio.o)
    0x08001ec4   0x08001ec4   0x00000032   Code   RO         3098    .text               c_w.l(defsig_general.o)
    0x08001ef6   0x08001ef6   0x00000002   PAD
    0x08001ef8   0x08001ef8   0x00000034   Code   RO         3100    .text               c_w.l(defsig_rtred_inner.o)
    0x08001f2c   0x08001f2c   0x0000000e   Code   RO         3118    .text               c_w.l(sys_wrch.o)
    0x08001f3a   0x08001f3a   0x00000042   Code   RO         3131    .text               c_w.l(ftell.o)
    0x08001f7c   0x08001f7c   0x00000338   Code   RO         2930    CL$$btod_div_common  c_w.l(btod.o)
    0x080022b4   0x080022b4   0x00000084   Code   RO         2928    CL$$btod_e2d        c_w.l(btod.o)
    0x08002338   0x08002338   0x000000dc   Code   RO         2927    CL$$btod_e2e        c_w.l(btod.o)
    0x08002414   0x08002414   0x0000002a   Code   RO         2924    CL$$btod_ediv       c_w.l(btod.o)
    0x0800243e   0x0800243e   0x0000002a   Code   RO         2926    CL$$btod_edivd      c_w.l(btod.o)
    0x08002468   0x08002468   0x0000002a   Code   RO         2923    CL$$btod_emul       c_w.l(btod.o)
    0x08002492   0x08002492   0x0000002a   Code   RO         2925    CL$$btod_emuld      c_w.l(btod.o)
    0x080024bc   0x080024bc   0x00000244   Code   RO         2929    CL$$btod_mult_common  c_w.l(btod.o)
    0x08002700   0x08002700   0x00000002   Code   RO          301    i.BusFault_Handler  stm32f1xx_it.o
    0x08002702   0x08002702   0x00000002   PAD
    0x08002704   0x08002704   0x00000028   Code   RO          202    i.ClearBufferEnd    main.o
    0x0800272c   0x0800272c   0x00000002   Code   RO          302    i.DebugMon_Handler  stm32f1xx_it.o
    0x0800272e   0x0800272e   0x00000002   PAD
    0x08002730   0x08002730   0x00000038   Code   RO           13    i.Flash_Erase       flash.o
    0x08002768   0x08002768   0x00000078   Code   RO           16    i.Flash_Read_String  flash.o
    0x080027e0   0x080027e0   0x00000050   Code   RO           20    i.Flash_Write_String  flash.o
    0x08002830   0x08002830   0x00000046   Code   RO         1916    i.HAL_DMA_Abort     stm32f1xx_hal_dma.o
    0x08002876   0x08002876   0x00000002   PAD
    0x08002878   0x08002878   0x00000098   Code   RO         1917    i.HAL_DMA_Abort_IT  stm32f1xx_hal_dma.o
    0x08002910   0x08002910   0x00000024   Code   RO         1544    i.HAL_Delay         stm32f1xx_hal.o
    0x08002934   0x08002934   0x00000014   Code   RO         2258    i.HAL_FLASH_Lock    stm32f1xx_hal_flash.o
    0x08002948   0x08002948   0x00000028   Code   RO         2265    i.HAL_FLASH_Unlock  stm32f1xx_hal_flash.o
    0x08002970   0x08002970   0x000001e0   Code   RO         1852    i.HAL_GPIO_Init     stm32f1xx_hal_gpio.o
    0x08002b50   0x08002b50   0x00000010   Code   RO         1855    i.HAL_GPIO_TogglePin  stm32f1xx_hal_gpio.o
    0x08002b60   0x08002b60   0x0000000a   Code   RO         1856    i.HAL_GPIO_WritePin  stm32f1xx_hal_gpio.o
    0x08002b6a   0x08002b6a   0x00000002   PAD
    0x08002b6c   0x08002b6c   0x0000000c   Code   RO         1548    i.HAL_GetTick       stm32f1xx_hal.o
    0x08002b78   0x08002b78   0x00000010   Code   RO         1554    i.HAL_IncTick       stm32f1xx_hal.o
    0x08002b88   0x08002b88   0x00000024   Code   RO         1555    i.HAL_Init          stm32f1xx_hal.o
    0x08002bac   0x08002bac   0x00000040   Code   RO         1556    i.HAL_InitTick      stm32f1xx_hal.o
    0x08002bec   0x08002bec   0x0000003c   Code   RO          383    i.HAL_MspInit       stm32f1xx_hal_msp.o
    0x08002c28   0x08002c28   0x0000001a   Code   RO         2012    i.HAL_NVIC_EnableIRQ  stm32f1xx_hal_cortex.o
    0x08002c42   0x08002c42   0x00000002   PAD
    0x08002c44   0x08002c44   0x00000040   Code   RO         2018    i.HAL_NVIC_SetPriority  stm32f1xx_hal_cortex.o
    0x08002c84   0x08002c84   0x00000024   Code   RO         2019    i.HAL_NVIC_SetPriorityGrouping  stm32f1xx_hal_cortex.o
    0x08002ca8   0x08002ca8   0x0000012c   Code   RO         1712    i.HAL_RCC_ClockConfig  stm32f1xx_hal_rcc.o
    0x08002dd4   0x08002dd4   0x00000020   Code   RO         1719    i.HAL_RCC_GetPCLK1Freq  stm32f1xx_hal_rcc.o
    0x08002df4   0x08002df4   0x00000020   Code   RO         1720    i.HAL_RCC_GetPCLK2Freq  stm32f1xx_hal_rcc.o
    0x08002e14   0x08002e14   0x0000006c   Code   RO         1721    i.HAL_RCC_GetSysClockFreq  stm32f1xx_hal_rcc.o
    0x08002e80   0x08002e80   0x00000320   Code   RO         1724    i.HAL_RCC_OscConfig  stm32f1xx_hal_rcc.o
    0x080031a0   0x080031a0   0x00000028   Code   RO         2023    i.HAL_SYSTICK_Config  stm32f1xx_hal_cortex.o
    0x080031c8   0x080031c8   0x00000002   Code   RO         1191    i.HAL_UARTEx_RxEventCallback  stm32f1xx_hal_uart.o
    0x080031ca   0x080031ca   0x00000002   Code   RO         1205    i.HAL_UART_ErrorCallback  stm32f1xx_hal_uart.o
    0x080031cc   0x080031cc   0x0000020c   Code   RO         1208    i.HAL_UART_IRQHandler  stm32f1xx_hal_uart.o
    0x080033d8   0x080033d8   0x00000062   Code   RO         1209    i.HAL_UART_Init     stm32f1xx_hal_uart.o
    0x0800343a   0x0800343a   0x00000002   PAD
    0x0800343c   0x0800343c   0x00000080   Code   RO          385    i.HAL_UART_MspInit  stm32f1xx_hal_msp.o
    0x080034bc   0x080034bc   0x0000002a   Code   RO         1214    i.HAL_UART_Receive_IT  stm32f1xx_hal_uart.o
    0x080034e6   0x080034e6   0x00000002   PAD
    0x080034e8   0x080034e8   0x00000038   Code   RO          204    i.HAL_UART_RxCpltCallback  main.o
    0x08003520   0x08003520   0x000000b2   Code   RO         1217    i.HAL_UART_Transmit  stm32f1xx_hal_uart.o
    0x080035d2   0x080035d2   0x00000002   Code   RO         1220    i.HAL_UART_TxCpltCallback  stm32f1xx_hal_uart.o
    0x080035d4   0x080035d4   0x00000002   Code   RO          303    i.HardFault_Handler  stm32f1xx_it.o
    0x080035d6   0x080035d6   0x00000002   PAD
    0x080035d8   0x080035d8   0x000000a8   Code   RO          205    i.MX_GPIO_Init      main.o
    0x08003680   0x08003680   0x00000002   Code   RO          304    i.MemManage_Handler  stm32f1xx_it.o
    0x08003682   0x08003682   0x00000002   Code   RO          305    i.NMI_Handler       stm32f1xx_it.o
    0x08003684   0x08003684   0x00000002   Code   RO          306    i.PendSV_Handler    stm32f1xx_it.o
    0x08003686   0x08003686   0x00000002   PAD
    0x08003688   0x08003688   0x0000002c   Code   RO          206    i.Received          main.o
    0x080036b4   0x080036b4   0x00000002   Code   RO          307    i.SVC_Handler       stm32f1xx_it.o
    0x080036b6   0x080036b6   0x00000002   PAD
    0x080036b8   0x080036b8   0x000000b8   Code   RO          207    i.SendData          main.o
    0x08003770   0x08003770   0x00000004   Code   RO          308    i.SysTick_Handler   stm32f1xx_it.o
    0x08003774   0x08003774   0x0000005e   Code   RO          208    i.SystemClock_Config  main.o
    0x080037d2   0x080037d2   0x00000002   Code   RO         2513    i.SystemInit        system_stm32f1xx.o
    0x080037d4   0x080037d4   0x00000010   Code   RO         1222    i.UART_DMAAbortOnError  stm32f1xx_hal_uart.o
    0x080037e4   0x080037e4   0x00000030   Code   RO         1232    i.UART_EndRxTransfer  stm32f1xx_hal_uart.o
    0x08003814   0x08003814   0x000000b6   Code   RO         1234    i.UART_Receive_IT   stm32f1xx_hal_uart.o
    0x080038ca   0x080038ca   0x00000002   PAD
    0x080038cc   0x080038cc   0x000000b8   Code   RO         1235    i.UART_SetConfig    stm32f1xx_hal_uart.o
    0x08003984   0x08003984   0x00000036   Code   RO         1237    i.UART_Start_Receive_IT  stm32f1xx_hal_uart.o
    0x080039ba   0x080039ba   0x00000064   Code   RO         1238    i.UART_WaitOnFlagUntilTimeout  stm32f1xx_hal_uart.o
    0x08003a1e   0x08003a1e   0x00000002   PAD
    0x08003a20   0x08003a20   0x0000000c   Code   RO          309    i.USART2_IRQHandler  stm32f1xx_it.o
    0x08003a2c   0x08003a2c   0x00000002   Code   RO          310    i.UsageFault_Handler  stm32f1xx_it.o
    0x08003a2e   0x08003a2e   0x00000002   PAD
    0x08003a30   0x08003a30   0x00000124   Code   RO          209    i.XuLyJSON          main.o
    0x08003b54   0x08003b54   0x00000020   Code   RO         2025    i.__NVIC_SetPriority  stm32f1xx_hal_cortex.o
    0x08003b74   0x08003b74   0x0000000e   Code   RO         3143    i.__mathlib_dbl_overflow  m_ws.l(dunder.o)
    0x08003b82   0x08003b82   0x00000002   PAD
    0x08003b84   0x08003b84   0x00000010   Code   RO         3145    i.__mathlib_dbl_underflow  m_ws.l(dunder.o)
    0x08003b94   0x08003b94   0x00000010   Code   RO         2989    i.__mathlib_narrow  m_ws.l(narrow.o)
    0x08003ba4   0x08003ba4   0x000000bc   Code   RO         2990    i.__mathlib_tofloat  m_ws.l(narrow.o)
    0x08003c60   0x08003c60   0x00000016   Code   RO         3107    i.__support_ldexp   m_ws.l(ldexp.o)
    0x08003c76   0x08003c76   0x0000000e   Code   RO         2668    i._is_digit         c_w.l(__printf_wp.o)
    0x08003c84   0x08003c84   0x00000030   Code   RO          418    i.buffer_skip_whitespace  cjson.o
    0x08003cb4   0x08003cb4   0x00000048   Code   RO          450    i.cJSON_Delete      cjson.o
    0x08003cfc   0x08003cfc   0x00000006   Code   RO          463    i.cJSON_GetObjectItem  cjson.o
    0x08003d02   0x08003d02   0x00000016   Code   RO          480    i.cJSON_New_Item    cjson.o
    0x08003d18   0x08003d18   0x00000008   Code   RO          481    i.cJSON_Parse       cjson.o
    0x08003d20   0x08003d20   0x000000dc   Code   RO          483    i.cJSON_ParseWithLengthOpts  cjson.o
    0x08003dfc   0x08003dfc   0x00000022   Code   RO          484    i.cJSON_ParseWithOpts  cjson.o
    0x08003e1e   0x08003e1e   0x0000001a   Code   RO         2945    i.fputc             c_w.l(fputc.o)
    0x08003e38   0x08003e38   0x00000058   Code   RO         3073    i.frexp             m_ws.l(frexp.o)
    0x08003e90   0x08003e90   0x0000007a   Code   RO          503    i.get_object_item   cjson.o
    0x08003f0a   0x08003f0a   0x00000074   Code   RO         3108    i.ldexp             m_ws.l(ldexp.o)
    0x08003f7e   0x08003f7e   0x00000002   PAD
    0x08003f80   0x08003f80   0x000000f4   Code   RO          210    i.main              main.o
    0x08004074   0x08004074   0x000000d0   Code   RO          505    i.parse_array       cjson.o
    0x08004144   0x08004144   0x00000040   Code   RO          506    i.parse_hex4        cjson.o
    0x08004184   0x08004184   0x000000f0   Code   RO          507    i.parse_number      cjson.o
    0x08004274   0x08004274   0x0000010a   Code   RO          508    i.parse_object      cjson.o
    0x0800437e   0x0800437e   0x0000010c   Code   RO          509    i.parse_string      cjson.o
    0x0800448a   0x0800448a   0x00000002   PAD
    0x0800448c   0x0800448c   0x000000fc   Code   RO          510    i.parse_value       cjson.o
    0x08004588   0x08004588   0x0000001c   Code   RO         2747    i.strtod            m_ws.l(strtod.o)
    0x080045a4   0x080045a4   0x000000d2   Code   RO          519    i.utf16_literal_to_utf8  cjson.o
    0x08004676   0x08004676   0x00000002   PAD
    0x08004678   0x08004678   0x0000002c   Code   RO         2957    locale$$code        c_w.l(lc_ctype_c.o)
    0x080046a4   0x080046a4   0x0000002c   Code   RO         2960    locale$$code        c_w.l(lc_numeric_c.o)
    0x080046d0   0x080046d0   0x00000062   Code   RO         3068    x$fpl$d2f           fz_ws.l(d2f.o)
    0x08004732   0x08004732   0x00000002   PAD
    0x08004734   0x08004734   0x00000010   Code   RO         2861    x$fpl$dcheck1       fz_ws.l(dcheck1.o)
    0x08004744   0x08004744   0x00000018   Code   RO         2863    x$fpl$dcmpinf       fz_ws.l(dcmpi.o)
    0x0800475c   0x0800475c   0x00000078   Code   RO         2716    x$fpl$deqf          fz_ws.l(deqf.o)
    0x080047d4   0x080047d4   0x0000005e   Code   RO         2718    x$fpl$dfix          fz_ws.l(dfix.o)
    0x08004832   0x08004832   0x00000002   PAD
    0x08004834   0x08004834   0x00000078   Code   RO         2728    x$fpl$dleqf         fz_ws.l(dleqf.o)
    0x080048ac   0x080048ac   0x0000009c   Code   RO         2865    x$fpl$dnaninf       fz_ws.l(dnaninf.o)
    0x08004948   0x08004948   0x0000006c   Code   RO         2730    x$fpl$drleqf        fz_ws.l(drleqf.o)
    0x080049b4   0x080049b4   0x0000000a   Code   RO         3104    x$fpl$fretinf       fz_ws.l(fretinf.o)
    0x080049be   0x080049be   0x00000006   Code   RO         2977    x$fpl$ieeestatus    fz_ws.l(istatus.o)
    0x080049c4   0x080049c4   0x00000064   Code   RO         2979    x$fpl$retnan        fz_ws.l(retnan.o)
    0x08004a28   0x08004a28   0x0000005c   Code   RO         2742    x$fpl$scalbn        fz_ws.l(scalbn.o)
    0x08004a84   0x08004a84   0x00000004   Code   RO         2744    x$fpl$scanf1        fz_ws.l(scanf1.o)
    0x08004a88   0x08004a88   0x00000008   Code   RO         2981    x$fpl$scanf2        fz_ws.l(scanf2.o)
    0x08004a90   0x08004a90   0x00000030   Code   RO         3070    x$fpl$trapveneer    fz_ws.l(trapv.o)
    0x08004ac0   0x08004ac0   0x00000000   Code   RO         2871    x$fpl$usenofp       fz_ws.l(usenofp.o)
    0x08004ac0   0x08004ac0   0x00000010   Data   RO         2514    .constdata          system_stm32f1xx.o
    0x08004ad0   0x08004ad0   0x00000008   Data   RO         2515    .constdata          system_stm32f1xx.o
    0x08004ad8   0x08004ad8   0x00000011   Data   RO         2671    .constdata          c_w.l(__printf_flags_wp.o)
    0x08004ae9   0x08004ae9   0x00000003   PAD
    0x08004aec   0x08004aec   0x00000094   Data   RO         2918    .constdata          c_w.l(bigflt0.o)
    0x08004b80   0x08004b80   0x00000004   Data   RO         2996    .constdata          c_w.l(sys_io.o)
    0x08004b84   0x08004b84   0x00000004   Data   RO         2997    .constdata          c_w.l(sys_io.o)
    0x08004b88   0x08004b88   0x00000004   Data   RO         2998    .constdata          c_w.l(sys_io.o)
    0x08004b8c   0x08004b8c   0x00000020   Data   RO         3177    Region$$Table       anon$$obj.o
    0x08004bac   0x08004bac   0x00000008   Data   RO         2971    c$$dinf             fz_ws.l(fpconst.o)
    0x08004bb4   0x08004bb4   0x00000008   Data   RO         2974    c$$dmax             fz_ws.l(fpconst.o)
    0x08004bbc   0x08004bbc   0x00000110   Data   RO         2956    locale$$data        c_w.l(lc_ctype_c.o)
    0x08004ccc   0x08004ccc   0x0000001c   Data   RO         2959    locale$$data        c_w.l(lc_numeric_c.o)


    Execution Region RW_IRAM1 (Exec base: 0x20000000, Load base: 0x08004ce8, Size: 0x000009f0, Max: 0x00005000, ABSOLUTE)

    Exec Addr    Load Addr    Size         Type   Attr      Idx    E Section Name        Object

    0x20000000   0x08004ce8   0x00000028   Data   RW          212    .data               main.o
    0x20000028   0x08004d10   0x00000014   Data   RW          521    .data               cjson.o
    0x2000003c   0x08004d24   0x0000000c   Data   RW         1562    .data               stm32f1xx_hal.o
    0x20000048   0x08004d30   0x00000004   Data   RW         2516    .data               system_stm32f1xx.o
    0x2000004c   0x08004d34   0x00000004   Data   RW         2811    .data               c_w.l(stdio_streams.o)
    0x20000050   0x08004d38   0x00000004   Data   RW         2812    .data               c_w.l(stdio_streams.o)
    0x20000054   0x08004d3c   0x00000004   Data   RW         2813    .data               c_w.l(stdio_streams.o)
    0x20000058        -       0x00000238   Zero   RW          211    .bss                main.o
    0x20000290        -       0x00000054   Zero   RW         2808    .bss                c_w.l(stdio_streams.o)
    0x200002e4        -       0x00000054   Zero   RW         2809    .bss                c_w.l(stdio_streams.o)
    0x20000338        -       0x00000054   Zero   RW         2810    .bss                c_w.l(stdio_streams.o)
    0x2000038c        -       0x00000060   Zero   RW         2875    .bss                c_w.l(libspace.o)
    0x200003ec   0x08004d40   0x00000004   PAD
    0x200003f0        -       0x00000200   Zero   RW            2    HEAP                startup_stm32f103xb.o
    0x200005f0        -       0x00000400   Zero   RW            1    STACK               startup_stm32f103xb.o


==============================================================================

Image component sizes


      Code (inc. data)   RO Data    RW Data    ZI Data      Debug   Object Name

      2040         64          0         20          0      18776   cjson.o
       256         22          0          0          0     398816   flash.o
      1122        252          0         40        568       8196   main.o
        64         26        236          0       1536        828   startup_stm32f103xb.o
       164         28          0         12          0       6049   stm32f1xx_hal.o
       198         14          0          0          0      29063   stm32f1xx_hal_cortex.o
       222          4          0          0          0       1823   stm32f1xx_hal_dma.o
        60         18          0          0          0       1156   stm32f1xx_hal_flash.o
       506         34          0          0          0       3569   stm32f1xx_hal_gpio.o
       188         22          0          0          0       1625   stm32f1xx_hal_msp.o
      1272        100          0          0          0       5300   stm32f1xx_hal_rcc.o
      1432         10          0          0          0      10772   stm32f1xx_hal_uart.o
        32          6          0          0          0       4486   stm32f1xx_it.o
         2          0         24          4          0       1167   system_stm32f1xx.o

    ----------------------------------------------------------------------
      7588        600        292         76       2104     491626   Object Totals
         0          0         32          0          0          0   (incl. Generated)
        30          0          0          0          0          0   (incl. Padding)

    ----------------------------------------------------------------------

      Code (inc. data)   RO Data    RW Data    ZI Data      Debug   Library Member Name

        24          4          0          0          0         84   __2printf.o
        44          6          0          0          0         84   __2sprintf.o
         8          0          0          0          0         68   __main.o
       312          4         17          0          0         92   __printf_flags_wp.o
        14          0          0          0          0         68   __printf_wp.o
         0          0          0          0          0          0   __rtentry.o
        12          0          0          0          0          0   __rtentry2.o
         6          0          0          0          0          0   __rtentry4.o
        52          8          0          0          0          0   __scatter.o
        26          0          0          0          0          0   __scatter_copy.o
        28          0          0          0          0          0   __scatter_zi.o
        28          0          0          0          0         68   _chval.o
        44          0          0          0          0        108   _printf_char.o
        48          6          0          0          0         96   _printf_char_common.o
        36          4          0          0          0         80   _printf_char_file.o
         6          0          0          0          0          0   _printf_d.o
       120         16          0          0          0         92   _printf_dec.o
       178          0          0          0          0         88   _printf_intcommon.o
         0          0          0          0          0          0   _printf_percent.o
         4          0          0          0          0          0   _printf_percent_end.o
         6          0          0          0          0          0   _printf_s.o
        82          0          0          0          0         80   _printf_str.o
        22          0          0          0          0        100   _rserrno.o
        64          0          0          0          0         84   _sgetc.o
        10          0          0          0          0         68   _sputc.o
       158          0          0          0          0         92   _strtoul.o
        26          0          0          0          0         80   atoi.o
       228          4        148          0          0         96   bigflt0.o
      1924        136          0          0          0        756   btod.o
        10          0          0          0          0         68   defsig_exit.o
        50          0          0          0          0         88   defsig_general.o
        80         58          0          0          0         76   defsig_rtmem_inner.o
        14          0          0          0          0         80   defsig_rtmem_outer.o
        52         38          0          0          0         76   defsig_rtred_inner.o
        14          0          0          0          0         80   defsig_rtred_outer.o
        18          0          0          0          0         80   exit.o
        76          0          0          0          0         88   fclose.o
         8          0          0          0          0         68   ferror.o
       470          0          0          0          0         88   flsbuf.o
       236          4          0          0          0        128   fopen.o
        26          0          0          0          0         68   fputc.o
       248          6          0          0          0         84   fseek.o
        66          0          0          0          0         76   ftell.o
        94          0          0          0          0         80   h1_alloc.o
        52          0          0          0          0         68   h1_extend.o
        78          0          0          0          0         80   h1_free.o
        14          0          0          0          0         84   h1_init.o
       184          0          0          0          0         92   h1_realloc.o
         6          0          0          0          0        152   heapauxi.o
         4          0          0          0          0        136   hguard.o
         0          0          0          0          0          0   indicate_semi.o
       138          0          0          0          0        168   init_alloc.o
       312         46          0          0          0        112   initio.o
        18          0          0          0          0         76   isspace.o
        44         10        272          0          0         76   lc_ctype_c.o
        44         10         28          0          0         76   lc_numeric_c.o
         2          0          0          0          0          0   libinit.o
        42          0          0          0          0          0   libinit2.o
         2          0          0          0          0          0   libshutdown.o
         6          0          0          0          0          0   libshutdown2.o
         8          4          0          0         96         68   libspace.o
        38          0          0          0          0         68   llshl.o
         0          0          0          0          0          0   maybetermalloc1.o
        16          4          0          0          0         76   rt_ctype_table.o
         8          4          0          0          0         68   rt_errno_addr_intlibspace.o
         8          4          0          0          0         68   rt_heap_descriptor_intlibspace.o
         8          4          0          0          0         68   rt_locale_intlibspace.o
        78          0          0          0          0         80   rt_memclr_w.o
       100          0          0          0          0         80   rt_memcpy_w.o
         2          0          0          0          0          0   rtexit.o
        10          0          0          0          0          0   rtexit2.o
      1272         16          0          0          0        168   scanf_fp.o
       800         14          0          0          0        100   scanf_hexfp.o
       308         16          0          0          0        100   scanf_infnan.o
        70          0          0          0          0         80   setvbuf.o
       240          6          0          0          0        156   stdio.o
         0          0          0         12        252          0   stdio_streams.o
        24          0          0          0          0         68   strcat.o
       128          0          0          0          0         68   strcmpv7m.o
        62          0          0          0          0         76   strlen.o
       150          0          0          0          0         80   strncmp.o
        36          0          0          0          0         80   strstr.o
       164         14          0          0          0        120   strtod.o
       112          0          0          0          0         88   strtol.o
        12          4          0          0          0         68   sys_exit.o
       102          0         12          0          0        240   sys_io.o
        74          0          0          0          0         80   sys_stackheap_outer.o
        14          0          0          0          0         76   sys_wrch.o
        26          0          0          0          0         76   tolower.o
         2          0          0          0          0         68   use_no_semi.o
        98          4          0          0          0         92   d2f.o
        16          4          0          0          0         68   dcheck1.o
        24          0          0          0          0         68   dcmpi.o
       120          4          0          0          0         92   deqf.o
        94          4          0          0          0         92   dfix.o
       120          4          0          0          0         92   dleqf.o
       156          4          0          0          0         92   dnaninf.o
       108          0          0          0          0         80   drleqf.o
         0          0         16          0          0          0   fpconst.o
        10          0          0          0          0         68   fretinf.o
         6          0          0          0          0         68   istatus.o
       100          0          0          0          0         68   retnan.o
        92          0          0          0          0         68   scalbn.o
         4          0          0          0          0         68   scanf1.o
         8          0          0          0          0         84   scanf2.o
        48          0          0          0          0         68   trapv.o
         0          0          0          0          0          0   usenofp.o
        30          6          0          0          0        136   dunder.o
        88          8          0          0          0         76   frexp.o
       138          0          0          0          0        160   ldexp.o
       204          4          0          0          0        168   narrow.o
        28          0          0          0          0         80   strtod.o

    ----------------------------------------------------------------------
     11312        492        496         12        352       8788   Library Totals
        30          0          3          0          4          0   (incl. Padding)

    ----------------------------------------------------------------------

      Code (inc. data)   RO Data    RW Data    ZI Data      Debug   Library Name

      9790        450        477         12        348       7000   c_w.l
      1004         24         16          0          0       1168   fz_ws.l
       488         18          0          0          0        620   m_ws.l

    ----------------------------------------------------------------------
     11312        492        496         12        352       8788   Library Totals

    ----------------------------------------------------------------------

==============================================================================


      Code (inc. data)   RO Data    RW Data    ZI Data      Debug   

     18900       1092        788         88       2456     491726   Grand Totals
     18900       1092        788         88       2456     491726   ELF Image Totals
     18900       1092        788         88          0          0   ROM Totals

==============================================================================

    Total RO  Size (Code + RO Data)                19688 (  19.23kB)
    Total RW  Size (RW Data + ZI Data)              2544 (   2.48kB)
    Total ROM Size (Code + RO Data + RW Data)      19776 (  19.31kB)

==============================================================================

